<!doctype html public "-//w3c//dtd html 4.0 transitional//en">
<html><head>
<title>Static Call Graph - [.\_build\nrf52832_xxaa.axf]</title></head>
<body><HR>
<H1>Static Call Graph for image .\_build\nrf52832_xxaa.axf</H1><HR>
<BR><P>#&#060CALLGRAPH&#062# ARM Linker, 5060020: Last Updated: Tue Apr 26 20:11:42 2016
<BR><P>
<H3>Maximum Stack Usage =        584 bytes + Unknown(Cycles, Untraceable Function Pointers)</H3><H3>
Call chain for Maximum Stack Depth:</H3>
main &rArr; ble_advertising_start &rArr; ble_advdata_set &rArr; adv_data_encode &rArr; uuid_list_encode &rArr; uuid_list_sized_encode &rArr; sd_ble_uuid_encode &rArr; ser_sd_transport_cmd_write &rArr; ser_hal_transport_tx_pkt_send &rArr; ser_phy_tx_pkt_send &rArr; ser_phy_uart_tx &rArr; app_uart_put &rArr; nrf_drv_uart_tx &rArr; nrf_drv_uart_tx_for_uart
<P>
<H3>
Mutually Recursive functions
</H3> <LI><a href="#[1]">NMI_Handler</a>&nbsp;&nbsp;&nbsp;&rArr;&nbsp;&nbsp;&nbsp;<a href="#[1]">NMI_Handler</a><BR>
 <LI><a href="#[2]">HardFault_Handler</a>&nbsp;&nbsp;&nbsp;&rArr;&nbsp;&nbsp;&nbsp;<a href="#[2]">HardFault_Handler</a><BR>
 <LI><a href="#[3]">MemoryManagement_Handler</a>&nbsp;&nbsp;&nbsp;&rArr;&nbsp;&nbsp;&nbsp;<a href="#[3]">MemoryManagement_Handler</a><BR>
 <LI><a href="#[4]">BusFault_Handler</a>&nbsp;&nbsp;&nbsp;&rArr;&nbsp;&nbsp;&nbsp;<a href="#[4]">BusFault_Handler</a><BR>
 <LI><a href="#[5]">UsageFault_Handler</a>&nbsp;&nbsp;&nbsp;&rArr;&nbsp;&nbsp;&nbsp;<a href="#[5]">UsageFault_Handler</a><BR>
 <LI><a href="#[6]">SVC_Handler</a>&nbsp;&nbsp;&nbsp;&rArr;&nbsp;&nbsp;&nbsp;<a href="#[6]">SVC_Handler</a><BR>
 <LI><a href="#[7]">DebugMonitor_Handler</a>&nbsp;&nbsp;&nbsp;&rArr;&nbsp;&nbsp;&nbsp;<a href="#[7]">DebugMonitor_Handler</a><BR>
 <LI><a href="#[8]">PendSV_Handler</a>&nbsp;&nbsp;&nbsp;&rArr;&nbsp;&nbsp;&nbsp;<a href="#[8]">PendSV_Handler</a><BR>
 <LI><a href="#[9]">SysTick_Handler</a>&nbsp;&nbsp;&nbsp;&rArr;&nbsp;&nbsp;&nbsp;<a href="#[9]">SysTick_Handler</a><BR>
 <LI><a href="#[19]">CCM_AAR_IRQHandler</a>&nbsp;&nbsp;&nbsp;&rArr;&nbsp;&nbsp;&nbsp;<a href="#[19]">CCM_AAR_IRQHandler</a><BR>
 <LI><a href="#[92]">__asm___11_app_timer_c_cd27f9c3__nrf_delay_us</a>&nbsp;&nbsp;&nbsp;&rArr;&nbsp;&nbsp;&nbsp;<a href="#[92]">__asm___11_app_timer_c_cd27f9c3__nrf_delay_us</a><BR>
 <LI><a href="#[91]">__asm___11_nrf_delay_c_532987f3__nrf_delay_us</a>&nbsp;&nbsp;&nbsp;&rArr;&nbsp;&nbsp;&nbsp;<a href="#[91]">__asm___11_nrf_delay_c_532987f3__nrf_delay_us</a><BR>
</UL>
<P>
<H3>
Function Pointers
</H3><UL>
 <LI><a href="#[4]">BusFault_Handler</a> from arm_startup_nrf52.o(.text) referenced from arm_startup_nrf52.o(RESET)
 <LI><a href="#[19]">CCM_AAR_IRQHandler</a> from arm_startup_nrf52.o(.text) referenced from arm_startup_nrf52.o(RESET)
 <LI><a href="#[1d]">COMP_LPCOMP_IRQHandler</a> from arm_startup_nrf52.o(.text) referenced from arm_startup_nrf52.o(RESET)
 <LI><a href="#[7]">DebugMonitor_Handler</a> from arm_startup_nrf52.o(.text) referenced from arm_startup_nrf52.o(RESET)
 <LI><a href="#[18]">ECB_IRQHandler</a> from arm_startup_nrf52.o(.text) referenced from arm_startup_nrf52.o(RESET)
 <LI><a href="#[2e]">FPU_IRQHandler</a> from arm_startup_nrf52.o(.text) referenced from arm_startup_nrf52.o(RESET)
 <LI><a href="#[10]">GPIOTE_IRQHandler</a> from nrf_drv_gpiote.o(i.GPIOTE_IRQHandler) referenced from arm_startup_nrf52.o(RESET)
 <LI><a href="#[2]">HardFault_Handler</a> from arm_startup_nrf52.o(.text) referenced from arm_startup_nrf52.o(RESET)
 <LI><a href="#[2d]">I2S_IRQHandler</a> from arm_startup_nrf52.o(.text) referenced from arm_startup_nrf52.o(RESET)
 <LI><a href="#[28]">MWU_IRQHandler</a> from arm_startup_nrf52.o(.text) referenced from arm_startup_nrf52.o(RESET)
 <LI><a href="#[3]">MemoryManagement_Handler</a> from arm_startup_nrf52.o(.text) referenced from arm_startup_nrf52.o(RESET)
 <LI><a href="#[f]">NFCT_IRQHandler</a> from arm_startup_nrf52.o(.text) referenced from arm_startup_nrf52.o(RESET)
 <LI><a href="#[1]">NMI_Handler</a> from arm_startup_nrf52.o(.text) referenced from arm_startup_nrf52.o(RESET)
 <LI><a href="#[27]">PDM_IRQHandler</a> from arm_startup_nrf52.o(.text) referenced from arm_startup_nrf52.o(RESET)
 <LI><a href="#[a]">POWER_CLOCK_IRQHandler</a> from arm_startup_nrf52.o(.text) referenced from arm_startup_nrf52.o(RESET)
 <LI><a href="#[26]">PWM0_IRQHandler</a> from arm_startup_nrf52.o(.text) referenced from arm_startup_nrf52.o(RESET)
 <LI><a href="#[29]">PWM1_IRQHandler</a> from arm_startup_nrf52.o(.text) referenced from arm_startup_nrf52.o(RESET)
 <LI><a href="#[2a]">PWM2_IRQHandler</a> from arm_startup_nrf52.o(.text) referenced from arm_startup_nrf52.o(RESET)
 <LI><a href="#[8]">PendSV_Handler</a> from arm_startup_nrf52.o(.text) referenced from arm_startup_nrf52.o(RESET)
 <LI><a href="#[1c]">QDEC_IRQHandler</a> from arm_startup_nrf52.o(.text) referenced from arm_startup_nrf52.o(RESET)
 <LI><a href="#[b]">RADIO_IRQHandler</a> from arm_startup_nrf52.o(.text) referenced from arm_startup_nrf52.o(RESET)
 <LI><a href="#[17]">RNG_IRQHandler</a> from arm_startup_nrf52.o(.text) referenced from arm_startup_nrf52.o(RESET)
 <LI><a href="#[15]">RTC0_IRQHandler</a> from arm_startup_nrf52.o(.text) referenced from arm_startup_nrf52.o(RESET)
 <LI><a href="#[1b]">RTC1_IRQHandler</a> from app_timer.o(i.RTC1_IRQHandler) referenced from arm_startup_nrf52.o(RESET)
 <LI><a href="#[2c]">RTC2_IRQHandler</a> from arm_startup_nrf52.o(.text) referenced from arm_startup_nrf52.o(RESET)
 <LI><a href="#[0]">Reset_Handler</a> from arm_startup_nrf52.o(.text) referenced from arm_startup_nrf52.o(RESET)
 <LI><a href="#[11]">SAADC_IRQHandler</a> from arm_startup_nrf52.o(.text) referenced from arm_startup_nrf52.o(RESET)
 <LI><a href="#[d]">SPIM0_SPIS0_TWIM0_TWIS0_SPI0_TWI0_IRQHandler</a> from arm_startup_nrf52.o(.text) referenced from arm_startup_nrf52.o(RESET)
 <LI><a href="#[e]">SPIM1_SPIS1_TWIM1_TWIS1_SPI1_TWI1_IRQHandler</a> from arm_startup_nrf52.o(.text) referenced from arm_startup_nrf52.o(RESET)
 <LI><a href="#[2b]">SPIM2_SPIS2_SPI2_IRQHandler</a> from arm_startup_nrf52.o(.text) referenced from arm_startup_nrf52.o(RESET)
 <LI><a href="#[6]">SVC_Handler</a> from arm_startup_nrf52.o(.text) referenced from arm_startup_nrf52.o(RESET)
 <LI><a href="#[1e]">SWI0_EGU0_IRQHandler</a> from app_timer.o(i.SWI0_EGU0_IRQHandler) referenced from arm_startup_nrf52.o(RESET)
 <LI><a href="#[1f]">SWI1_EGU1_IRQHandler</a> from arm_startup_nrf52.o(.text) referenced from arm_startup_nrf52.o(RESET)
 <LI><a href="#[20]">SWI2_EGU2_IRQHandler</a> from softdevice_handler.o(i.SWI2_EGU2_IRQHandler) referenced from arm_startup_nrf52.o(RESET)
 <LI><a href="#[21]">SWI3_EGU3_IRQHandler</a> from arm_startup_nrf52.o(.text) referenced from arm_startup_nrf52.o(RESET)
 <LI><a href="#[22]">SWI4_EGU4_IRQHandler</a> from arm_startup_nrf52.o(.text) referenced from arm_startup_nrf52.o(RESET)
 <LI><a href="#[23]">SWI5_EGU5_IRQHandler</a> from arm_startup_nrf52.o(.text) referenced from arm_startup_nrf52.o(RESET)
 <LI><a href="#[9]">SysTick_Handler</a> from arm_startup_nrf52.o(.text) referenced from arm_startup_nrf52.o(RESET)
 <LI><a href="#[30]">SystemInit</a> from system_nrf52.o(i.SystemInit) referenced from arm_startup_nrf52.o(.text)
 <LI><a href="#[16]">TEMP_IRQHandler</a> from arm_startup_nrf52.o(.text) referenced from arm_startup_nrf52.o(RESET)
 <LI><a href="#[12]">TIMER0_IRQHandler</a> from arm_startup_nrf52.o(.text) referenced from arm_startup_nrf52.o(RESET)
 <LI><a href="#[13]">TIMER1_IRQHandler</a> from arm_startup_nrf52.o(.text) referenced from arm_startup_nrf52.o(RESET)
 <LI><a href="#[14]">TIMER2_IRQHandler</a> from arm_startup_nrf52.o(.text) referenced from arm_startup_nrf52.o(RESET)
 <LI><a href="#[24]">TIMER3_IRQHandler</a> from arm_startup_nrf52.o(.text) referenced from arm_startup_nrf52.o(RESET)
 <LI><a href="#[25]">TIMER4_IRQHandler</a> from arm_startup_nrf52.o(.text) referenced from arm_startup_nrf52.o(RESET)
 <LI><a href="#[c]">UARTE0_UART0_IRQHandler</a> from nrf_drv_uart.o(i.UARTE0_UART0_IRQHandler) referenced from arm_startup_nrf52.o(RESET)
 <LI><a href="#[5]">UsageFault_Handler</a> from arm_startup_nrf52.o(.text) referenced from arm_startup_nrf52.o(RESET)
 <LI><a href="#[1a]">WDT_IRQHandler</a> from arm_startup_nrf52.o(.text) referenced from arm_startup_nrf52.o(RESET)
 <LI><a href="#[31]">__main</a> from entry.o(.ARM.Collect$$$$00000000) referenced from arm_startup_nrf52.o(.text)
 <LI><a href="#[54]">alert_timer_handler</a> from bsp.o(i.alert_timer_handler) referenced from bsp.o(i.bsp_init)
 <LI><a href="#[7e]">battery_level_meas_timeout_handler</a> from main.o(i.battery_level_meas_timeout_handler) referenced from main.o(i.timers_init)
 <LI><a href="#[35]">ble_conn_bw_counts_t_enc</a> from ble_struct_serialization.o(i.ble_conn_bw_counts_t_enc) referenced from ble_struct_serialization.o(i.ble_common_enable_params_t_enc)
 <LI><a href="#[37]">ble_enable_params_t_enc</a> from ble_struct_serialization.o(i.ble_enable_params_t_enc) referenced from ble_enable.o(i.ble_enable_req_enc)
 <LI><a href="#[50]">ble_evt_dispatch</a> from main.o(i.ble_evt_dispatch) referenced from main.o(i.ble_stack_init)
 <LI><a href="#[38]">ble_gap_addr_enc</a> from ble_gap_struct_serialization.o(i.ble_gap_addr_enc) referenced from ble_gap_adv_start.o(i.ble_gap_adv_start_req_enc)
 <LI><a href="#[38]">ble_gap_addr_enc</a> from ble_gap_struct_serialization.o(i.ble_gap_addr_enc) referenced from ble_gap_struct_serialization.o(i.ble_gap_whitelist_t_enc)
 <LI><a href="#[3c]">ble_gap_enc_key_t_dec</a> from ble_gap_struct_serialization.o(i.ble_gap_enc_key_t_dec) referenced from ble_gap_struct_serialization.o(i.ble_gap_sec_keys_dec)
 <LI><a href="#[3f]">ble_gap_enc_key_t_enc</a> from ble_gap_struct_serialization.o(i.ble_gap_enc_key_t_enc) referenced from ble_gap_struct_serialization.o(i.ble_gap_sec_keys_enc)
 <LI><a href="#[3d]">ble_gap_id_key_t_dec</a> from ble_gap_struct_serialization.o(i.ble_gap_id_key_t_dec) referenced from ble_gap_struct_serialization.o(i.ble_gap_sec_keys_dec)
 <LI><a href="#[40]">ble_gap_id_key_t_enc</a> from ble_gap_struct_serialization.o(i.ble_gap_id_key_t_enc) referenced from ble_gap_struct_serialization.o(i.ble_gap_sec_keys_enc)
 <LI><a href="#[3b]">ble_gap_irk_enc</a> from ble_gap_struct_serialization.o(i.ble_gap_irk_enc) referenced from ble_gap_sec_info_reply.o(i.ble_gap_sec_info_reply_req_enc)
 <LI><a href="#[3b]">ble_gap_irk_enc</a> from ble_gap_struct_serialization.o(i.ble_gap_irk_enc) referenced from ble_gap_struct_serialization.o(i.ble_gap_whitelist_t_enc)
 <LI><a href="#[3a]">ble_gap_lesc_p256_pk_t_dec</a> from ble_gap_struct_serialization.o(i.ble_gap_lesc_p256_pk_t_dec) referenced from ble_gap_evt_lesc_dhkey_request.o(i.ble_gap_evt_lesc_dhkey_request_dec)
 <LI><a href="#[3a]">ble_gap_lesc_p256_pk_t_dec</a> from ble_gap_struct_serialization.o(i.ble_gap_lesc_p256_pk_t_dec) referenced from ble_gap_struct_serialization.o(i.ble_gap_sec_keys_dec)
 <LI><a href="#[42]">ble_gap_lesc_p256_pk_t_enc</a> from ble_gap_struct_serialization.o(i.ble_gap_lesc_p256_pk_t_enc) referenced from ble_gap_struct_serialization.o(i.ble_gap_sec_keys_enc)
 <LI><a href="#[45]">ble_gap_sec_keyset_t_dec</a> from ble_gap_struct_serialization.o(i.ble_gap_sec_keyset_t_dec) referenced from ble_gap_sec_params_reply.o(i.ble_gap_sec_params_reply_rsp_dec)
 <LI><a href="#[44]">ble_gap_sec_keyset_t_enc</a> from ble_gap_struct_serialization.o(i.ble_gap_sec_keyset_t_enc) referenced from ble_gap_sec_params_reply.o(i.ble_gap_sec_params_reply_req_enc)
 <LI><a href="#[43]">ble_gap_sec_params_t_enc</a> from ble_gap_struct_serialization.o(i.ble_gap_sec_params_t_enc) referenced from ble_gap_sec_params_reply.o(i.ble_gap_sec_params_reply_req_enc)
 <LI><a href="#[3e]">ble_gap_sign_info_dec</a> from ble_gap_struct_serialization.o(i.ble_gap_sign_info_dec) referenced from ble_gap_struct_serialization.o(i.ble_gap_sec_keys_dec)
 <LI><a href="#[41]">ble_gap_sign_info_enc</a> from ble_gap_struct_serialization.o(i.ble_gap_sign_info_enc) referenced from ble_gap_struct_serialization.o(i.ble_gap_sec_keys_enc)
 <LI><a href="#[39]">ble_gap_whitelist_t_enc</a> from ble_gap_struct_serialization.o(i.ble_gap_whitelist_t_enc) referenced from ble_gap_adv_start.o(i.ble_gap_adv_start_req_enc)
 <LI><a href="#[46]">ble_gattc_attr_info_t_128_dec</a> from ble_gattc_struct_serialization.o(i.ble_gattc_attr_info_t_128_dec) referenced from ble_gattc_struct_serialization.o(i.ble_gattc_evt_attr_info_disc_rsp_t_dec)
 <LI><a href="#[47]">ble_gattc_attr_info_t_16_dec</a> from ble_gattc_struct_serialization.o(i.ble_gattc_attr_info_t_16_dec) referenced from ble_gattc_struct_serialization.o(i.ble_gattc_evt_attr_info_disc_rsp_t_dec)
 <LI><a href="#[4c]">ble_gatts_attr_enc</a> from ble_gatts_struct_serialization.o(i.ble_gatts_attr_enc) referenced from ble_gatts_characteristic_add.o(i.ble_gatts_characteristic_add_req_enc)
 <LI><a href="#[4c]">ble_gatts_attr_enc</a> from ble_gatts_struct_serialization.o(i.ble_gatts_attr_enc) referenced from ble_gatts_descriptor_add.o(i.ble_gatts_descriptor_add_req_enc)
 <LI><a href="#[49]">ble_gatts_attr_md_enc</a> from ble_gatts_struct_serialization.o(i.ble_gatts_attr_md_enc) referenced from ble_gatts_struct_serialization.o(i.ble_gatts_attr_enc)
 <LI><a href="#[49]">ble_gatts_attr_md_enc</a> from ble_gatts_struct_serialization.o(i.ble_gatts_attr_md_enc) referenced from ble_gatts_struct_serialization.o(i.ble_gatts_char_md_enc)
 <LI><a href="#[4d]">ble_gatts_char_handles_dec</a> from ble_gatts_struct_serialization.o(i.ble_gatts_char_handles_dec) referenced from ble_gatts_characteristic_add.o(i.ble_gatts_characteristic_add_rsp_dec)
 <LI><a href="#[4b]">ble_gatts_char_md_enc</a> from ble_gatts_struct_serialization.o(i.ble_gatts_char_md_enc) referenced from ble_gatts_characteristic_add.o(i.ble_gatts_characteristic_add_req_enc)
 <LI><a href="#[4f]">ble_gatts_value_t_enc</a> from ble_gatts_struct_serialization.o(i.ble_gatts_value_t_enc) referenced from ble_gatts_value_set.o(i.ble_gatts_value_set_req_enc)
 <LI><a href="#[48]">ble_uuid_t_enc</a> from ble_struct_serialization.o(i.ble_uuid_t_enc) referenced from ble_gatts_struct_serialization.o(i.ble_gatts_attr_enc)
 <LI><a href="#[82]">bsp_button_event_handler</a> from bsp.o(i.bsp_button_event_handler) referenced 4 times from bsp.o(.constdata)
 <LI><a href="#[5a]">bsp_event_handler</a> from main.o(i.bsp_event_handler) referenced from main.o(i.main)
 <LI><a href="#[52]">button_timer_handler</a> from bsp.o(i.button_timer_handler) referenced from bsp.o(i.bsp_init)
 <LI><a href="#[5d]">conn_params_error_handler</a> from main.o(i.conn_params_error_handler) referenced from main.o(i.main)
 <LI><a href="#[33]">detection_delay_timeout_handler</a> from app_button.o(i.detection_delay_timeout_handler) referenced from app_button.o(i.app_button_init)
 <LI><a href="#[58]">device_manager_evt_handler</a> from main.o(i.device_manager_evt_handler) referenced from main.o(i.device_manager_init)
 <LI><a href="#[59]">dm_pstorage_cb_handler</a> from device_manager_peripheral.o(i.dm_pstorage_cb_handler) referenced from device_manager_peripheral.o(i.dm_init)
 <LI><a href="#[5e]">enable_rsp_dec</a> from app_mw_ble.o(i.enable_rsp_dec) referenced from app_mw_ble.o(i.sd_ble_enable)
 <LI><a href="#[5f]">gap_address_get_rsp_dec</a> from app_mw_ble_gap.o(i.gap_address_get_rsp_dec) referenced from app_mw_ble_gap.o(i.sd_ble_gap_address_get)
 <LI><a href="#[60]">gap_adv_data_set_rsp_dec</a> from app_mw_ble_gap.o(i.gap_adv_data_set_rsp_dec) referenced from app_mw_ble_gap.o(i.sd_ble_gap_adv_data_set)
 <LI><a href="#[61]">gap_adv_start_rsp_dec</a> from app_mw_ble_gap.o(i.gap_adv_start_rsp_dec) referenced from app_mw_ble_gap.o(i.sd_ble_gap_adv_start)
 <LI><a href="#[62]">gap_adv_stop_rsp_dec</a> from app_mw_ble_gap.o(i.gap_adv_stop_rsp_dec) referenced from app_mw_ble_gap.o(i.sd_ble_gap_adv_stop)
 <LI><a href="#[63]">gap_appearance_get_rsp_dec</a> from app_mw_ble_gap.o(i.gap_appearance_get_rsp_dec) referenced from app_mw_ble_gap.o(i.sd_ble_gap_appearance_get)
 <LI><a href="#[64]">gap_appearance_set_rsp_dec</a> from app_mw_ble_gap.o(i.gap_appearance_set_rsp_dec) referenced from app_mw_ble_gap.o(i.sd_ble_gap_appearance_set)
 <LI><a href="#[65]">gap_conn_param_update_rsp_dec</a> from app_mw_ble_gap.o(i.gap_conn_param_update_rsp_dec) referenced from app_mw_ble_gap.o(i.sd_ble_gap_conn_param_update)
 <LI><a href="#[66]">gap_device_name_get_rsp_dec</a> from app_mw_ble_gap.o(i.gap_device_name_get_rsp_dec) referenced from app_mw_ble_gap.o(i.sd_ble_gap_device_name_get)
 <LI><a href="#[67]">gap_device_name_set_rsp_dec</a> from app_mw_ble_gap.o(i.gap_device_name_set_rsp_dec) referenced from app_mw_ble_gap.o(i.sd_ble_gap_device_name_set)
 <LI><a href="#[68]">gap_disconnect_rsp_dec</a> from app_mw_ble_gap.o(i.gap_disconnect_rsp_dec) referenced from app_mw_ble_gap.o(i.sd_ble_gap_disconnect)
 <LI><a href="#[69]">gap_ppcp_get_reply_rsp_dec</a> from app_mw_ble_gap.o(i.gap_ppcp_get_reply_rsp_dec) referenced from app_mw_ble_gap.o(i.sd_ble_gap_ppcp_get)
 <LI><a href="#[6a]">gap_ppcp_set_rsp_dec</a> from app_mw_ble_gap.o(i.gap_ppcp_set_rsp_dec) referenced from app_mw_ble_gap.o(i.sd_ble_gap_ppcp_set)
 <LI><a href="#[6b]">gap_sec_info_reply_rsp_dec</a> from app_mw_ble_gap.o(i.gap_sec_info_reply_rsp_dec) referenced from app_mw_ble_gap.o(i.sd_ble_gap_sec_info_reply)
 <LI><a href="#[6c]">gap_sec_params_reply_rsp_dec</a> from app_mw_ble_gap.o(i.gap_sec_params_reply_rsp_dec) referenced from app_mw_ble_gap.o(i.sd_ble_gap_sec_params_reply)
 <LI><a href="#[8d]">gattc_context_apply</a> from device_manager_peripheral.o(i.gattc_context_apply) referenced from device_manager_peripheral.o(.constdata)
 <LI><a href="#[89]">gattc_context_load</a> from device_manager_peripheral.o(i.gattc_context_load) referenced from device_manager_peripheral.o(.constdata)
 <LI><a href="#[85]">gattc_context_store</a> from device_manager_peripheral.o(i.gattc_context_store) referenced from device_manager_peripheral.o(.constdata)
 <LI><a href="#[6d]">gatts_characteristic_add_rsp_dec</a> from app_mw_ble_gatts.o(i.gatts_characteristic_add_rsp_dec) referenced from app_mw_ble_gatts.o(i.sd_ble_gatts_characteristic_add)
 <LI><a href="#[8c]">gatts_context_apply</a> from device_manager_peripheral.o(i.gatts_context_apply) referenced from device_manager_peripheral.o(.constdata)
 <LI><a href="#[88]">gatts_context_load</a> from device_manager_peripheral.o(i.gatts_context_load) referenced from device_manager_peripheral.o(.constdata)
 <LI><a href="#[84]">gatts_context_store</a> from device_manager_peripheral.o(i.gatts_context_store) referenced from device_manager_peripheral.o(.constdata)
 <LI><a href="#[6e]">gatts_descriptor_add_rsp_dec</a> from app_mw_ble_gatts.o(i.gatts_descriptor_add_rsp_dec) referenced from app_mw_ble_gatts.o(i.sd_ble_gatts_descriptor_add)
 <LI><a href="#[6f]">gatts_hvx_rsp_dec</a> from app_mw_ble_gatts.o(i.gatts_hvx_rsp_dec) referenced from app_mw_ble_gatts.o(i.sd_ble_gatts_hvx)
 <LI><a href="#[70]">gatts_service_add_rsp_dec</a> from app_mw_ble_gatts.o(i.gatts_service_add_rsp_dec) referenced from app_mw_ble_gatts.o(i.sd_ble_gatts_service_add)
 <LI><a href="#[71]">gatts_service_changed_rsp_dec</a> from app_mw_ble_gatts.o(i.gatts_service_changed_rsp_dec) referenced from app_mw_ble_gatts.o(i.sd_ble_gatts_service_changed)
 <LI><a href="#[72]">gatts_sys_attr_get_rsp_dec</a> from app_mw_ble_gatts.o(i.gatts_sys_attr_get_rsp_dec) referenced from app_mw_ble_gatts.o(i.sd_ble_gatts_sys_attr_get)
 <LI><a href="#[73]">gatts_sys_attr_set_rsp_dec</a> from app_mw_ble_gatts.o(i.gatts_sys_attr_set_rsp_dec) referenced from app_mw_ble_gatts.o(i.sd_ble_gatts_sys_attr_set)
 <LI><a href="#[74]">gatts_value_set_rsp_dec</a> from app_mw_ble_gatts.o(i.gatts_value_set_rsp_dec) referenced from app_mw_ble_gatts.o(i.sd_ble_gatts_value_set)
 <LI><a href="#[8e]">gattsc_context_apply</a> from device_manager_peripheral.o(i.gattsc_context_apply) referenced from device_manager_peripheral.o(.constdata)
 <LI><a href="#[8a]">gattsc_context_load</a> from device_manager_peripheral.o(i.gattsc_context_load) referenced from device_manager_peripheral.o(.constdata)
 <LI><a href="#[86]">gattsc_context_store</a> from device_manager_peripheral.o(i.gattsc_context_store) referenced from device_manager_peripheral.o(.constdata)
 <LI><a href="#[32]">gpiote_event_handler</a> from app_button.o(i.gpiote_event_handler) referenced from app_button.o(i.app_button_init)
 <LI><a href="#[7f]">heart_rate_meas_timeout_handler</a> from main.o(i.heart_rate_meas_timeout_handler) referenced from main.o(i.timers_init)
 <LI><a href="#[53]">leds_timer_handler</a> from bsp.o(i.leds_timer_handler) referenced from bsp.o(i.bsp_init)
 <LI><a href="#[2f]">main</a> from main.o(i.main) referenced from entry9a.o(.ARM.Collect$$$$0000000B)
 <LI><a href="#[8b]">no_service_context_apply</a> from device_manager_peripheral.o(i.no_service_context_apply) referenced from device_manager_peripheral.o(.constdata)
 <LI><a href="#[87]">no_service_context_load</a> from device_manager_peripheral.o(i.no_service_context_load) referenced from device_manager_peripheral.o(.constdata)
 <LI><a href="#[83]">no_service_context_store</a> from device_manager_peripheral.o(i.no_service_context_store) referenced from device_manager_peripheral.o(.constdata)
 <LI><a href="#[5b]">on_adv_evt</a> from main.o(i.on_adv_evt) referenced from main.o(i.main)
 <LI><a href="#[5c]">on_conn_params_evt</a> from main.o(i.on_conn_params_evt) referenced from main.o(i.main)
 <LI><a href="#[77]">os_rsp_set_handler</a> from ser_softdevice_handler.o(i.os_rsp_set_handler) referenced from ser_softdevice_handler.o(i.sd_softdevice_enable)
 <LI><a href="#[7a]">phy_events_handler</a> from ser_hal_transport.o(i.phy_events_handler) referenced from ser_hal_transport.o(i.ser_hal_transport_open)
 <LI><a href="#[57]">pstorage_store</a> from pstorage_nosd.o(i.pstorage_store) referenced from device_manager_peripheral.o(i.device_context_store)
 <LI><a href="#[57]">pstorage_store</a> from pstorage_nosd.o(i.pstorage_store) referenced from device_manager_peripheral.o(i.gatts_context_store)
 <LI><a href="#[56]">pstorage_update</a> from pstorage_nosd.o(i.pstorage_update) referenced from device_manager_peripheral.o(i.device_context_store)
 <LI><a href="#[56]">pstorage_update</a> from pstorage_nosd.o(i.pstorage_update) referenced from device_manager_peripheral.o(i.gatts_context_store)
 <LI><a href="#[80]">rr_interval_timeout_handler</a> from main.o(i.rr_interval_timeout_handler) referenced from main.o(i.timers_init)
 <LI><a href="#[81]">sensor_contact_detected_timeout_handler</a> from main.o(i.sensor_contact_detected_timeout_handler) referenced from main.o(i.timers_init)
 <LI><a href="#[4a]">ser_ble_gatts_char_pf_enc</a> from ble_gatts_struct_serialization.o(i.ser_ble_gatts_char_pf_enc) referenced from ble_gatts_struct_serialization.o(i.ble_gatts_char_md_enc)
 <LI><a href="#[7b]">ser_phy_uart_evt_callback</a> from ser_phy_nrf51_uart.o(i.ser_phy_uart_evt_callback) referenced from ser_phy_nrf51_uart.o(i.ser_phy_open)
 <LI><a href="#[78]">ser_sd_rsp_wait</a> from ser_softdevice_handler.o(i.ser_sd_rsp_wait) referenced from ser_softdevice_handler.o(i.sd_softdevice_enable)
 <LI><a href="#[7c]">ser_sd_transport_hal_handler</a> from ser_sd_transport.o(i.ser_sd_transport_hal_handler) referenced from ser_sd_transport.o(i.ser_sd_transport_open)
 <LI><a href="#[79]">ser_softdevice_evt_handler</a> from ser_softdevice_handler.o(i.ser_softdevice_evt_handler) referenced from ser_softdevice_handler.o(i.sd_softdevice_enable)
 <LI><a href="#[76]">ser_softdevice_flash_operation_success_evt</a> from ser_softdevice_handler.o(i.ser_softdevice_flash_operation_success_evt) referenced from ser_softdevice_handler.o(i.sd_softdevice_enable)
 <LI><a href="#[7d]">softdevice_fault_handler</a> from softdevice_handler.o(i.softdevice_fault_handler) referenced from softdevice_handler.o(i.softdevice_handler_init)
 <LI><a href="#[55]">storage_operation_dummy_handler</a> from device_manager_peripheral.o(i.storage_operation_dummy_handler) referenced from device_manager_peripheral.o(i.device_context_store)
 <LI><a href="#[51]">sys_evt_dispatch</a> from main.o(i.sys_evt_dispatch) referenced from main.o(i.ble_stack_init)
 <LI><a href="#[34]">uart_event_handler</a> from app_uart.o(i.uart_event_handler) referenced from app_uart.o(i.app_uart_init)
 <LI><a href="#[4e]">uint16_t_dec</a> from ble_serialization.o(i.uint16_t_dec) referenced from ble_gatts_hvx.o(i.ble_gatts_hvx_rsp_dec)
 <LI><a href="#[36]">update_timeout_handler</a> from ble_conn_params.o(i.update_timeout_handler) referenced from ble_conn_params.o(i.ble_conn_params_init)
 <LI><a href="#[75]">uuid_encode_rsp_dec</a> from app_mw_ble.o(i.uuid_encode_rsp_dec) referenced from app_mw_ble.o(i.sd_ble_uuid_encode)
</UL>
<P>
<H3>
Global Symbols
</H3>
<P><STRONG><a name="[31]"></a>__main</STRONG> (Thumb, 0 bytes, Stack size unknown bytes, entry.o(.ARM.Collect$$$$00000000))
<BR>[Address Reference Count : 1]<UL><LI> arm_startup_nrf52.o(.text)
</UL>
<P><STRONG><a name="[22e]"></a>_main_stk</STRONG> (Thumb, 0 bytes, Stack size unknown bytes, entry2.o(.ARM.Collect$$$$00000001))

<P><STRONG><a name="[8f]"></a>_main_scatterload</STRONG> (Thumb, 0 bytes, Stack size unknown bytes, entry5.o(.ARM.Collect$$$$00000004))
<BR><BR>[Calls]<UL><LI><a href="#[90]">&gt;&gt;</a>&nbsp;&nbsp;&nbsp;__scatterload
</UL>

<P><STRONG><a name="[96]"></a>__main_after_scatterload</STRONG> (Thumb, 0 bytes, Stack size unknown bytes, entry5.o(.ARM.Collect$$$$00000004))
<BR><BR>[Called By]<UL><LI><a href="#[90]">&gt;&gt;</a>&nbsp;&nbsp;&nbsp;__scatterload
</UL>

<P><STRONG><a name="[22f]"></a>_main_clock</STRONG> (Thumb, 0 bytes, Stack size unknown bytes, entry7b.o(.ARM.Collect$$$$00000008))

<P><STRONG><a name="[230]"></a>_main_cpp_init</STRONG> (Thumb, 0 bytes, Stack size unknown bytes, entry8b.o(.ARM.Collect$$$$0000000A))

<P><STRONG><a name="[231]"></a>_main_init</STRONG> (Thumb, 0 bytes, Stack size unknown bytes, entry9a.o(.ARM.Collect$$$$0000000B))

<P><STRONG><a name="[232]"></a>__rt_final_cpp</STRONG> (Thumb, 0 bytes, Stack size unknown bytes, entry10a.o(.ARM.Collect$$$$0000000D))

<P><STRONG><a name="[233]"></a>__rt_final_exit</STRONG> (Thumb, 0 bytes, Stack size unknown bytes, entry11a.o(.ARM.Collect$$$$0000000F))

<P><STRONG><a name="[91]"></a>__asm___11_nrf_delay_c_532987f3__nrf_delay_us</STRONG> (Thumb, 118 bytes, Stack size 0 bytes, nrf_delay.o(.emb_text))
<BR><BR>[Calls]<UL><LI><a href="#[91]">&gt;&gt;</a>&nbsp;&nbsp;&nbsp;__asm___11_nrf_delay_c_532987f3__nrf_delay_us
</UL>
<BR>[Called By]<UL><LI><a href="#[1dc]">&gt;&gt;</a>&nbsp;&nbsp;&nbsp;nrf_delay_ms
<LI><a href="#[91]">&gt;&gt;</a>&nbsp;&nbsp;&nbsp;__asm___11_nrf_delay_c_532987f3__nrf_delay_us
</UL>

<P><STRONG><a name="[92]"></a>__asm___11_app_timer_c_cd27f9c3__nrf_delay_us</STRONG> (Thumb, 118 bytes, Stack size 0 bytes, app_timer.o(.emb_text))
<BR><BR>[Calls]<UL><LI><a href="#[92]">&gt;&gt;</a>&nbsp;&nbsp;&nbsp;__asm___11_app_timer_c_cd27f9c3__nrf_delay_us
</UL>
<BR>[Called By]<UL><LI><a href="#[92]">&gt;&gt;</a>&nbsp;&nbsp;&nbsp;__asm___11_app_timer_c_cd27f9c3__nrf_delay_us
<LI><a href="#[cb]">&gt;&gt;</a>&nbsp;&nbsp;&nbsp;rtc1_stop
<LI><a href="#[1b6]">&gt;&gt;</a>&nbsp;&nbsp;&nbsp;compare_reg_update
</UL>

<P><STRONG><a name="[0]"></a>Reset_Handler</STRONG> (Thumb, 8 bytes, Stack size 0 bytes, arm_startup_nrf52.o(.text))
<BR>[Address Reference Count : 1]<UL><LI> arm_startup_nrf52.o(RESET)
</UL>
<P><STRONG><a name="[1]"></a>NMI_Handler</STRONG> (Thumb, 2 bytes, Stack size 0 bytes, arm_startup_nrf52.o(.text))
<BR><BR>[Calls]<UL><LI><a href="#[1]">&gt;&gt;</a>&nbsp;&nbsp;&nbsp;NMI_Handler
</UL>
<BR>[Called By]<UL><LI><a href="#[1]">&gt;&gt;</a>&nbsp;&nbsp;&nbsp;NMI_Handler
</UL>
<BR>[Address Reference Count : 1]<UL><LI> arm_startup_nrf52.o(RESET)
</UL>
<P><STRONG><a name="[2]"></a>HardFault_Handler</STRONG> (Thumb, 2 bytes, Stack size 0 bytes, arm_startup_nrf52.o(.text))
<BR><BR>[Calls]<UL><LI><a href="#[2]">&gt;&gt;</a>&nbsp;&nbsp;&nbsp;HardFault_Handler
</UL>
<BR>[Called By]<UL><LI><a href="#[2]">&gt;&gt;</a>&nbsp;&nbsp;&nbsp;HardFault_Handler
</UL>
<BR>[Address Reference Count : 1]<UL><LI> arm_startup_nrf52.o(RESET)
</UL>
<P><STRONG><a name="[3]"></a>MemoryManagement_Handler</STRONG> (Thumb, 2 bytes, Stack size 0 bytes, arm_startup_nrf52.o(.text))
<BR><BR>[Calls]<UL><LI><a href="#[3]">&gt;&gt;</a>&nbsp;&nbsp;&nbsp;MemoryManagement_Handler
</UL>
<BR>[Called By]<UL><LI><a href="#[3]">&gt;&gt;</a>&nbsp;&nbsp;&nbsp;MemoryManagement_Handler
</UL>
<BR>[Address Reference Count : 1]<UL><LI> arm_startup_nrf52.o(RESET)
</UL>
<P><STRONG><a name="[4]"></a>BusFault_Handler</STRONG> (Thumb, 2 bytes, Stack size 0 bytes, arm_startup_nrf52.o(.text))
<BR><BR>[Calls]<UL><LI><a href="#[4]">&gt;&gt;</a>&nbsp;&nbsp;&nbsp;BusFault_Handler
</UL>
<BR>[Called By]<UL><LI><a href="#[4]">&gt;&gt;</a>&nbsp;&nbsp;&nbsp;BusFault_Handler
</UL>
<BR>[Address Reference Count : 1]<UL><LI> arm_startup_nrf52.o(RESET)
</UL>
<P><STRONG><a name="[5]"></a>UsageFault_Handler</STRONG> (Thumb, 2 bytes, Stack size 0 bytes, arm_startup_nrf52.o(.text))
<BR><BR>[Calls]<UL><LI><a href="#[5]">&gt;&gt;</a>&nbsp;&nbsp;&nbsp;UsageFault_Handler
</UL>
<BR>[Called By]<UL><LI><a href="#[5]">&gt;&gt;</a>&nbsp;&nbsp;&nbsp;UsageFault_Handler
</UL>
<BR>[Address Reference Count : 1]<UL><LI> arm_startup_nrf52.o(RESET)
</UL>
<P><STRONG><a name="[6]"></a>SVC_Handler</STRONG> (Thumb, 2 bytes, Stack size 0 bytes, arm_startup_nrf52.o(.text))
<BR><BR>[Calls]<UL><LI><a href="#[6]">&gt;&gt;</a>&nbsp;&nbsp;&nbsp;SVC_Handler
</UL>
<BR>[Called By]<UL><LI><a href="#[6]">&gt;&gt;</a>&nbsp;&nbsp;&nbsp;SVC_Handler
</UL>
<BR>[Address Reference Count : 1]<UL><LI> arm_startup_nrf52.o(RESET)
</UL>
<P><STRONG><a name="[7]"></a>DebugMonitor_Handler</STRONG> (Thumb, 2 bytes, Stack size 0 bytes, arm_startup_nrf52.o(.text))
<BR><BR>[Calls]<UL><LI><a href="#[7]">&gt;&gt;</a>&nbsp;&nbsp;&nbsp;DebugMonitor_Handler
</UL>
<BR>[Called By]<UL><LI><a href="#[7]">&gt;&gt;</a>&nbsp;&nbsp;&nbsp;DebugMonitor_Handler
</UL>
<BR>[Address Reference Count : 1]<UL><LI> arm_startup_nrf52.o(RESET)
</UL>
<P><STRONG><a name="[8]"></a>PendSV_Handler</STRONG> (Thumb, 2 bytes, Stack size 0 bytes, arm_startup_nrf52.o(.text))
<BR><BR>[Calls]<UL><LI><a href="#[8]">&gt;&gt;</a>&nbsp;&nbsp;&nbsp;PendSV_Handler
</UL>
<BR>[Called By]<UL><LI><a href="#[8]">&gt;&gt;</a>&nbsp;&nbsp;&nbsp;PendSV_Handler
</UL>
<BR>[Address Reference Count : 1]<UL><LI> arm_startup_nrf52.o(RESET)
</UL>
<P><STRONG><a name="[9]"></a>SysTick_Handler</STRONG> (Thumb, 2 bytes, Stack size 0 bytes, arm_startup_nrf52.o(.text))
<BR><BR>[Calls]<UL><LI><a href="#[9]">&gt;&gt;</a>&nbsp;&nbsp;&nbsp;SysTick_Handler
</UL>
<BR>[Called By]<UL><LI><a href="#[9]">&gt;&gt;</a>&nbsp;&nbsp;&nbsp;SysTick_Handler
</UL>
<BR>[Address Reference Count : 1]<UL><LI> arm_startup_nrf52.o(RESET)
</UL>
<P><STRONG><a name="[19]"></a>CCM_AAR_IRQHandler</STRONG> (Thumb, 0 bytes, Stack size 0 bytes, arm_startup_nrf52.o(.text))
<BR><BR>[Calls]<UL><LI><a href="#[19]">&gt;&gt;</a>&nbsp;&nbsp;&nbsp;CCM_AAR_IRQHandler
</UL>
<BR>[Called By]<UL><LI><a href="#[19]">&gt;&gt;</a>&nbsp;&nbsp;&nbsp;CCM_AAR_IRQHandler
</UL>
<BR>[Address Reference Count : 1]<UL><LI> arm_startup_nrf52.o(RESET)
</UL>
<P><STRONG><a name="[1d]"></a>COMP_LPCOMP_IRQHandler</STRONG> (Thumb, 0 bytes, Stack size 0 bytes, arm_startup_nrf52.o(.text))
<BR>[Address Reference Count : 1]<UL><LI> arm_startup_nrf52.o(RESET)
</UL>
<P><STRONG><a name="[18]"></a>ECB_IRQHandler</STRONG> (Thumb, 0 bytes, Stack size 0 bytes, arm_startup_nrf52.o(.text))
<BR>[Address Reference Count : 1]<UL><LI> arm_startup_nrf52.o(RESET)
</UL>
<P><STRONG><a name="[2e]"></a>FPU_IRQHandler</STRONG> (Thumb, 0 bytes, Stack size 0 bytes, arm_startup_nrf52.o(.text))
<BR>[Address Reference Count : 1]<UL><LI> arm_startup_nrf52.o(RESET)
</UL>
<P><STRONG><a name="[2d]"></a>I2S_IRQHandler</STRONG> (Thumb, 0 bytes, Stack size 0 bytes, arm_startup_nrf52.o(.text))
<BR>[Address Reference Count : 1]<UL><LI> arm_startup_nrf52.o(RESET)
</UL>
<P><STRONG><a name="[28]"></a>MWU_IRQHandler</STRONG> (Thumb, 0 bytes, Stack size 0 bytes, arm_startup_nrf52.o(.text))
<BR>[Address Reference Count : 1]<UL><LI> arm_startup_nrf52.o(RESET)
</UL>
<P><STRONG><a name="[f]"></a>NFCT_IRQHandler</STRONG> (Thumb, 0 bytes, Stack size 0 bytes, arm_startup_nrf52.o(.text))
<BR>[Address Reference Count : 1]<UL><LI> arm_startup_nrf52.o(RESET)
</UL>
<P><STRONG><a name="[27]"></a>PDM_IRQHandler</STRONG> (Thumb, 0 bytes, Stack size 0 bytes, arm_startup_nrf52.o(.text))
<BR>[Address Reference Count : 1]<UL><LI> arm_startup_nrf52.o(RESET)
</UL>
<P><STRONG><a name="[a]"></a>POWER_CLOCK_IRQHandler</STRONG> (Thumb, 0 bytes, Stack size 0 bytes, arm_startup_nrf52.o(.text))
<BR>[Address Reference Count : 1]<UL><LI> arm_startup_nrf52.o(RESET)
</UL>
<P><STRONG><a name="[26]"></a>PWM0_IRQHandler</STRONG> (Thumb, 0 bytes, Stack size 0 bytes, arm_startup_nrf52.o(.text))
<BR>[Address Reference Count : 1]<UL><LI> arm_startup_nrf52.o(RESET)
</UL>
<P><STRONG><a name="[29]"></a>PWM1_IRQHandler</STRONG> (Thumb, 0 bytes, Stack size 0 bytes, arm_startup_nrf52.o(.text))
<BR>[Address Reference Count : 1]<UL><LI> arm_startup_nrf52.o(RESET)
</UL>
<P><STRONG><a name="[2a]"></a>PWM2_IRQHandler</STRONG> (Thumb, 0 bytes, Stack size 0 bytes, arm_startup_nrf52.o(.text))
<BR>[Address Reference Count : 1]<UL><LI> arm_startup_nrf52.o(RESET)
</UL>
<P><STRONG><a name="[1c]"></a>QDEC_IRQHandler</STRONG> (Thumb, 0 bytes, Stack size 0 bytes, arm_startup_nrf52.o(.text))
<BR>[Address Reference Count : 1]<UL><LI> arm_startup_nrf52.o(RESET)
</UL>
<P><STRONG><a name="[b]"></a>RADIO_IRQHandler</STRONG> (Thumb, 0 bytes, Stack size 0 bytes, arm_startup_nrf52.o(.text))
<BR>[Address Reference Count : 1]<UL><LI> arm_startup_nrf52.o(RESET)
</UL>
<P><STRONG><a name="[17]"></a>RNG_IRQHandler</STRONG> (Thumb, 0 bytes, Stack size 0 bytes, arm_startup_nrf52.o(.text))
<BR>[Address Reference Count : 1]<UL><LI> arm_startup_nrf52.o(RESET)
</UL>
<P><STRONG><a name="[15]"></a>RTC0_IRQHandler</STRONG> (Thumb, 0 bytes, Stack size 0 bytes, arm_startup_nrf52.o(.text))
<BR>[Address Reference Count : 1]<UL><LI> arm_startup_nrf52.o(RESET)
</UL>
<P><STRONG><a name="[2c]"></a>RTC2_IRQHandler</STRONG> (Thumb, 0 bytes, Stack size 0 bytes, arm_startup_nrf52.o(.text))
<BR>[Address Reference Count : 1]<UL><LI> arm_startup_nrf52.o(RESET)
</UL>
<P><STRONG><a name="[11]"></a>SAADC_IRQHandler</STRONG> (Thumb, 0 bytes, Stack size 0 bytes, arm_startup_nrf52.o(.text))
<BR>[Address Reference Count : 1]<UL><LI> arm_startup_nrf52.o(RESET)
</UL>
<P><STRONG><a name="[d]"></a>SPIM0_SPIS0_TWIM0_TWIS0_SPI0_TWI0_IRQHandler</STRONG> (Thumb, 0 bytes, Stack size 0 bytes, arm_startup_nrf52.o(.text))
<BR>[Address Reference Count : 1]<UL><LI> arm_startup_nrf52.o(RESET)
</UL>
<P><STRONG><a name="[e]"></a>SPIM1_SPIS1_TWIM1_TWIS1_SPI1_TWI1_IRQHandler</STRONG> (Thumb, 0 bytes, Stack size 0 bytes, arm_startup_nrf52.o(.text))
<BR>[Address Reference Count : 1]<UL><LI> arm_startup_nrf52.o(RESET)
</UL>
<P><STRONG><a name="[2b]"></a>SPIM2_SPIS2_SPI2_IRQHandler</STRONG> (Thumb, 0 bytes, Stack size 0 bytes, arm_startup_nrf52.o(.text))
<BR>[Address Reference Count : 1]<UL><LI> arm_startup_nrf52.o(RESET)
</UL>
<P><STRONG><a name="[1f]"></a>SWI1_EGU1_IRQHandler</STRONG> (Thumb, 0 bytes, Stack size 0 bytes, arm_startup_nrf52.o(.text))
<BR>[Address Reference Count : 1]<UL><LI> arm_startup_nrf52.o(RESET)
</UL>
<P><STRONG><a name="[21]"></a>SWI3_EGU3_IRQHandler</STRONG> (Thumb, 0 bytes, Stack size 0 bytes, arm_startup_nrf52.o(.text))
<BR>[Address Reference Count : 1]<UL><LI> arm_startup_nrf52.o(RESET)
</UL>
<P><STRONG><a name="[22]"></a>SWI4_EGU4_IRQHandler</STRONG> (Thumb, 0 bytes, Stack size 0 bytes, arm_startup_nrf52.o(.text))
<BR>[Address Reference Count : 1]<UL><LI> arm_startup_nrf52.o(RESET)
</UL>
<P><STRONG><a name="[23]"></a>SWI5_EGU5_IRQHandler</STRONG> (Thumb, 0 bytes, Stack size 0 bytes, arm_startup_nrf52.o(.text))
<BR>[Address Reference Count : 1]<UL><LI> arm_startup_nrf52.o(RESET)
</UL>
<P><STRONG><a name="[16]"></a>TEMP_IRQHandler</STRONG> (Thumb, 0 bytes, Stack size 0 bytes, arm_startup_nrf52.o(.text))
<BR>[Address Reference Count : 1]<UL><LI> arm_startup_nrf52.o(RESET)
</UL>
<P><STRONG><a name="[12]"></a>TIMER0_IRQHandler</STRONG> (Thumb, 0 bytes, Stack size 0 bytes, arm_startup_nrf52.o(.text))
<BR>[Address Reference Count : 1]<UL><LI> arm_startup_nrf52.o(RESET)
</UL>
<P><STRONG><a name="[13]"></a>TIMER1_IRQHandler</STRONG> (Thumb, 0 bytes, Stack size 0 bytes, arm_startup_nrf52.o(.text))
<BR>[Address Reference Count : 1]<UL><LI> arm_startup_nrf52.o(RESET)
</UL>
<P><STRONG><a name="[14]"></a>TIMER2_IRQHandler</STRONG> (Thumb, 0 bytes, Stack size 0 bytes, arm_startup_nrf52.o(.text))
<BR>[Address Reference Count : 1]<UL><LI> arm_startup_nrf52.o(RESET)
</UL>
<P><STRONG><a name="[24]"></a>TIMER3_IRQHandler</STRONG> (Thumb, 0 bytes, Stack size 0 bytes, arm_startup_nrf52.o(.text))
<BR>[Address Reference Count : 1]<UL><LI> arm_startup_nrf52.o(RESET)
</UL>
<P><STRONG><a name="[25]"></a>TIMER4_IRQHandler</STRONG> (Thumb, 0 bytes, Stack size 0 bytes, arm_startup_nrf52.o(.text))
<BR>[Address Reference Count : 1]<UL><LI> arm_startup_nrf52.o(RESET)
</UL>
<P><STRONG><a name="[1a]"></a>WDT_IRQHandler</STRONG> (Thumb, 0 bytes, Stack size 0 bytes, arm_startup_nrf52.o(.text))
<BR>[Address Reference Count : 1]<UL><LI> arm_startup_nrf52.o(RESET)
</UL>
<P><STRONG><a name="[234]"></a>___aeabi_memcpy8$move</STRONG> (Thumb, 0 bytes, Stack size 8 bytes, memmovea.o(.text), UNUSED)

<P><STRONG><a name="[ae]"></a>__aeabi_memcpy</STRONG> (Thumb, 64 bytes, Stack size 8 bytes, memmovea.o(.text))
<BR><BR>[Stack]<UL><LI>Max Depth = 8<LI>Call Chain = __aeabi_memcpy
</UL>
<BR>[Called By]<UL><LI><a href="#[b7]">&gt;&gt;</a>&nbsp;&nbsp;&nbsp;service_data_encode
<LI><a href="#[b6]">&gt;&gt;</a>&nbsp;&nbsp;&nbsp;manuf_specific_data_encode
<LI><a href="#[1ad]">&gt;&gt;</a>&nbsp;&nbsp;&nbsp;pstorage_load
<LI><a href="#[a2]">&gt;&gt;</a>&nbsp;&nbsp;&nbsp;_WriteNoCheck
<LI><a href="#[a3]">&gt;&gt;</a>&nbsp;&nbsp;&nbsp;_WriteBlocking
<LI><a href="#[c6]">&gt;&gt;</a>&nbsp;&nbsp;&nbsp;app_mailbox_sized_put
<LI><a href="#[c4]">&gt;&gt;</a>&nbsp;&nbsp;&nbsp;app_mailbox_sized_get
<LI><a href="#[170]">&gt;&gt;</a>&nbsp;&nbsp;&nbsp;ble_gap_sec_info_reply_req_enc
<LI><a href="#[156]">&gt;&gt;</a>&nbsp;&nbsp;&nbsp;ble_gap_device_name_set_req_enc
<LI><a href="#[1aa]">&gt;&gt;</a>&nbsp;&nbsp;&nbsp;ble_uuid_encode_rsp_dec
<LI><a href="#[197]">&gt;&gt;</a>&nbsp;&nbsp;&nbsp;buf_enc
<LI><a href="#[128]">&gt;&gt;</a>&nbsp;&nbsp;&nbsp;ble_gattc_evt_write_rsp_dec
<LI><a href="#[125]">&gt;&gt;</a>&nbsp;&nbsp;&nbsp;ble_gattc_evt_read_rsp_dec
<LI><a href="#[126]">&gt;&gt;</a>&nbsp;&nbsp;&nbsp;ble_gattc_evt_hvx_dec
<LI><a href="#[191]">&gt;&gt;</a>&nbsp;&nbsp;&nbsp;ble_gatts_sys_attr_set_req_enc
<LI><a href="#[190]">&gt;&gt;</a>&nbsp;&nbsp;&nbsp;ble_gatts_sys_attr_get_rsp_dec
<LI><a href="#[189]">&gt;&gt;</a>&nbsp;&nbsp;&nbsp;ble_gatts_hvx_req_enc
<LI><a href="#[42]">&gt;&gt;</a>&nbsp;&nbsp;&nbsp;ble_gap_lesc_p256_pk_t_enc
<LI><a href="#[3a]">&gt;&gt;</a>&nbsp;&nbsp;&nbsp;ble_gap_lesc_p256_pk_t_dec
<LI><a href="#[15e]">&gt;&gt;</a>&nbsp;&nbsp;&nbsp;uint8_vector_dec
<LI><a href="#[196]">&gt;&gt;</a>&nbsp;&nbsp;&nbsp;buf_dec
<LI><a href="#[41]">&gt;&gt;</a>&nbsp;&nbsp;&nbsp;ble_gap_sign_info_enc
<LI><a href="#[3e]">&gt;&gt;</a>&nbsp;&nbsp;&nbsp;ble_gap_sign_info_dec
<LI><a href="#[16b]">&gt;&gt;</a>&nbsp;&nbsp;&nbsp;ble_gap_irk_dec
<LI><a href="#[15a]">&gt;&gt;</a>&nbsp;&nbsp;&nbsp;ble_gap_enc_info_enc
<LI><a href="#[159]">&gt;&gt;</a>&nbsp;&nbsp;&nbsp;ble_gap_enc_info_dec
<LI><a href="#[3b]">&gt;&gt;</a>&nbsp;&nbsp;&nbsp;ble_gap_irk_enc
<LI><a href="#[177]">&gt;&gt;</a>&nbsp;&nbsp;&nbsp;ble_uuid128_t_dec
<LI><a href="#[17b]">&gt;&gt;</a>&nbsp;&nbsp;&nbsp;ble_gattc_evt_char_vals_read_rsp_t_dec
<LI><a href="#[17a]">&gt;&gt;</a>&nbsp;&nbsp;&nbsp;ble_gattc_evt_char_val_by_uuid_read_rsp_t_dec
<LI><a href="#[19f]">&gt;&gt;</a>&nbsp;&nbsp;&nbsp;ble_l2cap_evt_rx_t_dec
<LI><a href="#[188]">&gt;&gt;</a>&nbsp;&nbsp;&nbsp;ble_gatts_evt_write_t_dec
</UL>

<P><STRONG><a name="[d5]"></a>__aeabi_memcpy4</STRONG> (Thumb, 0 bytes, Stack size 8 bytes, memmovea.o(.text))
<BR><BR>[Stack]<UL><LI>Max Depth = 8<LI>Call Chain = __aeabi_memcpy4
</UL>
<BR>[Called By]<UL><LI><a href="#[ff]">&gt;&gt;</a>&nbsp;&nbsp;&nbsp;ble_conn_params_init
<LI><a href="#[ea]">&gt;&gt;</a>&nbsp;&nbsp;&nbsp;ble_advertising_init
<LI><a href="#[d4]">&gt;&gt;</a>&nbsp;&nbsp;&nbsp;app_uart_init
<LI><a href="#[1c6]">&gt;&gt;</a>&nbsp;&nbsp;&nbsp;sd_ble_gap_sec_params_reply
<LI><a href="#[84]">&gt;&gt;</a>&nbsp;&nbsp;&nbsp;gatts_context_store
</UL>

<P><STRONG><a name="[19e]"></a>__aeabi_memmove</STRONG> (Thumb, 0 bytes, Stack size 8 bytes, memmovea.o(.text))
<BR><BR>[Stack]<UL><LI>Max Depth = 8<LI>Call Chain = __aeabi_memmove
</UL>
<BR>[Called By]<UL><LI><a href="#[19d]">&gt;&gt;</a>&nbsp;&nbsp;&nbsp;ble_hrs_rr_interval_add
<LI><a href="#[199]">&gt;&gt;</a>&nbsp;&nbsp;&nbsp;hrm_encode
</UL>

<P><STRONG><a name="[235]"></a>__aeabi_memmove4</STRONG> (Thumb, 0 bytes, Stack size 8 bytes, memmovea.o(.text), UNUSED)

<P><STRONG><a name="[236]"></a>__aeabi_memmove8</STRONG> (Thumb, 0 bytes, Stack size 8 bytes, memmovea.o(.text), UNUSED)

<P><STRONG><a name="[94]"></a>__aeabi_memset</STRONG> (Thumb, 14 bytes, Stack size 0 bytes, memseta.o(.text))
<BR><BR>[Called By]<UL><LI><a href="#[95]">&gt;&gt;</a>&nbsp;&nbsp;&nbsp;_memset$wrapper
<LI><a href="#[93]">&gt;&gt;</a>&nbsp;&nbsp;&nbsp;__aeabi_memclr
</UL>

<P><STRONG><a name="[237]"></a>__aeabi_memset4</STRONG> (Thumb, 0 bytes, Stack size 0 bytes, memseta.o(.text), UNUSED)

<P><STRONG><a name="[238]"></a>__aeabi_memset8</STRONG> (Thumb, 0 bytes, Stack size 0 bytes, memseta.o(.text), UNUSED)

<P><STRONG><a name="[93]"></a>__aeabi_memclr</STRONG> (Thumb, 4 bytes, Stack size 0 bytes, memseta.o(.text))
<BR><BR>[Calls]<UL><LI><a href="#[94]">&gt;&gt;</a>&nbsp;&nbsp;&nbsp;__aeabi_memset
</UL>
<BR>[Called By]<UL><LI><a href="#[1be]">&gt;&gt;</a>&nbsp;&nbsp;&nbsp;peer_instance_init
</UL>

<P><STRONG><a name="[e2]"></a>__aeabi_memclr4</STRONG> (Thumb, 0 bytes, Stack size 0 bytes, memseta.o(.text))
<BR><BR>[Called By]<UL><LI><a href="#[e1]">&gt;&gt;</a>&nbsp;&nbsp;&nbsp;battery_level_char_add
<LI><a href="#[1a5]">&gt;&gt;</a>&nbsp;&nbsp;&nbsp;softdevice_enable_get_default_config
<LI><a href="#[1c1]">&gt;&gt;</a>&nbsp;&nbsp;&nbsp;dm_init
<LI><a href="#[135]">&gt;&gt;</a>&nbsp;&nbsp;&nbsp;dm_ble_evt_handler
<LI><a href="#[ed]">&gt;&gt;</a>&nbsp;&nbsp;&nbsp;ble_advertising_start
<LI><a href="#[ea]">&gt;&gt;</a>&nbsp;&nbsp;&nbsp;ble_advertising_init
<LI><a href="#[2f]">&gt;&gt;</a>&nbsp;&nbsp;&nbsp;main
<LI><a href="#[1d9]">&gt;&gt;</a>&nbsp;&nbsp;&nbsp;services_init
<LI><a href="#[84]">&gt;&gt;</a>&nbsp;&nbsp;&nbsp;gatts_context_store
<LI><a href="#[59]">&gt;&gt;</a>&nbsp;&nbsp;&nbsp;dm_pstorage_cb_handler
<LI><a href="#[19b]">&gt;&gt;</a>&nbsp;&nbsp;&nbsp;heart_rate_measurement_char_add
<LI><a href="#[19c]">&gt;&gt;</a>&nbsp;&nbsp;&nbsp;body_sensor_location_char_add
<LI><a href="#[106]">&gt;&gt;</a>&nbsp;&nbsp;&nbsp;char_add
</UL>

<P><STRONG><a name="[239]"></a>__aeabi_memclr8</STRONG> (Thumb, 0 bytes, Stack size 0 bytes, memseta.o(.text), UNUSED)

<P><STRONG><a name="[95]"></a>_memset$wrapper</STRONG> (Thumb, 18 bytes, Stack size 8 bytes, memseta.o(.text), UNUSED)
<BR><BR>[Calls]<UL><LI><a href="#[94]">&gt;&gt;</a>&nbsp;&nbsp;&nbsp;__aeabi_memset
</UL>

<P><STRONG><a name="[1a2]"></a>strlen</STRONG> (Thumb, 14 bytes, Stack size 0 bytes, strlen.o(.text))
<BR><BR>[Called By]<UL><LI><a href="#[1a1]">&gt;&gt;</a>&nbsp;&nbsp;&nbsp;ble_srv_ascii_to_utf8
</UL>

<P><STRONG><a name="[1bb]"></a>memcmp</STRONG> (Thumb, 26 bytes, Stack size 12 bytes, memcmp.o(.text))
<BR><BR>[Stack]<UL><LI>Max Depth = 12<LI>Call Chain = memcmp
</UL>
<BR>[Called By]<UL><LI><a href="#[84]">&gt;&gt;</a>&nbsp;&nbsp;&nbsp;gatts_context_store
<LI><a href="#[59]">&gt;&gt;</a>&nbsp;&nbsp;&nbsp;dm_pstorage_cb_handler
<LI><a href="#[1ba]">&gt;&gt;</a>&nbsp;&nbsp;&nbsp;device_instance_find
</UL>

<P><STRONG><a name="[ad]"></a>strcpy</STRONG> (Thumb, 18 bytes, Stack size 0 bytes, strcpy.o(.text))
<BR><BR>[Called By]<UL><LI><a href="#[9d]">&gt;&gt;</a>&nbsp;&nbsp;&nbsp;_DoInit
</UL>

<P><STRONG><a name="[90]"></a>__scatterload</STRONG> (Thumb, 28 bytes, Stack size 0 bytes, init.o(.text))
<BR><BR>[Calls]<UL><LI><a href="#[96]">&gt;&gt;</a>&nbsp;&nbsp;&nbsp;__main_after_scatterload
</UL>
<BR>[Called By]<UL><LI><a href="#[8f]">&gt;&gt;</a>&nbsp;&nbsp;&nbsp;_main_scatterload
</UL>

<P><STRONG><a name="[23a]"></a>__scatterload_rt2</STRONG> (Thumb, 0 bytes, Stack size 0 bytes, init.o(.text), UNUSED)

<P><STRONG><a name="[23b]"></a>__decompress</STRONG> (Thumb, 0 bytes, Stack size unknown bytes, __dczerorl.o(.text), UNUSED)

<P><STRONG><a name="[23c]"></a>__decompress0</STRONG> (Thumb, 58 bytes, Stack size unknown bytes, __dczerorl.o(.text), UNUSED)

<P><STRONG><a name="[10]"></a>GPIOTE_IRQHandler</STRONG> (Thumb, 316 bytes, Stack size 48 bytes, nrf_drv_gpiote.o(i.GPIOTE_IRQHandler))
<BR><BR>[Stack]<UL><LI>Max Depth = 56<LI>Call Chain = GPIOTE_IRQHandler &rArr; nrf_gpiote_event_clear
</UL>
<BR>[Calls]<UL><LI><a href="#[97]">&gt;&gt;</a>&nbsp;&nbsp;&nbsp;nrf_gpiote_event_is_set
<LI><a href="#[98]">&gt;&gt;</a>&nbsp;&nbsp;&nbsp;nrf_gpiote_event_clear
<LI><a href="#[9a]">&gt;&gt;</a>&nbsp;&nbsp;&nbsp;nrf_gpio_cfg_sense_set
<LI><a href="#[99]">&gt;&gt;</a>&nbsp;&nbsp;&nbsp;channel_port_get
</UL>
<BR>[Address Reference Count : 1]<UL><LI> arm_startup_nrf52.o(RESET)
</UL>
<P><STRONG><a name="[1b]"></a>RTC1_IRQHandler</STRONG> (Thumb, 32 bytes, Stack size 0 bytes, app_timer.o(i.RTC1_IRQHandler))
<BR><BR>[Stack]<UL><LI>Max Depth = 40<LI>Call Chain = RTC1_IRQHandler &rArr; timer_timeouts_check &rArr; app_error_handler_bare
</UL>
<BR>[Calls]<UL><LI><a href="#[9b]">&gt;&gt;</a>&nbsp;&nbsp;&nbsp;timer_timeouts_check
</UL>
<BR>[Address Reference Count : 1]<UL><LI> arm_startup_nrf52.o(RESET)
</UL>
<P><STRONG><a name="[9c]"></a>SEGGER_RTT_ConfigDownBuffer</STRONG> (Thumb, 74 bytes, Stack size 32 bytes, segger_rtt.o(i.SEGGER_RTT_ConfigDownBuffer))
<BR><BR>[Stack]<UL><LI>Max Depth = 40<LI>Call Chain = SEGGER_RTT_ConfigDownBuffer &rArr; _DoInit
</UL>
<BR>[Calls]<UL><LI><a href="#[9d]">&gt;&gt;</a>&nbsp;&nbsp;&nbsp;_DoInit
</UL>
<BR>[Called By]<UL><LI><a href="#[1d6]">&gt;&gt;</a>&nbsp;&nbsp;&nbsp;log_rtt_init
</UL>

<P><STRONG><a name="[9e]"></a>SEGGER_RTT_ConfigUpBuffer</STRONG> (Thumb, 74 bytes, Stack size 32 bytes, segger_rtt.o(i.SEGGER_RTT_ConfigUpBuffer))
<BR><BR>[Stack]<UL><LI>Max Depth = 40<LI>Call Chain = SEGGER_RTT_ConfigUpBuffer &rArr; _DoInit
</UL>
<BR>[Calls]<UL><LI><a href="#[9d]">&gt;&gt;</a>&nbsp;&nbsp;&nbsp;_DoInit
</UL>
<BR>[Called By]<UL><LI><a href="#[1d6]">&gt;&gt;</a>&nbsp;&nbsp;&nbsp;log_rtt_init
</UL>

<P><STRONG><a name="[9f]"></a>SEGGER_RTT_Write</STRONG> (Thumb, 32 bytes, Stack size 16 bytes, segger_rtt.o(i.SEGGER_RTT_Write))
<BR><BR>[Stack]<UL><LI>Max Depth = 72<LI>Call Chain = SEGGER_RTT_Write &rArr; SEGGER_RTT_WriteNoLock &rArr; _WriteBlocking &rArr; __aeabi_memcpy
</UL>
<BR>[Calls]<UL><LI><a href="#[a0]">&gt;&gt;</a>&nbsp;&nbsp;&nbsp;SEGGER_RTT_WriteNoLock
<LI><a href="#[9d]">&gt;&gt;</a>&nbsp;&nbsp;&nbsp;_DoInit
</UL>
<BR>[Called By]<UL><LI><a href="#[a5]">&gt;&gt;</a>&nbsp;&nbsp;&nbsp;_StoreChar
<LI><a href="#[a4]">&gt;&gt;</a>&nbsp;&nbsp;&nbsp;SEGGER_RTT_vprintf
</UL>

<P><STRONG><a name="[a0]"></a>SEGGER_RTT_WriteNoLock</STRONG> (Thumb, 86 bytes, Stack size 16 bytes, segger_rtt.o(i.SEGGER_RTT_WriteNoLock))
<BR><BR>[Stack]<UL><LI>Max Depth = 56<LI>Call Chain = SEGGER_RTT_WriteNoLock &rArr; _WriteBlocking &rArr; __aeabi_memcpy
</UL>
<BR>[Calls]<UL><LI><a href="#[a2]">&gt;&gt;</a>&nbsp;&nbsp;&nbsp;_WriteNoCheck
<LI><a href="#[a3]">&gt;&gt;</a>&nbsp;&nbsp;&nbsp;_WriteBlocking
<LI><a href="#[a1]">&gt;&gt;</a>&nbsp;&nbsp;&nbsp;_GetAvailWriteSpace
</UL>
<BR>[Called By]<UL><LI><a href="#[9f]">&gt;&gt;</a>&nbsp;&nbsp;&nbsp;SEGGER_RTT_Write
</UL>

<P><STRONG><a name="[a4]"></a>SEGGER_RTT_vprintf</STRONG> (Thumb, 406 bytes, Stack size 120 bytes, segger_rtt_printf.o(i.SEGGER_RTT_vprintf))
<BR><BR>[Stack]<UL><LI>Max Depth = 288<LI>Call Chain = SEGGER_RTT_vprintf &rArr; _PrintInt &rArr; _PrintUnsigned &rArr; _StoreChar &rArr; SEGGER_RTT_Write &rArr; SEGGER_RTT_WriteNoLock &rArr; _WriteBlocking &rArr; __aeabi_memcpy
</UL>
<BR>[Calls]<UL><LI><a href="#[a5]">&gt;&gt;</a>&nbsp;&nbsp;&nbsp;_StoreChar
<LI><a href="#[a7]">&gt;&gt;</a>&nbsp;&nbsp;&nbsp;_PrintUnsigned
<LI><a href="#[a6]">&gt;&gt;</a>&nbsp;&nbsp;&nbsp;_PrintInt
<LI><a href="#[9f]">&gt;&gt;</a>&nbsp;&nbsp;&nbsp;SEGGER_RTT_Write
</UL>
<BR>[Called By]<UL><LI><a href="#[1d7]">&gt;&gt;</a>&nbsp;&nbsp;&nbsp;log_rtt_printf
</UL>

<P><STRONG><a name="[1e]"></a>SWI0_EGU0_IRQHandler</STRONG> (Thumb, 4 bytes, Stack size 0 bytes, app_timer.o(i.SWI0_EGU0_IRQHandler))
<BR><BR>[Stack]<UL><LI>Max Depth = 96<LI>Call Chain = SWI0_EGU0_IRQHandler &rArr; timer_list_handler &rArr; compare_reg_update &rArr; rtc1_stop
</UL>
<BR>[Calls]<UL><LI><a href="#[a8]">&gt;&gt;</a>&nbsp;&nbsp;&nbsp;timer_list_handler
</UL>
<BR>[Address Reference Count : 1]<UL><LI> arm_startup_nrf52.o(RESET)
</UL>
<P><STRONG><a name="[20]"></a>SWI2_EGU2_IRQHandler</STRONG> (Thumb, 32 bytes, Stack size 8 bytes, softdevice_handler.o(i.SWI2_EGU2_IRQHandler))
<BR><BR>[Stack]<UL><LI>Max Depth = 96<LI>Call Chain = SWI2_EGU2_IRQHandler &rArr; intern_softdevice_events_execute &rArr; sd_ble_evt_get &rArr; app_mailbox_get &rArr; app_mailbox_sized_get &rArr; __aeabi_memcpy
</UL>
<BR>[Calls]<UL><LI><a href="#[a9]">&gt;&gt;</a>&nbsp;&nbsp;&nbsp;app_error_handler_bare
<LI><a href="#[aa]">&gt;&gt;</a>&nbsp;&nbsp;&nbsp;intern_softdevice_events_execute
</UL>
<BR>[Address Reference Count : 1]<UL><LI> arm_startup_nrf52.o(RESET)
</UL>
<P><STRONG><a name="[30]"></a>SystemInit</STRONG> (Thumb, 566 bytes, Stack size 16 bytes, system_nrf52.o(i.SystemInit))
<BR><BR>[Stack]<UL><LI>Max Depth = 16<LI>Call Chain = SystemInit
</UL>
<BR>[Address Reference Count : 1]<UL><LI> arm_startup_nrf52.o(.text)
</UL>
<P><STRONG><a name="[c]"></a>UARTE0_UART0_IRQHandler</STRONG> (Thumb, 14 bytes, Stack size 0 bytes, nrf_drv_uart.o(i.UARTE0_UART0_IRQHandler))
<BR><BR>[Stack]<UL><LI>Max Depth = 64<LI>Call Chain = UARTE0_UART0_IRQHandler &rArr; uart_irq_handler &rArr; tx_done_event
</UL>
<BR>[Calls]<UL><LI><a href="#[ab]">&gt;&gt;</a>&nbsp;&nbsp;&nbsp;uarte_irq_handler
<LI><a href="#[ac]">&gt;&gt;</a>&nbsp;&nbsp;&nbsp;uart_irq_handler
</UL>
<BR>[Address Reference Count : 1]<UL><LI> arm_startup_nrf52.o(RESET)
</UL>
<P><STRONG><a name="[23d]"></a>__scatterload_copy</STRONG> (Thumb, 14 bytes, Stack size unknown bytes, handlers.o(i.__scatterload_copy), UNUSED)

<P><STRONG><a name="[23e]"></a>__scatterload_null</STRONG> (Thumb, 2 bytes, Stack size unknown bytes, handlers.o(i.__scatterload_null), UNUSED)

<P><STRONG><a name="[23f]"></a>__scatterload_zeroinit</STRONG> (Thumb, 14 bytes, Stack size unknown bytes, handlers.o(i.__scatterload_zeroinit), UNUSED)

<P><STRONG><a name="[af]"></a>adv_data_encode</STRONG> (Thumb, 514 bytes, Stack size 48 bytes, ble_advdata.o(i.adv_data_encode))
<BR><BR>[Stack]<UL><LI>Max Depth = 328<LI>Call Chain = adv_data_encode &rArr; uuid_list_encode &rArr; uuid_list_sized_encode &rArr; sd_ble_uuid_encode &rArr; ser_sd_transport_cmd_write &rArr; ser_hal_transport_tx_pkt_send &rArr; ser_phy_tx_pkt_send &rArr; ser_phy_uart_tx &rArr; app_uart_put &rArr; nrf_drv_uart_tx &rArr; nrf_drv_uart_tx_for_uart
</UL>
<BR>[Calls]<UL><LI><a href="#[b2]">&gt;&gt;</a>&nbsp;&nbsp;&nbsp;sd_ble_gap_appearance_get
<LI><a href="#[b4]">&gt;&gt;</a>&nbsp;&nbsp;&nbsp;uuid_list_encode
<LI><a href="#[b3]">&gt;&gt;</a>&nbsp;&nbsp;&nbsp;uint16_encode
<LI><a href="#[b7]">&gt;&gt;</a>&nbsp;&nbsp;&nbsp;service_data_encode
<LI><a href="#[b8]">&gt;&gt;</a>&nbsp;&nbsp;&nbsp;name_encode
<LI><a href="#[b6]">&gt;&gt;</a>&nbsp;&nbsp;&nbsp;manuf_specific_data_encode
<LI><a href="#[b0]">&gt;&gt;</a>&nbsp;&nbsp;&nbsp;le_role_encode
<LI><a href="#[b5]">&gt;&gt;</a>&nbsp;&nbsp;&nbsp;conn_int_encode
<LI><a href="#[b1]">&gt;&gt;</a>&nbsp;&nbsp;&nbsp;ble_device_addr_encode
</UL>
<BR>[Called By]<UL><LI><a href="#[e8]">&gt;&gt;</a>&nbsp;&nbsp;&nbsp;ble_advdata_set
</UL>

<P><STRONG><a name="[1ff]"></a>app_ble_gap_sec_context_create</STRONG> (Thumb, 54 bytes, Stack size 16 bytes, app_ble_gap_sec_keys.o(i.app_ble_gap_sec_context_create))
<BR><BR>[Stack]<UL><LI>Max Depth = 16<LI>Call Chain = app_ble_gap_sec_context_create
</UL>
<BR>[Called By]<UL><LI><a href="#[1c6]">&gt;&gt;</a>&nbsp;&nbsp;&nbsp;sd_ble_gap_sec_params_reply
</UL>

<P><STRONG><a name="[161]"></a>app_ble_gap_sec_context_destroy</STRONG> (Thumb, 46 bytes, Stack size 8 bytes, app_ble_gap_sec_keys.o(i.app_ble_gap_sec_context_destroy))
<BR><BR>[Stack]<UL><LI>Max Depth = 8<LI>Call Chain = app_ble_gap_sec_context_destroy
</UL>
<BR>[Called By]<UL><LI><a href="#[6c]">&gt;&gt;</a>&nbsp;&nbsp;&nbsp;gap_sec_params_reply_rsp_dec
<LI><a href="#[11d]">&gt;&gt;</a>&nbsp;&nbsp;&nbsp;ble_gap_evt_auth_status_dec
</UL>

<P><STRONG><a name="[160]"></a>app_ble_gap_sec_context_find</STRONG> (Thumb, 48 bytes, Stack size 16 bytes, app_ble_gap_sec_keys.o(i.app_ble_gap_sec_context_find))
<BR><BR>[Stack]<UL><LI>Max Depth = 16<LI>Call Chain = app_ble_gap_sec_context_find
</UL>
<BR>[Called By]<UL><LI><a href="#[120]">&gt;&gt;</a>&nbsp;&nbsp;&nbsp;ble_gap_evt_lesc_dhkey_request_dec
<LI><a href="#[11d]">&gt;&gt;</a>&nbsp;&nbsp;&nbsp;ble_gap_evt_auth_status_dec
</UL>

<P><STRONG><a name="[13d]"></a>app_ble_user_mem_context_destroy</STRONG> (Thumb, 46 bytes, Stack size 8 bytes, app_ble_user_mem.o(i.app_ble_user_mem_context_destroy))
<BR><BR>[Stack]<UL><LI>Max Depth = 8<LI>Call Chain = app_ble_user_mem_context_destroy
</UL>
<BR>[Called By]<UL><LI><a href="#[111]">&gt;&gt;</a>&nbsp;&nbsp;&nbsp;ble_evt_user_mem_release_dec
</UL>

<P><STRONG><a name="[13e]"></a>app_ble_user_mem_context_find</STRONG> (Thumb, 48 bytes, Stack size 16 bytes, app_ble_user_mem.o(i.app_ble_user_mem_context_find))
<BR><BR>[Stack]<UL><LI>Max Depth = 16<LI>Call Chain = app_ble_user_mem_context_find
</UL>
<BR>[Called By]<UL><LI><a href="#[12c]">&gt;&gt;</a>&nbsp;&nbsp;&nbsp;ble_gatts_evt_write_dec
<LI><a href="#[131]">&gt;&gt;</a>&nbsp;&nbsp;&nbsp;ble_gatts_evt_rw_authorize_request_dec
<LI><a href="#[111]">&gt;&gt;</a>&nbsp;&nbsp;&nbsp;ble_evt_user_mem_release_dec
</UL>

<P><STRONG><a name="[bb]"></a>app_button_enable</STRONG> (Thumb, 32 bytes, Stack size 16 bytes, app_button.o(i.app_button_enable))
<BR><BR>[Stack]<UL><LI>Max Depth = 56<LI>Call Chain = app_button_enable &rArr; nrf_drv_gpiote_in_event_enable &rArr; nrf_gpiote_event_clear
</UL>
<BR>[Calls]<UL><LI><a href="#[bc]">&gt;&gt;</a>&nbsp;&nbsp;&nbsp;nrf_drv_gpiote_in_event_enable
</UL>
<BR>[Called By]<UL><LI><a href="#[1b5]">&gt;&gt;</a>&nbsp;&nbsp;&nbsp;bsp_init
</UL>

<P><STRONG><a name="[bd]"></a>app_button_init</STRONG> (Thumb, 96 bytes, Stack size 24 bytes, app_button.o(i.app_button_init))
<BR><BR>[Stack]<UL><LI>Max Depth = 76<LI>Call Chain = app_button_init &rArr; nrf_drv_gpiote_in_init &rArr; channel_port_alloc
</UL>
<BR>[Calls]<UL><LI><a href="#[c1]">&gt;&gt;</a>&nbsp;&nbsp;&nbsp;app_timer_create
<LI><a href="#[be]">&gt;&gt;</a>&nbsp;&nbsp;&nbsp;nrf_drv_gpiote_is_init
<LI><a href="#[bf]">&gt;&gt;</a>&nbsp;&nbsp;&nbsp;nrf_drv_gpiote_init
<LI><a href="#[c0]">&gt;&gt;</a>&nbsp;&nbsp;&nbsp;nrf_drv_gpiote_in_init
</UL>
<BR>[Called By]<UL><LI><a href="#[1b5]">&gt;&gt;</a>&nbsp;&nbsp;&nbsp;bsp_init
</UL>

<P><STRONG><a name="[c2]"></a>app_error_fault_handler</STRONG> (Thumb, 26 bytes, Stack size 0 bytes, app_error_weak.o(i.app_error_fault_handler))
<BR><BR>[Called By]<UL><LI><a href="#[a9]">&gt;&gt;</a>&nbsp;&nbsp;&nbsp;app_error_handler_bare
<LI><a href="#[7d]">&gt;&gt;</a>&nbsp;&nbsp;&nbsp;softdevice_fault_handler
</UL>

<P><STRONG><a name="[a9]"></a>app_error_handler_bare</STRONG> (Thumb, 22 bytes, Stack size 16 bytes, app_error.o(i.app_error_handler_bare))
<BR><BR>[Stack]<UL><LI>Max Depth = 16<LI>Call Chain = app_error_handler_bare
</UL>
<BR>[Calls]<UL><LI><a href="#[c2]">&gt;&gt;</a>&nbsp;&nbsp;&nbsp;app_error_fault_handler
</UL>
<BR>[Called By]<UL><LI><a href="#[f0]">&gt;&gt;</a>&nbsp;&nbsp;&nbsp;sd_ble_gap_adv_stop
<LI><a href="#[f5]">&gt;&gt;</a>&nbsp;&nbsp;&nbsp;sd_ble_gap_adv_start
<LI><a href="#[202]">&gt;&gt;</a>&nbsp;&nbsp;&nbsp;sd_ble_uuid_encode
<LI><a href="#[1db]">&gt;&gt;</a>&nbsp;&nbsp;&nbsp;sd_ble_gap_device_name_get
<LI><a href="#[b2]">&gt;&gt;</a>&nbsp;&nbsp;&nbsp;sd_ble_gap_appearance_get
<LI><a href="#[e9]">&gt;&gt;</a>&nbsp;&nbsp;&nbsp;sd_ble_gap_adv_data_set
<LI><a href="#[104]">&gt;&gt;</a>&nbsp;&nbsp;&nbsp;sd_ble_gap_address_get
<LI><a href="#[205]">&gt;&gt;</a>&nbsp;&nbsp;&nbsp;sd_power_system_off
<LI><a href="#[100]">&gt;&gt;</a>&nbsp;&nbsp;&nbsp;sd_ble_gap_ppcp_set
<LI><a href="#[1b3]">&gt;&gt;</a>&nbsp;&nbsp;&nbsp;sd_ble_gap_disconnect
<LI><a href="#[1cd]">&gt;&gt;</a>&nbsp;&nbsp;&nbsp;sd_ble_gap_device_name_set
<LI><a href="#[1ce]">&gt;&gt;</a>&nbsp;&nbsp;&nbsp;sd_ble_gap_appearance_set
<LI><a href="#[135]">&gt;&gt;</a>&nbsp;&nbsp;&nbsp;dm_ble_evt_handler
<LI><a href="#[2f]">&gt;&gt;</a>&nbsp;&nbsp;&nbsp;main
<LI><a href="#[5a]">&gt;&gt;</a>&nbsp;&nbsp;&nbsp;bsp_event_handler
<LI><a href="#[1d8]">&gt;&gt;</a>&nbsp;&nbsp;&nbsp;timers_init
<LI><a href="#[1b2]">&gt;&gt;</a>&nbsp;&nbsp;&nbsp;sleep_mode_enter
<LI><a href="#[1d9]">&gt;&gt;</a>&nbsp;&nbsp;&nbsp;services_init
<LI><a href="#[5c]">&gt;&gt;</a>&nbsp;&nbsp;&nbsp;on_conn_params_evt
<LI><a href="#[5b]">&gt;&gt;</a>&nbsp;&nbsp;&nbsp;on_adv_evt
<LI><a href="#[7f]">&gt;&gt;</a>&nbsp;&nbsp;&nbsp;heart_rate_meas_timeout_handler
<LI><a href="#[1cc]">&gt;&gt;</a>&nbsp;&nbsp;&nbsp;gap_params_init
<LI><a href="#[1bf]">&gt;&gt;</a>&nbsp;&nbsp;&nbsp;device_manager_init
<LI><a href="#[58]">&gt;&gt;</a>&nbsp;&nbsp;&nbsp;device_manager_evt_handler
<LI><a href="#[5d]">&gt;&gt;</a>&nbsp;&nbsp;&nbsp;conn_params_error_handler
<LI><a href="#[1a3]">&gt;&gt;</a>&nbsp;&nbsp;&nbsp;ble_stack_init
<LI><a href="#[50]">&gt;&gt;</a>&nbsp;&nbsp;&nbsp;ble_evt_dispatch
<LI><a href="#[7e]">&gt;&gt;</a>&nbsp;&nbsp;&nbsp;battery_level_meas_timeout_handler
<LI><a href="#[dd]">&gt;&gt;</a>&nbsp;&nbsp;&nbsp;application_timers_start
<LI><a href="#[1cf]">&gt;&gt;</a>&nbsp;&nbsp;&nbsp;sd_ble_gatts_sys_attr_set
<LI><a href="#[1d1]">&gt;&gt;</a>&nbsp;&nbsp;&nbsp;sd_ble_gatts_sys_attr_get
<LI><a href="#[1d0]">&gt;&gt;</a>&nbsp;&nbsp;&nbsp;sd_ble_gatts_service_changed
<LI><a href="#[1c6]">&gt;&gt;</a>&nbsp;&nbsp;&nbsp;sd_ble_gap_sec_params_reply
<LI><a href="#[1c5]">&gt;&gt;</a>&nbsp;&nbsp;&nbsp;sd_ble_gap_sec_info_reply
<LI><a href="#[59]">&gt;&gt;</a>&nbsp;&nbsp;&nbsp;dm_pstorage_cb_handler
<LI><a href="#[107]">&gt;&gt;</a>&nbsp;&nbsp;&nbsp;sys_id_encode
<LI><a href="#[108]">&gt;&gt;</a>&nbsp;&nbsp;&nbsp;pnp_id_encode
<LI><a href="#[106]">&gt;&gt;</a>&nbsp;&nbsp;&nbsp;char_add
<LI><a href="#[101]">&gt;&gt;</a>&nbsp;&nbsp;&nbsp;sd_ble_gap_ppcp_get
<LI><a href="#[1fb]">&gt;&gt;</a>&nbsp;&nbsp;&nbsp;sd_ble_gap_conn_param_update
<LI><a href="#[f6]">&gt;&gt;</a>&nbsp;&nbsp;&nbsp;sd_ble_gatts_value_set
<LI><a href="#[f9]">&gt;&gt;</a>&nbsp;&nbsp;&nbsp;sd_ble_gatts_service_add
<LI><a href="#[f7]">&gt;&gt;</a>&nbsp;&nbsp;&nbsp;sd_ble_gatts_hvx
<LI><a href="#[e5]">&gt;&gt;</a>&nbsp;&nbsp;&nbsp;sd_ble_gatts_descriptor_add
<LI><a href="#[e3]">&gt;&gt;</a>&nbsp;&nbsp;&nbsp;sd_ble_gatts_characteristic_add
<LI><a href="#[9b]">&gt;&gt;</a>&nbsp;&nbsp;&nbsp;timer_timeouts_check
<LI><a href="#[74]">&gt;&gt;</a>&nbsp;&nbsp;&nbsp;gatts_value_set_rsp_dec
<LI><a href="#[73]">&gt;&gt;</a>&nbsp;&nbsp;&nbsp;gatts_sys_attr_set_rsp_dec
<LI><a href="#[72]">&gt;&gt;</a>&nbsp;&nbsp;&nbsp;gatts_sys_attr_get_rsp_dec
<LI><a href="#[71]">&gt;&gt;</a>&nbsp;&nbsp;&nbsp;gatts_service_changed_rsp_dec
<LI><a href="#[70]">&gt;&gt;</a>&nbsp;&nbsp;&nbsp;gatts_service_add_rsp_dec
<LI><a href="#[6f]">&gt;&gt;</a>&nbsp;&nbsp;&nbsp;gatts_hvx_rsp_dec
<LI><a href="#[6e]">&gt;&gt;</a>&nbsp;&nbsp;&nbsp;gatts_descriptor_add_rsp_dec
<LI><a href="#[6d]">&gt;&gt;</a>&nbsp;&nbsp;&nbsp;gatts_characteristic_add_rsp_dec
<LI><a href="#[6c]">&gt;&gt;</a>&nbsp;&nbsp;&nbsp;gap_sec_params_reply_rsp_dec
<LI><a href="#[6b]">&gt;&gt;</a>&nbsp;&nbsp;&nbsp;gap_sec_info_reply_rsp_dec
<LI><a href="#[6a]">&gt;&gt;</a>&nbsp;&nbsp;&nbsp;gap_ppcp_set_rsp_dec
<LI><a href="#[69]">&gt;&gt;</a>&nbsp;&nbsp;&nbsp;gap_ppcp_get_reply_rsp_dec
<LI><a href="#[68]">&gt;&gt;</a>&nbsp;&nbsp;&nbsp;gap_disconnect_rsp_dec
<LI><a href="#[67]">&gt;&gt;</a>&nbsp;&nbsp;&nbsp;gap_device_name_set_rsp_dec
<LI><a href="#[66]">&gt;&gt;</a>&nbsp;&nbsp;&nbsp;gap_device_name_get_rsp_dec
<LI><a href="#[65]">&gt;&gt;</a>&nbsp;&nbsp;&nbsp;gap_conn_param_update_rsp_dec
<LI><a href="#[64]">&gt;&gt;</a>&nbsp;&nbsp;&nbsp;gap_appearance_set_rsp_dec
<LI><a href="#[63]">&gt;&gt;</a>&nbsp;&nbsp;&nbsp;gap_appearance_get_rsp_dec
<LI><a href="#[62]">&gt;&gt;</a>&nbsp;&nbsp;&nbsp;gap_adv_stop_rsp_dec
<LI><a href="#[61]">&gt;&gt;</a>&nbsp;&nbsp;&nbsp;gap_adv_start_rsp_dec
<LI><a href="#[60]">&gt;&gt;</a>&nbsp;&nbsp;&nbsp;gap_adv_data_set_rsp_dec
<LI><a href="#[5f]">&gt;&gt;</a>&nbsp;&nbsp;&nbsp;gap_address_get_rsp_dec
<LI><a href="#[1f6]">&gt;&gt;</a>&nbsp;&nbsp;&nbsp;ser_sd_transport_cmd_write
<LI><a href="#[1f4]">&gt;&gt;</a>&nbsp;&nbsp;&nbsp;sd_ble_enable
<LI><a href="#[75]">&gt;&gt;</a>&nbsp;&nbsp;&nbsp;uuid_encode_rsp_dec
<LI><a href="#[5e]">&gt;&gt;</a>&nbsp;&nbsp;&nbsp;enable_rsp_dec
<LI><a href="#[7b]">&gt;&gt;</a>&nbsp;&nbsp;&nbsp;ser_phy_uart_evt_callback
<LI><a href="#[7a]">&gt;&gt;</a>&nbsp;&nbsp;&nbsp;phy_events_handler
<LI><a href="#[aa]">&gt;&gt;</a>&nbsp;&nbsp;&nbsp;intern_softdevice_events_execute
<LI><a href="#[20]">&gt;&gt;</a>&nbsp;&nbsp;&nbsp;SWI2_EGU2_IRQHandler
<LI><a href="#[76]">&gt;&gt;</a>&nbsp;&nbsp;&nbsp;ser_softdevice_flash_operation_success_evt
<LI><a href="#[79]">&gt;&gt;</a>&nbsp;&nbsp;&nbsp;ser_softdevice_evt_handler
<LI><a href="#[21f]">&gt;&gt;</a>&nbsp;&nbsp;&nbsp;ser_sd_transport_rx_packet_handler
</UL>

<P><STRONG><a name="[20d]"></a>app_mailbox_create</STRONG> (Thumb, 22 bytes, Stack size 0 bytes, app_mailbox.o(i.app_mailbox_create))
<BR><BR>[Called By]<UL><LI><a href="#[209]">&gt;&gt;</a>&nbsp;&nbsp;&nbsp;sd_softdevice_enable
</UL>

<P><STRONG><a name="[c3]"></a>app_mailbox_get</STRONG> (Thumb, 10 bytes, Stack size 8 bytes, app_mailbox.o(i.app_mailbox_get))
<BR><BR>[Stack]<UL><LI>Max Depth = 48<LI>Call Chain = app_mailbox_get &rArr; app_mailbox_sized_get &rArr; __aeabi_memcpy
</UL>
<BR>[Calls]<UL><LI><a href="#[c4]">&gt;&gt;</a>&nbsp;&nbsp;&nbsp;app_mailbox_sized_get
</UL>
<BR>[Called By]<UL><LI><a href="#[1d2]">&gt;&gt;</a>&nbsp;&nbsp;&nbsp;sd_evt_get
<LI><a href="#[1d3]">&gt;&gt;</a>&nbsp;&nbsp;&nbsp;sd_ble_evt_get
</UL>

<P><STRONG><a name="[c5]"></a>app_mailbox_put</STRONG> (Thumb, 6 bytes, Stack size 0 bytes, app_mailbox.o(i.app_mailbox_put))
<BR><BR>[Stack]<UL><LI>Max Depth = 40<LI>Call Chain = app_mailbox_put &rArr; app_mailbox_sized_put &rArr; __aeabi_memcpy
</UL>
<BR>[Calls]<UL><LI><a href="#[c6]">&gt;&gt;</a>&nbsp;&nbsp;&nbsp;app_mailbox_sized_put
</UL>
<BR>[Called By]<UL><LI><a href="#[76]">&gt;&gt;</a>&nbsp;&nbsp;&nbsp;ser_softdevice_flash_operation_success_evt
<LI><a href="#[79]">&gt;&gt;</a>&nbsp;&nbsp;&nbsp;ser_softdevice_evt_handler
</UL>

<P><STRONG><a name="[c4]"></a>app_mailbox_sized_get</STRONG> (Thumb, 78 bytes, Stack size 32 bytes, app_mailbox.o(i.app_mailbox_sized_get))
<BR><BR>[Stack]<UL><LI>Max Depth = 40<LI>Call Chain = app_mailbox_sized_get &rArr; __aeabi_memcpy
</UL>
<BR>[Calls]<UL><LI><a href="#[c8]">&gt;&gt;</a>&nbsp;&nbsp;&nbsp;dequeue
<LI><a href="#[c9]">&gt;&gt;</a>&nbsp;&nbsp;&nbsp;app_util_critical_region_exit
<LI><a href="#[c7]">&gt;&gt;</a>&nbsp;&nbsp;&nbsp;app_util_critical_region_enter
<LI><a href="#[ae]">&gt;&gt;</a>&nbsp;&nbsp;&nbsp;__aeabi_memcpy
</UL>
<BR>[Called By]<UL><LI><a href="#[c3]">&gt;&gt;</a>&nbsp;&nbsp;&nbsp;app_mailbox_get
</UL>

<P><STRONG><a name="[c6]"></a>app_mailbox_sized_put</STRONG> (Thumb, 100 bytes, Stack size 32 bytes, app_mailbox.o(i.app_mailbox_sized_put))
<BR><BR>[Stack]<UL><LI>Max Depth = 40<LI>Call Chain = app_mailbox_sized_put &rArr; __aeabi_memcpy
</UL>
<BR>[Calls]<UL><LI><a href="#[c8]">&gt;&gt;</a>&nbsp;&nbsp;&nbsp;dequeue
<LI><a href="#[c9]">&gt;&gt;</a>&nbsp;&nbsp;&nbsp;app_util_critical_region_exit
<LI><a href="#[c7]">&gt;&gt;</a>&nbsp;&nbsp;&nbsp;app_util_critical_region_enter
<LI><a href="#[ae]">&gt;&gt;</a>&nbsp;&nbsp;&nbsp;__aeabi_memcpy
</UL>
<BR>[Called By]<UL><LI><a href="#[c5]">&gt;&gt;</a>&nbsp;&nbsp;&nbsp;app_mailbox_put
</UL>

<P><STRONG><a name="[c1]"></a>app_timer_create</STRONG> (Thumb, 32 bytes, Stack size 0 bytes, app_timer.o(i.app_timer_create))
<BR><BR>[Called By]<UL><LI><a href="#[bd]">&gt;&gt;</a>&nbsp;&nbsp;&nbsp;app_button_init
<LI><a href="#[1b5]">&gt;&gt;</a>&nbsp;&nbsp;&nbsp;bsp_init
<LI><a href="#[ff]">&gt;&gt;</a>&nbsp;&nbsp;&nbsp;ble_conn_params_init
<LI><a href="#[1d8]">&gt;&gt;</a>&nbsp;&nbsp;&nbsp;timers_init
</UL>

<P><STRONG><a name="[ca]"></a>app_timer_init</STRONG> (Thumb, 134 bytes, Stack size 32 bytes, app_timer.o(i.app_timer_init))
<BR><BR>[Stack]<UL><LI>Max Depth = 48<LI>Call Chain = app_timer_init &rArr; rtc1_stop
</UL>
<BR>[Calls]<UL><LI><a href="#[cb]">&gt;&gt;</a>&nbsp;&nbsp;&nbsp;rtc1_stop
<LI><a href="#[cd]">&gt;&gt;</a>&nbsp;&nbsp;&nbsp;NVIC_SetPriority
<LI><a href="#[ce]">&gt;&gt;</a>&nbsp;&nbsp;&nbsp;NVIC_EnableIRQ
<LI><a href="#[cc]">&gt;&gt;</a>&nbsp;&nbsp;&nbsp;NVIC_ClearPendingIRQ
</UL>
<BR>[Called By]<UL><LI><a href="#[1d8]">&gt;&gt;</a>&nbsp;&nbsp;&nbsp;timers_init
</UL>

<P><STRONG><a name="[cf]"></a>app_timer_start</STRONG> (Thumb, 118 bytes, Stack size 32 bytes, app_timer.o(i.app_timer_start))
<BR><BR>[Stack]<UL><LI>Max Depth = 32<LI>Call Chain = app_timer_start
</UL>
<BR>[Calls]<UL><LI><a href="#[d1]">&gt;&gt;</a>&nbsp;&nbsp;&nbsp;user_op_alloc
<LI><a href="#[d0]">&gt;&gt;</a>&nbsp;&nbsp;&nbsp;user_id_get
<LI><a href="#[d2]">&gt;&gt;</a>&nbsp;&nbsp;&nbsp;NVIC_SetPendingIRQ
</UL>
<BR>[Called By]<UL><LI><a href="#[1b4]">&gt;&gt;</a>&nbsp;&nbsp;&nbsp;bsp_led_indication
<LI><a href="#[82]">&gt;&gt;</a>&nbsp;&nbsp;&nbsp;bsp_button_event_handler
<LI><a href="#[dd]">&gt;&gt;</a>&nbsp;&nbsp;&nbsp;application_timers_start
<LI><a href="#[103]">&gt;&gt;</a>&nbsp;&nbsp;&nbsp;conn_params_negotiation
<LI><a href="#[32]">&gt;&gt;</a>&nbsp;&nbsp;&nbsp;gpiote_event_handler
</UL>

<P><STRONG><a name="[d3]"></a>app_timer_stop</STRONG> (Thumb, 76 bytes, Stack size 24 bytes, app_timer.o(i.app_timer_stop))
<BR><BR>[Stack]<UL><LI>Max Depth = 24<LI>Call Chain = app_timer_stop
</UL>
<BR>[Calls]<UL><LI><a href="#[d1]">&gt;&gt;</a>&nbsp;&nbsp;&nbsp;user_op_alloc
<LI><a href="#[d0]">&gt;&gt;</a>&nbsp;&nbsp;&nbsp;user_id_get
<LI><a href="#[d2]">&gt;&gt;</a>&nbsp;&nbsp;&nbsp;NVIC_SetPendingIRQ
</UL>
<BR>[Called By]<UL><LI><a href="#[1b4]">&gt;&gt;</a>&nbsp;&nbsp;&nbsp;bsp_led_indication
<LI><a href="#[82]">&gt;&gt;</a>&nbsp;&nbsp;&nbsp;bsp_button_event_handler
<LI><a href="#[102]">&gt;&gt;</a>&nbsp;&nbsp;&nbsp;ble_conn_params_on_ble_evt
<LI><a href="#[32]">&gt;&gt;</a>&nbsp;&nbsp;&nbsp;gpiote_event_handler
</UL>

<P><STRONG><a name="[d4]"></a>app_uart_init</STRONG> (Thumb, 120 bytes, Stack size 48 bytes, app_uart.o(i.app_uart_init))
<BR><BR>[Stack]<UL><LI>Max Depth = 124<LI>Call Chain = app_uart_init &rArr; nrf_drv_uart_init &rArr; apply_config &rArr; nrf_gpio_cfg_output &rArr; nrf_gpio_cfg
</UL>
<BR>[Calls]<UL><LI><a href="#[d7]">&gt;&gt;</a>&nbsp;&nbsp;&nbsp;nrf_drv_uart_rx_enable
<LI><a href="#[d8]">&gt;&gt;</a>&nbsp;&nbsp;&nbsp;nrf_drv_uart_rx
<LI><a href="#[d6]">&gt;&gt;</a>&nbsp;&nbsp;&nbsp;nrf_drv_uart_init
<LI><a href="#[d5]">&gt;&gt;</a>&nbsp;&nbsp;&nbsp;__aeabi_memcpy4
</UL>
<BR>[Called By]<UL><LI><a href="#[216]">&gt;&gt;</a>&nbsp;&nbsp;&nbsp;ser_phy_open
</UL>

<P><STRONG><a name="[d9]"></a>app_uart_put</STRONG> (Thumb, 30 bytes, Stack size 8 bytes, app_uart.o(i.app_uart_put))
<BR><BR>[Stack]<UL><LI>Max Depth = 80<LI>Call Chain = app_uart_put &rArr; nrf_drv_uart_tx &rArr; nrf_drv_uart_tx_for_uart
</UL>
<BR>[Calls]<UL><LI><a href="#[da]">&gt;&gt;</a>&nbsp;&nbsp;&nbsp;nrf_drv_uart_tx
</UL>
<BR>[Called By]<UL><LI><a href="#[21b]">&gt;&gt;</a>&nbsp;&nbsp;&nbsp;ser_phy_uart_tx
</UL>

<P><STRONG><a name="[c7]"></a>app_util_critical_region_enter</STRONG> (Thumb, 4 bytes, Stack size 0 bytes, app_util_platform.o(i.app_util_critical_region_enter))
<BR><BR>[Calls]<UL><LI><a href="#[db]">&gt;&gt;</a>&nbsp;&nbsp;&nbsp;app_util_disable_irq
</UL>
<BR>[Called By]<UL><LI><a href="#[c6]">&gt;&gt;</a>&nbsp;&nbsp;&nbsp;app_mailbox_sized_put
<LI><a href="#[c4]">&gt;&gt;</a>&nbsp;&nbsp;&nbsp;app_mailbox_sized_get
</UL>

<P><STRONG><a name="[c9]"></a>app_util_critical_region_exit</STRONG> (Thumb, 4 bytes, Stack size 0 bytes, app_util_platform.o(i.app_util_critical_region_exit))
<BR><BR>[Calls]<UL><LI><a href="#[dc]">&gt;&gt;</a>&nbsp;&nbsp;&nbsp;app_util_enable_irq
</UL>
<BR>[Called By]<UL><LI><a href="#[c6]">&gt;&gt;</a>&nbsp;&nbsp;&nbsp;app_mailbox_sized_put
<LI><a href="#[c4]">&gt;&gt;</a>&nbsp;&nbsp;&nbsp;app_mailbox_sized_get
</UL>

<P><STRONG><a name="[db]"></a>app_util_disable_irq</STRONG> (Thumb, 12 bytes, Stack size 0 bytes, app_util_platform.o(i.app_util_disable_irq))
<BR><BR>[Called By]<UL><LI><a href="#[c7]">&gt;&gt;</a>&nbsp;&nbsp;&nbsp;app_util_critical_region_enter
</UL>

<P><STRONG><a name="[dc]"></a>app_util_enable_irq</STRONG> (Thumb, 14 bytes, Stack size 0 bytes, app_util_platform.o(i.app_util_enable_irq))
<BR><BR>[Called By]<UL><LI><a href="#[c9]">&gt;&gt;</a>&nbsp;&nbsp;&nbsp;app_util_critical_region_exit
</UL>

<P><STRONG><a name="[e8]"></a>ble_advdata_set</STRONG> (Thumb, 106 bytes, Stack size 96 bytes, ble_advdata.o(i.ble_advdata_set))
<BR><BR>[Stack]<UL><LI>Max Depth = 424<LI>Call Chain = ble_advdata_set &rArr; adv_data_encode &rArr; uuid_list_encode &rArr; uuid_list_sized_encode &rArr; sd_ble_uuid_encode &rArr; ser_sd_transport_cmd_write &rArr; ser_hal_transport_tx_pkt_send &rArr; ser_phy_tx_pkt_send &rArr; ser_phy_uart_tx &rArr; app_uart_put &rArr; nrf_drv_uart_tx &rArr; nrf_drv_uart_tx_for_uart
</UL>
<BR>[Calls]<UL><LI><a href="#[e9]">&gt;&gt;</a>&nbsp;&nbsp;&nbsp;sd_ble_gap_adv_data_set
<LI><a href="#[af]">&gt;&gt;</a>&nbsp;&nbsp;&nbsp;adv_data_encode
</UL>
<BR>[Called By]<UL><LI><a href="#[ed]">&gt;&gt;</a>&nbsp;&nbsp;&nbsp;ble_advertising_start
<LI><a href="#[ef]">&gt;&gt;</a>&nbsp;&nbsp;&nbsp;ble_advertising_restart_without_whitelist
<LI><a href="#[ea]">&gt;&gt;</a>&nbsp;&nbsp;&nbsp;ble_advertising_init
</UL>

<P><STRONG><a name="[ea]"></a>ble_advertising_init</STRONG> (Thumb, 274 bytes, Stack size 16 bytes, ble_advertising.o(i.ble_advertising_init))
<BR><BR>[Stack]<UL><LI>Max Depth = 440<LI>Call Chain = ble_advertising_init &rArr; ble_advdata_set &rArr; adv_data_encode &rArr; uuid_list_encode &rArr; uuid_list_sized_encode &rArr; sd_ble_uuid_encode &rArr; ser_sd_transport_cmd_write &rArr; ser_hal_transport_tx_pkt_send &rArr; ser_phy_tx_pkt_send &rArr; ser_phy_uart_tx &rArr; app_uart_put &rArr; nrf_drv_uart_tx &rArr; nrf_drv_uart_tx_for_uart
</UL>
<BR>[Calls]<UL><LI><a href="#[eb]">&gt;&gt;</a>&nbsp;&nbsp;&nbsp;ble_advertising_peer_address_clear
<LI><a href="#[e8]">&gt;&gt;</a>&nbsp;&nbsp;&nbsp;ble_advdata_set
<LI><a href="#[e2]">&gt;&gt;</a>&nbsp;&nbsp;&nbsp;__aeabi_memclr4
<LI><a href="#[d5]">&gt;&gt;</a>&nbsp;&nbsp;&nbsp;__aeabi_memcpy4
</UL>
<BR>[Called By]<UL><LI><a href="#[2f]">&gt;&gt;</a>&nbsp;&nbsp;&nbsp;main
</UL>

<P><STRONG><a name="[ec]"></a>ble_advertising_on_ble_evt</STRONG> (Thumb, 122 bytes, Stack size 8 bytes, ble_advertising.o(i.ble_advertising_on_ble_evt))
<BR><BR>[Stack]<UL><LI>Max Depth = 496<LI>Call Chain = ble_advertising_on_ble_evt &rArr; ble_advertising_start &rArr; ble_advdata_set &rArr; adv_data_encode &rArr; uuid_list_encode &rArr; uuid_list_sized_encode &rArr; sd_ble_uuid_encode &rArr; ser_sd_transport_cmd_write &rArr; ser_hal_transport_tx_pkt_send &rArr; ser_phy_tx_pkt_send &rArr; ser_phy_uart_tx &rArr; app_uart_put &rArr; nrf_drv_uart_tx &rArr; nrf_drv_uart_tx_for_uart
</UL>
<BR>[Calls]<UL><LI><a href="#[ed]">&gt;&gt;</a>&nbsp;&nbsp;&nbsp;ble_advertising_start
</UL>
<BR>[Called By]<UL><LI><a href="#[50]">&gt;&gt;</a>&nbsp;&nbsp;&nbsp;ble_evt_dispatch
</UL>

<P><STRONG><a name="[ee]"></a>ble_advertising_on_sys_evt</STRONG> (Thumb, 46 bytes, Stack size 8 bytes, ble_advertising.o(i.ble_advertising_on_sys_evt))
<BR><BR>[Stack]<UL><LI>Max Depth = 496<LI>Call Chain = ble_advertising_on_sys_evt &rArr; ble_advertising_start &rArr; ble_advdata_set &rArr; adv_data_encode &rArr; uuid_list_encode &rArr; uuid_list_sized_encode &rArr; sd_ble_uuid_encode &rArr; ser_sd_transport_cmd_write &rArr; ser_hal_transport_tx_pkt_send &rArr; ser_phy_tx_pkt_send &rArr; ser_phy_uart_tx &rArr; app_uart_put &rArr; nrf_drv_uart_tx &rArr; nrf_drv_uart_tx_for_uart
</UL>
<BR>[Calls]<UL><LI><a href="#[ed]">&gt;&gt;</a>&nbsp;&nbsp;&nbsp;ble_advertising_start
</UL>
<BR>[Called By]<UL><LI><a href="#[51]">&gt;&gt;</a>&nbsp;&nbsp;&nbsp;sys_evt_dispatch
</UL>

<P><STRONG><a name="[ef]"></a>ble_advertising_restart_without_whitelist</STRONG> (Thumb, 72 bytes, Stack size 8 bytes, ble_advertising.o(i.ble_advertising_restart_without_whitelist))
<BR><BR>[Stack]<UL><LI>Max Depth = 496<LI>Call Chain = ble_advertising_restart_without_whitelist &rArr; ble_advertising_start &rArr; ble_advdata_set &rArr; adv_data_encode &rArr; uuid_list_encode &rArr; uuid_list_sized_encode &rArr; sd_ble_uuid_encode &rArr; ser_sd_transport_cmd_write &rArr; ser_hal_transport_tx_pkt_send &rArr; ser_phy_tx_pkt_send &rArr; ser_phy_uart_tx &rArr; app_uart_put &rArr; nrf_drv_uart_tx &rArr; nrf_drv_uart_tx_for_uart
</UL>
<BR>[Calls]<UL><LI><a href="#[f0]">&gt;&gt;</a>&nbsp;&nbsp;&nbsp;sd_ble_gap_adv_stop
<LI><a href="#[e8]">&gt;&gt;</a>&nbsp;&nbsp;&nbsp;ble_advdata_set
<LI><a href="#[ed]">&gt;&gt;</a>&nbsp;&nbsp;&nbsp;ble_advertising_start
</UL>
<BR>[Called By]<UL><LI><a href="#[5a]">&gt;&gt;</a>&nbsp;&nbsp;&nbsp;bsp_event_handler
</UL>

<P><STRONG><a name="[ed]"></a>ble_advertising_start</STRONG> (Thumb, 472 bytes, Stack size 64 bytes, ble_advertising.o(i.ble_advertising_start))
<BR><BR>[Stack]<UL><LI>Max Depth = 488<LI>Call Chain = ble_advertising_start &rArr; ble_advdata_set &rArr; adv_data_encode &rArr; uuid_list_encode &rArr; uuid_list_sized_encode &rArr; sd_ble_uuid_encode &rArr; ser_sd_transport_cmd_write &rArr; ser_hal_transport_tx_pkt_send &rArr; ser_phy_tx_pkt_send &rArr; ser_phy_uart_tx &rArr; app_uart_put &rArr; nrf_drv_uart_tx &rArr; nrf_drv_uart_tx_for_uart
</UL>
<BR>[Calls]<UL><LI><a href="#[f5]">&gt;&gt;</a>&nbsp;&nbsp;&nbsp;sd_ble_gap_adv_start
<LI><a href="#[f1]">&gt;&gt;</a>&nbsp;&nbsp;&nbsp;pstorage_access_status_get
<LI><a href="#[f2]">&gt;&gt;</a>&nbsp;&nbsp;&nbsp;fs_queued_op_count_get
<LI><a href="#[f4]">&gt;&gt;</a>&nbsp;&nbsp;&nbsp;whitelist_has_entries
<LI><a href="#[f3]">&gt;&gt;</a>&nbsp;&nbsp;&nbsp;peer_address_exists
<LI><a href="#[eb]">&gt;&gt;</a>&nbsp;&nbsp;&nbsp;ble_advertising_peer_address_clear
<LI><a href="#[e8]">&gt;&gt;</a>&nbsp;&nbsp;&nbsp;ble_advdata_set
<LI><a href="#[e2]">&gt;&gt;</a>&nbsp;&nbsp;&nbsp;__aeabi_memclr4
</UL>
<BR>[Called By]<UL><LI><a href="#[ef]">&gt;&gt;</a>&nbsp;&nbsp;&nbsp;ble_advertising_restart_without_whitelist
<LI><a href="#[ee]">&gt;&gt;</a>&nbsp;&nbsp;&nbsp;ble_advertising_on_sys_evt
<LI><a href="#[ec]">&gt;&gt;</a>&nbsp;&nbsp;&nbsp;ble_advertising_on_ble_evt
<LI><a href="#[2f]">&gt;&gt;</a>&nbsp;&nbsp;&nbsp;main
</UL>

<P><STRONG><a name="[e7]"></a>ble_bas_battery_level_update</STRONG> (Thumb, 126 bytes, Stack size 48 bytes, ble_bas.o(i.ble_bas_battery_level_update))
<BR><BR>[Stack]<UL><LI>Max Depth = 232<LI>Call Chain = ble_bas_battery_level_update &rArr; sd_ble_gatts_value_set &rArr; ser_sd_transport_cmd_write &rArr; ser_hal_transport_tx_pkt_send &rArr; ser_phy_tx_pkt_send &rArr; ser_phy_uart_tx &rArr; app_uart_put &rArr; nrf_drv_uart_tx &rArr; nrf_drv_uart_tx_for_uart
</UL>
<BR>[Calls]<UL><LI><a href="#[f6]">&gt;&gt;</a>&nbsp;&nbsp;&nbsp;sd_ble_gatts_value_set
<LI><a href="#[f7]">&gt;&gt;</a>&nbsp;&nbsp;&nbsp;sd_ble_gatts_hvx
</UL>
<BR>[Called By]<UL><LI><a href="#[7e]">&gt;&gt;</a>&nbsp;&nbsp;&nbsp;battery_level_meas_timeout_handler
</UL>

<P><STRONG><a name="[f8]"></a>ble_bas_init</STRONG> (Thumb, 70 bytes, Stack size 16 bytes, ble_bas.o(i.ble_bas_init))
<BR><BR>[Stack]<UL><LI>Max Depth = 312<LI>Call Chain = ble_bas_init &rArr; battery_level_char_add &rArr; sd_ble_gatts_characteristic_add &rArr; ser_sd_transport_cmd_write &rArr; ser_hal_transport_tx_pkt_send &rArr; ser_phy_tx_pkt_send &rArr; ser_phy_uart_tx &rArr; app_uart_put &rArr; nrf_drv_uart_tx &rArr; nrf_drv_uart_tx_for_uart
</UL>
<BR>[Calls]<UL><LI><a href="#[e1]">&gt;&gt;</a>&nbsp;&nbsp;&nbsp;battery_level_char_add
<LI><a href="#[f9]">&gt;&gt;</a>&nbsp;&nbsp;&nbsp;sd_ble_gatts_service_add
</UL>
<BR>[Called By]<UL><LI><a href="#[1d9]">&gt;&gt;</a>&nbsp;&nbsp;&nbsp;services_init
</UL>

<P><STRONG><a name="[137]"></a>ble_bas_on_ble_evt</STRONG> (Thumb, 88 bytes, Stack size 8 bytes, ble_bas.o(i.ble_bas_on_ble_evt))
<BR><BR>[Stack]<UL><LI>Max Depth = 8<LI>Call Chain = ble_bas_on_ble_evt
</UL>
<BR>[Called By]<UL><LI><a href="#[50]">&gt;&gt;</a>&nbsp;&nbsp;&nbsp;ble_evt_dispatch
</UL>

<P><STRONG><a name="[fa]"></a>ble_common_enable_params_t_enc</STRONG> (Thumb, 46 bytes, Stack size 24 bytes, ble_struct_serialization.o(i.ble_common_enable_params_t_enc))
<BR><BR>[Stack]<UL><LI>Max Depth = 40<LI>Call Chain = ble_common_enable_params_t_enc &rArr; cond_field_enc
</UL>
<BR>[Calls]<UL><LI><a href="#[fb]">&gt;&gt;</a>&nbsp;&nbsp;&nbsp;uint16_t_enc
<LI><a href="#[fc]">&gt;&gt;</a>&nbsp;&nbsp;&nbsp;cond_field_enc
</UL>
<BR>[Called By]<UL><LI><a href="#[37]">&gt;&gt;</a>&nbsp;&nbsp;&nbsp;ble_enable_params_t_enc
</UL>

<P><STRONG><a name="[fd]"></a>ble_conn_bw_count_t_enc</STRONG> (Thumb, 64 bytes, Stack size 24 bytes, ble_struct_serialization.o(i.ble_conn_bw_count_t_enc))
<BR><BR>[Stack]<UL><LI>Max Depth = 32<LI>Call Chain = ble_conn_bw_count_t_enc &rArr; uint8_t_enc
</UL>
<BR>[Calls]<UL><LI><a href="#[fe]">&gt;&gt;</a>&nbsp;&nbsp;&nbsp;uint8_t_enc
</UL>
<BR>[Called By]<UL><LI><a href="#[35]">&gt;&gt;</a>&nbsp;&nbsp;&nbsp;ble_conn_bw_counts_t_enc
</UL>

<P><STRONG><a name="[35]"></a>ble_conn_bw_counts_t_enc</STRONG> (Thumb, 48 bytes, Stack size 24 bytes, ble_struct_serialization.o(i.ble_conn_bw_counts_t_enc))
<BR><BR>[Stack]<UL><LI>Max Depth = 56<LI>Call Chain = ble_conn_bw_counts_t_enc &rArr; ble_conn_bw_count_t_enc &rArr; uint8_t_enc
</UL>
<BR>[Calls]<UL><LI><a href="#[fd]">&gt;&gt;</a>&nbsp;&nbsp;&nbsp;ble_conn_bw_count_t_enc
</UL>
<BR>[Address Reference Count : 1]<UL><LI> ble_struct_serialization.o(i.ble_common_enable_params_t_enc)
</UL>
<P><STRONG><a name="[ff]"></a>ble_conn_params_init</STRONG> (Thumb, 76 bytes, Stack size 16 bytes, ble_conn_params.o(i.ble_conn_params_init))
<BR><BR>[Stack]<UL><LI>Max Depth = 184<LI>Call Chain = ble_conn_params_init &rArr; sd_ble_gap_ppcp_set &rArr; ser_sd_transport_cmd_write &rArr; ser_hal_transport_tx_pkt_send &rArr; ser_phy_tx_pkt_send &rArr; ser_phy_uart_tx &rArr; app_uart_put &rArr; nrf_drv_uart_tx &rArr; nrf_drv_uart_tx_for_uart
</UL>
<BR>[Calls]<UL><LI><a href="#[100]">&gt;&gt;</a>&nbsp;&nbsp;&nbsp;sd_ble_gap_ppcp_set
<LI><a href="#[c1]">&gt;&gt;</a>&nbsp;&nbsp;&nbsp;app_timer_create
<LI><a href="#[101]">&gt;&gt;</a>&nbsp;&nbsp;&nbsp;sd_ble_gap_ppcp_get
<LI><a href="#[d5]">&gt;&gt;</a>&nbsp;&nbsp;&nbsp;__aeabi_memcpy4
</UL>
<BR>[Called By]<UL><LI><a href="#[2f]">&gt;&gt;</a>&nbsp;&nbsp;&nbsp;main
</UL>

<P><STRONG><a name="[102]"></a>ble_conn_params_on_ble_evt</STRONG> (Thumb, 120 bytes, Stack size 16 bytes, ble_conn_params.o(i.ble_conn_params_on_ble_evt))
<BR><BR>[Stack]<UL><LI>Max Depth = 72<LI>Call Chain = ble_conn_params_on_ble_evt &rArr; conn_params_negotiation &rArr; app_timer_start
</UL>
<BR>[Calls]<UL><LI><a href="#[d3]">&gt;&gt;</a>&nbsp;&nbsp;&nbsp;app_timer_stop
<LI><a href="#[103]">&gt;&gt;</a>&nbsp;&nbsp;&nbsp;conn_params_negotiation
</UL>
<BR>[Called By]<UL><LI><a href="#[50]">&gt;&gt;</a>&nbsp;&nbsp;&nbsp;ble_evt_dispatch
</UL>

<P><STRONG><a name="[105]"></a>ble_dis_init</STRONG> (Thumb, 298 bytes, Stack size 32 bytes, ble_dis.o(i.ble_dis_init))
[...]
</UL>
<P><STRONG><a name="[64]"></a>gap_appearance_set_rsp_dec</STRONG> (Thumb, 18 bytes, Stack size 8 bytes, app_mw_ble_gap.o(i.gap_appearance_set_rsp_dec))
<BR><BR>[Stack]<UL><LI>Max Depth = 36<LI>Call Chain = gap_appearance_set_rsp_dec &rArr; ble_gap_appearance_set_rsp_dec &rArr; ser_ble_cmd_rsp_dec &rArr; ser_ble_cmd_rsp_result_code_dec
</UL>
<BR>[Calls]<UL><LI><a href="#[a9]">&gt;&gt;</a>&nbsp;&nbsp;&nbsp;app_error_handler_bare
<LI><a href="#[14e]">&gt;&gt;</a>&nbsp;&nbsp;&nbsp;ble_gap_appearance_set_rsp_dec
</UL>
<BR>[Address Reference Count : 1]<UL><LI> app_mw_ble_gap.o(i.sd_ble_gap_appearance_set)
</UL>
<P><STRONG><a name="[65]"></a>gap_conn_param_update_rsp_dec</STRONG> (Thumb, 18 bytes, Stack size 8 bytes, app_mw_ble_gap.o(i.gap_conn_param_update_rsp_dec))
<BR><BR>[Stack]<UL><LI>Max Depth = 36<LI>Call Chain = gap_conn_param_update_rsp_dec &rArr; ble_gap_conn_param_update_rsp_dec &rArr; ser_ble_cmd_rsp_dec &rArr; ser_ble_cmd_rsp_result_code_dec
</UL>
<BR>[Calls]<UL><LI><a href="#[a9]">&gt;&gt;</a>&nbsp;&nbsp;&nbsp;app_error_handler_bare
<LI><a href="#[151]">&gt;&gt;</a>&nbsp;&nbsp;&nbsp;ble_gap_conn_param_update_rsp_dec
</UL>
<BR>[Address Reference Count : 1]<UL><LI> app_mw_ble_gap.o(i.sd_ble_gap_conn_param_update)
</UL>
<P><STRONG><a name="[66]"></a>gap_device_name_get_rsp_dec</STRONG> (Thumb, 24 bytes, Stack size 16 bytes, app_mw_ble_gap.o(i.gap_device_name_get_rsp_dec))
<BR><BR>[Stack]<UL><LI>Max Depth = 156<LI>Call Chain = gap_device_name_get_rsp_dec &rArr; ble_gap_device_name_get_rsp_dec &rArr; len16data_dec &rArr; buf_dec &rArr; uint8_dec
</UL>
<BR>[Calls]<UL><LI><a href="#[a9]">&gt;&gt;</a>&nbsp;&nbsp;&nbsp;app_error_handler_bare
<LI><a href="#[154]">&gt;&gt;</a>&nbsp;&nbsp;&nbsp;ble_gap_device_name_get_rsp_dec
</UL>
<BR>[Address Reference Count : 1]<UL><LI> app_mw_ble_gap.o(i.sd_ble_gap_device_name_get)
</UL>
<P><STRONG><a name="[67]"></a>gap_device_name_set_rsp_dec</STRONG> (Thumb, 18 bytes, Stack size 8 bytes, app_mw_ble_gap.o(i.gap_device_name_set_rsp_dec))
<BR><BR>[Stack]<UL><LI>Max Depth = 36<LI>Call Chain = gap_device_name_set_rsp_dec &rArr; ble_gap_device_name_set_rsp_dec &rArr; ser_ble_cmd_rsp_dec &rArr; ser_ble_cmd_rsp_result_code_dec
</UL>
<BR>[Calls]<UL><LI><a href="#[a9]">&gt;&gt;</a>&nbsp;&nbsp;&nbsp;app_error_handler_bare
<LI><a href="#[157]">&gt;&gt;</a>&nbsp;&nbsp;&nbsp;ble_gap_device_name_set_rsp_dec
</UL>
<BR>[Address Reference Count : 1]<UL><LI> app_mw_ble_gap.o(i.sd_ble_gap_device_name_set)
</UL>
<P><STRONG><a name="[68]"></a>gap_disconnect_rsp_dec</STRONG> (Thumb, 18 bytes, Stack size 8 bytes, app_mw_ble_gap.o(i.gap_disconnect_rsp_dec))
<BR><BR>[Stack]<UL><LI>Max Depth = 36<LI>Call Chain = gap_disconnect_rsp_dec &rArr; ble_gap_disconnect_rsp_dec &rArr; ser_ble_cmd_rsp_dec &rArr; ser_ble_cmd_rsp_result_code_dec
</UL>
<BR>[Calls]<UL><LI><a href="#[a9]">&gt;&gt;</a>&nbsp;&nbsp;&nbsp;app_error_handler_bare
<LI><a href="#[158]">&gt;&gt;</a>&nbsp;&nbsp;&nbsp;ble_gap_disconnect_rsp_dec
</UL>
<BR>[Address Reference Count : 1]<UL><LI> app_mw_ble_gap.o(i.sd_ble_gap_disconnect)
</UL>
<P><STRONG><a name="[69]"></a>gap_ppcp_get_reply_rsp_dec</STRONG> (Thumb, 26 bytes, Stack size 8 bytes, app_mw_ble_gap.o(i.gap_ppcp_get_reply_rsp_dec))
<BR><BR>[Stack]<UL><LI>Max Depth = 52<LI>Call Chain = gap_ppcp_get_reply_rsp_dec &rArr; ble_gap_ppcp_get_rsp_dec &rArr; ser_ble_cmd_rsp_result_code_dec
</UL>
<BR>[Calls]<UL><LI><a href="#[a9]">&gt;&gt;</a>&nbsp;&nbsp;&nbsp;app_error_handler_bare
<LI><a href="#[16c]">&gt;&gt;</a>&nbsp;&nbsp;&nbsp;ble_gap_ppcp_get_rsp_dec
</UL>
<BR>[Address Reference Count : 1]<UL><LI> app_mw_ble_gap.o(i.sd_ble_gap_ppcp_get)
</UL>
<P><STRONG><a name="[6a]"></a>gap_ppcp_set_rsp_dec</STRONG> (Thumb, 18 bytes, Stack size 8 bytes, app_mw_ble_gap.o(i.gap_ppcp_set_rsp_dec))
<BR><BR>[Stack]<UL><LI>Max Depth = 36<LI>Call Chain = gap_ppcp_set_rsp_dec &rArr; ble_gap_ppcp_set_rsp_dec &rArr; ser_ble_cmd_rsp_dec &rArr; ser_ble_cmd_rsp_result_code_dec
</UL>
<BR>[Calls]<UL><LI><a href="#[a9]">&gt;&gt;</a>&nbsp;&nbsp;&nbsp;app_error_handler_bare
<LI><a href="#[16f]">&gt;&gt;</a>&nbsp;&nbsp;&nbsp;ble_gap_ppcp_set_rsp_dec
</UL>
<BR>[Address Reference Count : 1]<UL><LI> app_mw_ble_gap.o(i.sd_ble_gap_ppcp_set)
</UL>
<P><STRONG><a name="[6b]"></a>gap_sec_info_reply_rsp_dec</STRONG> (Thumb, 18 bytes, Stack size 8 bytes, app_mw_ble_gap.o(i.gap_sec_info_reply_rsp_dec))
<BR><BR>[Stack]<UL><LI>Max Depth = 36<LI>Call Chain = gap_sec_info_reply_rsp_dec &rArr; ble_gap_sec_info_reply_rsp_dec &rArr; ser_ble_cmd_rsp_dec &rArr; ser_ble_cmd_rsp_result_code_dec
</UL>
<BR>[Calls]<UL><LI><a href="#[a9]">&gt;&gt;</a>&nbsp;&nbsp;&nbsp;app_error_handler_bare
<LI><a href="#[171]">&gt;&gt;</a>&nbsp;&nbsp;&nbsp;ble_gap_sec_info_reply_rsp_dec
</UL>
<BR>[Address Reference Count : 1]<UL><LI> app_mw_ble_gap.o(i.sd_ble_gap_sec_info_reply)
</UL>
<P><STRONG><a name="[6c]"></a>gap_sec_params_reply_rsp_dec</STRONG> (Thumb, 40 bytes, Stack size 16 bytes, app_mw_ble_gap.o(i.gap_sec_params_reply_rsp_dec))
<BR><BR>[Stack]<UL><LI>Max Depth = 100<LI>Call Chain = gap_sec_params_reply_rsp_dec &rArr; ble_gap_sec_params_reply_rsp_dec &rArr; cond_field_dec &rArr; uint8_dec
</UL>
<BR>[Calls]<UL><LI><a href="#[a9]">&gt;&gt;</a>&nbsp;&nbsp;&nbsp;app_error_handler_bare
<LI><a href="#[161]">&gt;&gt;</a>&nbsp;&nbsp;&nbsp;app_ble_gap_sec_context_destroy
<LI><a href="#[175]">&gt;&gt;</a>&nbsp;&nbsp;&nbsp;ble_gap_sec_params_reply_rsp_dec
</UL>
<BR>[Address Reference Count : 1]<UL><LI> app_mw_ble_gap.o(i.sd_ble_gap_sec_params_reply)
</UL>
<P><STRONG><a name="[1f7]"></a>tx_buf_alloc</STRONG> (Thumb, 30 bytes, Stack size 16 bytes, app_mw_ble_gap.o(i.tx_buf_alloc))
<BR><BR>[Stack]<UL><LI>Max Depth = 24<LI>Call Chain = tx_buf_alloc &rArr; ser_sd_transport_tx_alloc &rArr; ser_hal_transport_tx_pkt_alloc
</UL>
<BR>[Calls]<UL><LI><a href="#[223]">&gt;&gt;</a>&nbsp;&nbsp;&nbsp;ser_sd_transport_tx_alloc
</UL>
<BR>[Called By]<UL><LI><a href="#[f0]">&gt;&gt;</a>&nbsp;&nbsp;&nbsp;sd_ble_gap_adv_stop
<LI><a href="#[f5]">&gt;&gt;</a>&nbsp;&nbsp;&nbsp;sd_ble_gap_adv_start
<LI><a href="#[1db]">&gt;&gt;</a>&nbsp;&nbsp;&nbsp;sd_ble_gap_device_name_get
<LI><a href="#[b2]">&gt;&gt;</a>&nbsp;&nbsp;&nbsp;sd_ble_gap_appearance_get
<LI><a href="#[e9]">&gt;&gt;</a>&nbsp;&nbsp;&nbsp;sd_ble_gap_adv_data_set
<LI><a href="#[104]">&gt;&gt;</a>&nbsp;&nbsp;&nbsp;sd_ble_gap_address_get
<LI><a href="#[100]">&gt;&gt;</a>&nbsp;&nbsp;&nbsp;sd_ble_gap_ppcp_set
<LI><a href="#[1b3]">&gt;&gt;</a>&nbsp;&nbsp;&nbsp;sd_ble_gap_disconnect
<LI><a href="#[1cd]">&gt;&gt;</a>&nbsp;&nbsp;&nbsp;sd_ble_gap_device_name_set
<LI><a href="#[1ce]">&gt;&gt;</a>&nbsp;&nbsp;&nbsp;sd_ble_gap_appearance_set
<LI><a href="#[1c6]">&gt;&gt;</a>&nbsp;&nbsp;&nbsp;sd_ble_gap_sec_params_reply
<LI><a href="#[1c5]">&gt;&gt;</a>&nbsp;&nbsp;&nbsp;sd_ble_gap_sec_info_reply
<LI><a href="#[101]">&gt;&gt;</a>&nbsp;&nbsp;&nbsp;sd_ble_gap_ppcp_get
<LI><a href="#[1fb]">&gt;&gt;</a>&nbsp;&nbsp;&nbsp;sd_ble_gap_conn_param_update
</UL>

<P><STRONG><a name="[6d]"></a>gatts_characteristic_add_rsp_dec</STRONG> (Thumb, 20 bytes, Stack size 8 bytes, app_mw_ble_gatts.o(i.gatts_characteristic_add_rsp_dec))
<BR><BR>[Stack]<UL><LI>Max Depth = 84<LI>Call Chain = gatts_characteristic_add_rsp_dec &rArr; ble_gatts_characteristic_add_rsp_dec &rArr; cond_field_dec &rArr; uint8_dec
</UL>
<BR>[Calls]<UL><LI><a href="#[a9]">&gt;&gt;</a>&nbsp;&nbsp;&nbsp;app_error_handler_bare
<LI><a href="#[182]">&gt;&gt;</a>&nbsp;&nbsp;&nbsp;ble_gatts_characteristic_add_rsp_dec
</UL>
<BR>[Address Reference Count : 1]<UL><LI> app_mw_ble_gatts.o(i.sd_ble_gatts_characteristic_add)
</UL>
<P><STRONG><a name="[6e]"></a>gatts_descriptor_add_rsp_dec</STRONG> (Thumb, 26 bytes, Stack size 8 bytes, app_mw_ble_gatts.o(i.gatts_descriptor_add_rsp_dec))
<BR><BR>[Stack]<UL><LI>Max Depth = 52<LI>Call Chain = gatts_descriptor_add_rsp_dec &rArr; ble_gatts_descriptor_add_rsp_dec &rArr; ser_ble_cmd_rsp_result_code_dec
</UL>
<BR>[Calls]<UL><LI><a href="#[a9]">&gt;&gt;</a>&nbsp;&nbsp;&nbsp;app_error_handler_bare
<LI><a href="#[184]">&gt;&gt;</a>&nbsp;&nbsp;&nbsp;ble_gatts_descriptor_add_rsp_dec
</UL>
<BR>[Address Reference Count : 1]<UL><LI> app_mw_ble_gatts.o(i.sd_ble_gatts_descriptor_add)
</UL>
<P><STRONG><a name="[6f]"></a>gatts_hvx_rsp_dec</STRONG> (Thumb, 20 bytes, Stack size 8 bytes, app_mw_ble_gatts.o(i.gatts_hvx_rsp_dec))
<BR><BR>[Stack]<UL><LI>Max Depth = 84<LI>Call Chain = gatts_hvx_rsp_dec &rArr; ble_gatts_hvx_rsp_dec &rArr; cond_field_dec &rArr; uint8_dec
</UL>
<BR>[Calls]<UL><LI><a href="#[a9]">&gt;&gt;</a>&nbsp;&nbsp;&nbsp;app_error_handler_bare
<LI><a href="#[18b]">&gt;&gt;</a>&nbsp;&nbsp;&nbsp;ble_gatts_hvx_rsp_dec
</UL>
<BR>[Address Reference Count : 1]<UL><LI> app_mw_ble_gatts.o(i.sd_ble_gatts_hvx)
</UL>
<P><STRONG><a name="[70]"></a>gatts_service_add_rsp_dec</STRONG> (Thumb, 22 bytes, Stack size 8 bytes, app_mw_ble_gatts.o(i.gatts_service_add_rsp_dec))
<BR><BR>[Stack]<UL><LI>Max Depth = 52<LI>Call Chain = gatts_service_add_rsp_dec &rArr; ble_gatts_service_add_rsp_dec &rArr; ser_ble_cmd_rsp_result_code_dec
</UL>
<BR>[Calls]<UL><LI><a href="#[a9]">&gt;&gt;</a>&nbsp;&nbsp;&nbsp;app_error_handler_bare
<LI><a href="#[18c]">&gt;&gt;</a>&nbsp;&nbsp;&nbsp;ble_gatts_service_add_rsp_dec
</UL>
<BR>[Address Reference Count : 1]<UL><LI> app_mw_ble_gatts.o(i.sd_ble_gatts_service_add)
</UL>
<P><STRONG><a name="[71]"></a>gatts_service_changed_rsp_dec</STRONG> (Thumb, 22 bytes, Stack size 8 bytes, app_mw_ble_gatts.o(i.gatts_service_changed_rsp_dec))
<BR><BR>[Stack]<UL><LI>Max Depth = 36<LI>Call Chain = gatts_service_changed_rsp_dec &rArr; ble_gatts_service_changed_rsp_dec &rArr; ser_ble_cmd_rsp_dec &rArr; ser_ble_cmd_rsp_result_code_dec
</UL>
<BR>[Calls]<UL><LI><a href="#[a9]">&gt;&gt;</a>&nbsp;&nbsp;&nbsp;app_error_handler_bare
<LI><a href="#[18e]">&gt;&gt;</a>&nbsp;&nbsp;&nbsp;ble_gatts_service_changed_rsp_dec
</UL>
<BR>[Address Reference Count : 1]<UL><LI> app_mw_ble_gatts.o(i.sd_ble_gatts_service_changed)
</UL>
<P><STRONG><a name="[72]"></a>gatts_sys_attr_get_rsp_dec</STRONG> (Thumb, 24 bytes, Stack size 16 bytes, app_mw_ble_gatts.o(i.gatts_sys_attr_get_rsp_dec))
<BR><BR>[Stack]<UL><LI>Max Depth = 68<LI>Call Chain = gatts_sys_attr_get_rsp_dec &rArr; ble_gatts_sys_attr_get_rsp_dec &rArr; ser_ble_cmd_rsp_result_code_dec
</UL>
<BR>[Calls]<UL><LI><a href="#[a9]">&gt;&gt;</a>&nbsp;&nbsp;&nbsp;app_error_handler_bare
<LI><a href="#[190]">&gt;&gt;</a>&nbsp;&nbsp;&nbsp;ble_gatts_sys_attr_get_rsp_dec
</UL>
<BR>[Address Reference Count : 1]<UL><LI> app_mw_ble_gatts.o(i.sd_ble_gatts_sys_attr_get)
</UL>
<P><STRONG><a name="[73]"></a>gatts_sys_attr_set_rsp_dec</STRONG> (Thumb, 18 bytes, Stack size 8 bytes, app_mw_ble_gatts.o(i.gatts_sys_attr_set_rsp_dec))
<BR><BR>[Stack]<UL><LI>Max Depth = 36<LI>Call Chain = gatts_sys_attr_set_rsp_dec &rArr; ble_gatts_sys_attr_set_rsp_dec &rArr; ser_ble_cmd_rsp_dec &rArr; ser_ble_cmd_rsp_result_code_dec
</UL>
<BR>[Calls]<UL><LI><a href="#[a9]">&gt;&gt;</a>&nbsp;&nbsp;&nbsp;app_error_handler_bare
<LI><a href="#[192]">&gt;&gt;</a>&nbsp;&nbsp;&nbsp;ble_gatts_sys_attr_set_rsp_dec
</UL>
<BR>[Address Reference Count : 1]<UL><LI> app_mw_ble_gatts.o(i.sd_ble_gatts_sys_attr_set)
</UL>
<P><STRONG><a name="[74]"></a>gatts_value_set_rsp_dec</STRONG> (Thumb, 22 bytes, Stack size 8 bytes, app_mw_ble_gatts.o(i.gatts_value_set_rsp_dec))
<BR><BR>[Stack]<UL><LI>Max Depth = 124<LI>Call Chain = gatts_value_set_rsp_dec &rArr; ble_gatts_value_set_rsp_dec &rArr; ble_gatts_value_t_dec &rArr; buf_dec &rArr; uint8_dec
</UL>
<BR>[Calls]<UL><LI><a href="#[a9]">&gt;&gt;</a>&nbsp;&nbsp;&nbsp;app_error_handler_bare
<LI><a href="#[194]">&gt;&gt;</a>&nbsp;&nbsp;&nbsp;ble_gatts_value_set_rsp_dec
</UL>
<BR>[Address Reference Count : 1]<UL><LI> app_mw_ble_gatts.o(i.sd_ble_gatts_value_set)
</UL>
<P><STRONG><a name="[200]"></a>tx_buf_alloc</STRONG> (Thumb, 30 bytes, Stack size 16 bytes, app_mw_ble_gatts.o(i.tx_buf_alloc))
<BR><BR>[Stack]<UL><LI>Max Depth = 24<LI>Call Chain = tx_buf_alloc &rArr; ser_sd_transport_tx_alloc &rArr; ser_hal_transport_tx_pkt_alloc
</UL>
<BR>[Calls]<UL><LI><a href="#[223]">&gt;&gt;</a>&nbsp;&nbsp;&nbsp;ser_sd_transport_tx_alloc
</UL>
<BR>[Called By]<UL><LI><a href="#[1cf]">&gt;&gt;</a>&nbsp;&nbsp;&nbsp;sd_ble_gatts_sys_attr_set
<LI><a href="#[1d1]">&gt;&gt;</a>&nbsp;&nbsp;&nbsp;sd_ble_gatts_sys_attr_get
<LI><a href="#[1d0]">&gt;&gt;</a>&nbsp;&nbsp;&nbsp;sd_ble_gatts_service_changed
<LI><a href="#[f6]">&gt;&gt;</a>&nbsp;&nbsp;&nbsp;sd_ble_gatts_value_set
<LI><a href="#[f9]">&gt;&gt;</a>&nbsp;&nbsp;&nbsp;sd_ble_gatts_service_add
<LI><a href="#[f7]">&gt;&gt;</a>&nbsp;&nbsp;&nbsp;sd_ble_gatts_hvx
<LI><a href="#[e5]">&gt;&gt;</a>&nbsp;&nbsp;&nbsp;sd_ble_gatts_descriptor_add
<LI><a href="#[e3]">&gt;&gt;</a>&nbsp;&nbsp;&nbsp;sd_ble_gatts_characteristic_add
</UL>

<P><STRONG><a name="[206]"></a>tx_buf_alloc</STRONG> (Thumb, 30 bytes, Stack size 16 bytes, app_mw_nrf_soc.o(i.tx_buf_alloc))
<BR><BR>[Stack]<UL><LI>Max Depth = 24<LI>Call Chain = tx_buf_alloc &rArr; ser_sd_transport_tx_alloc &rArr; ser_hal_transport_tx_pkt_alloc
</UL>
<BR>[Calls]<UL><LI><a href="#[223]">&gt;&gt;</a>&nbsp;&nbsp;&nbsp;ser_sd_transport_tx_alloc
</UL>
<BR>[Called By]<UL><LI><a href="#[205]">&gt;&gt;</a>&nbsp;&nbsp;&nbsp;sd_power_system_off
</UL>

<P><STRONG><a name="[150]"></a>uint16_encode</STRONG> (Thumb, 10 bytes, Stack size 0 bytes, ble_gap_conn_param_update.o(i.uint16_encode))
<BR><BR>[Called By]<UL><LI><a href="#[14f]">&gt;&gt;</a>&nbsp;&nbsp;&nbsp;ble_gap_conn_param_update_req_enc
</UL>

<P><STRONG><a name="[16e]"></a>uint16_encode</STRONG> (Thumb, 10 bytes, Stack size 0 bytes, ble_gap_ppcp_set.o(i.uint16_encode))
<BR><BR>[Called By]<UL><LI><a href="#[16d]">&gt;&gt;</a>&nbsp;&nbsp;&nbsp;ble_gap_ppcp_set_req_enc
</UL>

<P><STRONG><a name="[18a]"></a>uint16_encode</STRONG> (Thumb, 10 bytes, Stack size 0 bytes, ble_gatts_hvx.o(i.uint16_encode))
<BR><BR>[Called By]<UL><LI><a href="#[189]">&gt;&gt;</a>&nbsp;&nbsp;&nbsp;ble_gatts_hvx_req_enc
</UL>

<P><STRONG><a name="[22c]"></a>uint32_encode</STRONG> (Thumb, 18 bytes, Stack size 0 bytes, ble_serialization.o(i.uint32_encode))
<BR><BR>[Called By]<UL><LI><a href="#[185]">&gt;&gt;</a>&nbsp;&nbsp;&nbsp;uint32_t_enc
</UL>

<P><STRONG><a name="[7a]"></a>phy_events_handler</STRONG> (Thumb, 382 bytes, Stack size 40 bytes, ser_hal_transport.o(i.phy_events_handler))
<BR><BR>[Stack]<UL><LI>Max Depth = 56<LI>Call Chain = phy_events_handler &rArr; app_error_handler_bare
</UL>
<BR>[Calls]<UL><LI><a href="#[a9]">&gt;&gt;</a>&nbsp;&nbsp;&nbsp;app_error_handler_bare
<LI><a href="#[1ee]">&gt;&gt;</a>&nbsp;&nbsp;&nbsp;ser_phy_rx_buf_set
<LI><a href="#[1ed]">&gt;&gt;</a>&nbsp;&nbsp;&nbsp;ser_hal_transport_tx_pkt_free
<LI><a href="#[1ef]">&gt;&gt;</a>&nbsp;&nbsp;&nbsp;ser_hal_transport_rx_pkt_free
</UL>
<BR>[Address Reference Count : 1]<UL><LI> ser_hal_transport.o(i.ser_hal_transport_open)
</UL>
<P><STRONG><a name="[21c]"></a>callback_ser_phy_event</STRONG> (Thumb, 12 bytes, Stack size 0 bytes, ser_phy_nrf51_uart.o(i.callback_ser_phy_event))
<BR><BR>[Called By]<UL><LI><a href="#[21b]">&gt;&gt;</a>&nbsp;&nbsp;&nbsp;ser_phy_uart_tx
<LI><a href="#[21d]">&gt;&gt;</a>&nbsp;&nbsp;&nbsp;ser_phy_uart_rx
<LI><a href="#[7b]">&gt;&gt;</a>&nbsp;&nbsp;&nbsp;ser_phy_uart_evt_callback
</UL>

<P><STRONG><a name="[7b]"></a>ser_phy_uart_evt_callback</STRONG> (Thumb, 84 bytes, Stack size 0 bytes, ser_phy_nrf51_uart.o(i.ser_phy_uart_evt_callback))
<BR><BR>[Stack]<UL><LI>Max Depth = 104<LI>Call Chain = ser_phy_uart_evt_callback &rArr; ser_phy_uart_tx &rArr; app_uart_put &rArr; nrf_drv_uart_tx &rArr; nrf_drv_uart_tx_for_uart
</UL>
<BR>[Calls]<UL><LI><a href="#[a9]">&gt;&gt;</a>&nbsp;&nbsp;&nbsp;app_error_handler_bare
<LI><a href="#[21b]">&gt;&gt;</a>&nbsp;&nbsp;&nbsp;ser_phy_uart_tx
<LI><a href="#[21d]">&gt;&gt;</a>&nbsp;&nbsp;&nbsp;ser_phy_uart_rx
<LI><a href="#[21c]">&gt;&gt;</a>&nbsp;&nbsp;&nbsp;callback_ser_phy_event
</UL>
<BR>[Address Reference Count : 1]<UL><LI> ser_phy_nrf51_uart.o(i.ser_phy_open)
</UL>
<P><STRONG><a name="[21d]"></a>ser_phy_uart_rx</STRONG> (Thumb, 146 bytes, Stack size 24 bytes, ser_phy_nrf51_uart.o(i.ser_phy_uart_rx))
<BR><BR>[Stack]<UL><LI>Max Depth = 24<LI>Call Chain = ser_phy_uart_rx
</UL>
<BR>[Calls]<UL><LI><a href="#[21c]">&gt;&gt;</a>&nbsp;&nbsp;&nbsp;callback_ser_phy_event
</UL>
<BR>[Called By]<UL><LI><a href="#[7b]">&gt;&gt;</a>&nbsp;&nbsp;&nbsp;ser_phy_uart_evt_callback
</UL>

<P><STRONG><a name="[21b]"></a>ser_phy_uart_tx</STRONG> (Thumb, 104 bytes, Stack size 24 bytes, ser_phy_nrf51_uart.o(i.ser_phy_uart_tx))
<BR><BR>[Stack]<UL><LI>Max Depth = 104<LI>Call Chain = ser_phy_uart_tx &rArr; app_uart_put &rArr; nrf_drv_uart_tx &rArr; nrf_drv_uart_tx_for_uart
</UL>
<BR>[Calls]<UL><LI><a href="#[d9]">&gt;&gt;</a>&nbsp;&nbsp;&nbsp;app_uart_put
<LI><a href="#[21c]">&gt;&gt;</a>&nbsp;&nbsp;&nbsp;callback_ser_phy_event
</UL>
<BR>[Called By]<UL><LI><a href="#[7b]">&gt;&gt;</a>&nbsp;&nbsp;&nbsp;ser_phy_uart_evt_callback
<LI><a href="#[21a]">&gt;&gt;</a>&nbsp;&nbsp;&nbsp;ser_phy_tx_pkt_send
</UL>

<P><STRONG><a name="[7c]"></a>ser_sd_transport_hal_handler</STRONG> (Thumb, 84 bytes, Stack size 8 bytes, ser_sd_transport.o(i.ser_sd_transport_hal_handler))
<BR><BR>[Stack]<UL><LI>Max Depth = 40<LI>Call Chain = ser_sd_transport_hal_handler &rArr; ser_sd_transport_rx_packet_handler &rArr; app_error_handler_bare
</UL>
<BR>[Calls]<UL><LI><a href="#[220]">&gt;&gt;</a>&nbsp;&nbsp;&nbsp;ser_app_power_system_off_get
<LI><a href="#[221]">&gt;&gt;</a>&nbsp;&nbsp;&nbsp;ser_app_power_system_off_enter
<LI><a href="#[21f]">&gt;&gt;</a>&nbsp;&nbsp;&nbsp;ser_sd_transport_rx_packet_handler
</UL>
<BR>[Address Reference Count : 1]<UL><LI> ser_sd_transport.o(i.ser_sd_transport_open)
</UL>
<P><STRONG><a name="[21f]"></a>ser_sd_transport_rx_packet_handler</STRONG> (Thumb, 96 bytes, Stack size 16 bytes, ser_sd_transport.o(i.ser_sd_transport_rx_packet_handler))
<BR><BR>[Stack]<UL><LI>Max Depth = 32<LI>Call Chain = ser_sd_transport_rx_packet_handler &rArr; app_error_handler_bare
</UL>
<BR>[Calls]<UL><LI><a href="#[a9]">&gt;&gt;</a>&nbsp;&nbsp;&nbsp;app_error_handler_bare
<LI><a href="#[222]">&gt;&gt;</a>&nbsp;&nbsp;&nbsp;ser_sd_transport_rx_free
</UL>
<BR>[Called By]<UL><LI><a href="#[7c]">&gt;&gt;</a>&nbsp;&nbsp;&nbsp;ser_sd_transport_hal_handler
</UL>

<P><STRONG><a name="[78]"></a>ser_sd_rsp_wait</STRONG> (Thumb, 18 bytes, Stack size 8 bytes, ser_softdevice_handler.o(i.ser_sd_rsp_wait))
<BR><BR>[Stack]<UL><LI>Max Depth = 8<LI>Call Chain = ser_sd_rsp_wait
</UL>
<BR>[Calls]<UL><LI><a href="#[1cb]">&gt;&gt;</a>&nbsp;&nbsp;&nbsp;sd_app_evt_wait
<LI><a href="#[21e]">&gt;&gt;</a>&nbsp;&nbsp;&nbsp;ser_sd_transport_is_busy
</UL>
<BR>[Address Reference Count : 1]<UL><LI> ser_softdevice_handler.o(i.sd_softdevice_enable)
</UL>
<P><STRONG><a name="[79]"></a>ser_softdevice_evt_handler</STRONG> (Thumb, 60 bytes, Stack size 88 bytes, ser_softdevice_handler.o(i.ser_softdevice_evt_handler))
<BR><BR>[Stack]<UL><LI>Max Depth = 308<LI>Call Chain = ser_softdevice_evt_handler &rArr; ble_event_dec &rArr; ble_gatts_evt_rw_authorize_request_dec &rArr; ble_gatts_evt_rw_authorize_request_t_dec &rArr; ble_gatts_evt_write_t_dec &rArr; ble_uuid_t_dec &rArr; uint8_dec
</UL>
<BR>[Calls]<UL><LI><a href="#[a9]">&gt;&gt;</a>&nbsp;&nbsp;&nbsp;app_error_handler_bare
<LI><a href="#[c5]">&gt;&gt;</a>&nbsp;&nbsp;&nbsp;app_mailbox_put
<LI><a href="#[10e]">&gt;&gt;</a>&nbsp;&nbsp;&nbsp;ble_event_dec
<LI><a href="#[225]">&gt;&gt;</a>&nbsp;&nbsp;&nbsp;ser_app_hal_nrf_evt_pending
<LI><a href="#[222]">&gt;&gt;</a>&nbsp;&nbsp;&nbsp;ser_sd_transport_rx_free
</UL>
<BR>[Address Reference Count : 1]<UL><LI> ser_softdevice_handler.o(i.sd_softdevice_enable)
</UL>
<P><STRONG><a name="[204]"></a>ram_end_address_get</STRONG> (Thumb, 16 bytes, Stack size 0 bytes, softdevice_handler.o(i.ram_end_address_get))
<BR><BR>[Called By]<UL><LI><a href="#[1a7]">&gt;&gt;</a>&nbsp;&nbsp;&nbsp;softdevice_enable
<LI><a href="#[1a6]">&gt;&gt;</a>&nbsp;&nbsp;&nbsp;sd_check_ram_start
</UL>
<P>
<H3>
Undefined Global Symbols
</H3><HR></body></html>
