Component: ARM Compiler 5.06 (build 20) Tool: armlink [4d35a3]

==============================================================================

Section Cross References

    main.o(i.assert_nrf_callback) refers to app_error.o(i.app_error_handler) for app_error_handler
    main.o(i.battery_level_meas_timeout_handler) refers to sensorsim.o(i.sensorsim_measure) for sensorsim_measure
    main.o(i.battery_level_meas_timeout_handler) refers to ble_bas.o(i.ble_bas_battery_level_update) for ble_bas_battery_level_update
    main.o(i.battery_level_meas_timeout_handler) refers to app_error.o(i.app_error_handler_bare) for app_error_handler_bare
    main.o(i.battery_level_meas_timeout_handler) refers to main.o(.bss) for .bss
    main.o(i.battery_level_meas_timeout_handler) refers to main.o(.data) for .data
    main.o(i.ble_evt_dispatch) refers to ble_bps.o(i.ble_bps_on_ble_evt) for ble_bps_on_ble_evt
    main.o(i.ble_evt_dispatch) refers to ble_bas.o(i.ble_bas_on_ble_evt) for ble_bas_on_ble_evt
    main.o(i.ble_evt_dispatch) refers to ble_conn_params.o(i.ble_conn_params_on_ble_evt) for ble_conn_params_on_ble_evt
    main.o(i.ble_evt_dispatch) refers to device_manager_peripheral.o(i.dm_ble_evt_handler) for dm_ble_evt_handler
    main.o(i.ble_evt_dispatch) refers to bsp_btn_ble.o(i.bsp_btn_ble_on_ble_evt) for bsp_btn_ble_on_ble_evt
    main.o(i.ble_evt_dispatch) refers to bsp.o(i.bsp_indication_set) for bsp_indication_set
    main.o(i.ble_evt_dispatch) refers to app_error.o(i.app_error_handler_bare) for app_error_handler_bare
    main.o(i.ble_evt_dispatch) refers to app_mw_ble_gap.o(i.sd_ble_gap_disconnect) for sd_ble_gap_disconnect
    main.o(i.ble_evt_dispatch) refers to ble_advertising.o(i.ble_advertising_on_ble_evt) for ble_advertising_on_ble_evt
    main.o(i.ble_evt_dispatch) refers to main.o(.bss) for .bss
    main.o(i.ble_evt_dispatch) refers to main.o(.data) for .data
    main.o(i.ble_stack_init) refers to softdevice_handler.o(i.softdevice_handler_init) for softdevice_handler_init
    main.o(i.ble_stack_init) refers to app_error.o(i.app_error_handler_bare) for app_error_handler_bare
    main.o(i.ble_stack_init) refers to softdevice_handler.o(i.softdevice_enable_get_default_config) for softdevice_enable_get_default_config
    main.o(i.ble_stack_init) refers to softdevice_handler.o(i.sd_check_ram_start) for sd_check_ram_start
    main.o(i.ble_stack_init) refers to softdevice_handler.o(i.softdevice_enable) for softdevice_enable
    main.o(i.ble_stack_init) refers to softdevice_handler.o(i.softdevice_ble_evt_handler_set) for softdevice_ble_evt_handler_set
    main.o(i.ble_stack_init) refers to softdevice_handler.o(i.softdevice_sys_evt_handler_set) for softdevice_sys_evt_handler_set
    main.o(i.ble_stack_init) refers to main.o(.constdata) for .constdata
    main.o(i.ble_stack_init) refers to main.o(.bss) for .bss
    main.o(i.ble_stack_init) refers to main.o(i.ble_evt_dispatch) for ble_evt_dispatch
    main.o(i.ble_stack_init) refers to main.o(i.sys_evt_dispatch) for sys_evt_dispatch
    main.o(i.blood_pressure_measurement_send) refers to ble_bps.o(i.ble_bps_is_indication_enabled) for ble_bps_is_indication_enabled
    main.o(i.blood_pressure_measurement_send) refers to app_error.o(i.app_error_handler_bare) for app_error_handler_bare
    main.o(i.blood_pressure_measurement_send) refers to main.o(i.bps_sim_measurement) for bps_sim_measurement
    main.o(i.blood_pressure_measurement_send) refers to ble_bps.o(i.ble_bps_measurement_send) for ble_bps_measurement_send
    main.o(i.blood_pressure_measurement_send) refers to main.o(.bss) for .bss
    main.o(i.blood_pressure_measurement_send) refers to main.o(.data) for .data
    main.o(i.bps_sim_measurement) refers to memcpya.o(.text) for __aeabi_memcpy
    main.o(i.bps_sim_measurement) refers to main.o(.data) for .data
    main.o(i.bps_sim_measurement) refers to main.o(.bss) for .bss
    main.o(i.bsp_event_handler) refers to main.o(i.blood_pressure_measurement_send) for blood_pressure_measurement_send
    main.o(i.bsp_event_handler) refers to main.o(i.sleep_mode_enter) for sleep_mode_enter
    main.o(i.bsp_event_handler) refers to app_mw_ble_gap.o(i.sd_ble_gap_disconnect) for sd_ble_gap_disconnect
    main.o(i.bsp_event_handler) refers to app_error.o(i.app_error_handler_bare) for app_error_handler_bare
    main.o(i.bsp_event_handler) refers to ble_advertising.o(i.ble_advertising_restart_without_whitelist) for ble_advertising_restart_without_whitelist
    main.o(i.bsp_event_handler) refers to main.o(.data) for .data
    main.o(i.conn_params_error_handler) refers to app_error.o(i.app_error_handler_bare) for app_error_handler_bare
    main.o(i.device_manager_evt_handler) refers to app_error.o(i.app_error_handler_bare) for app_error_handler_bare
    main.o(i.device_manager_evt_handler) refers to ble_bps.o(i.ble_bps_is_indication_enabled) for ble_bps_is_indication_enabled
[...]
    ble_gatts_service_changed_rsp_dec        0x000053a9   Thumb Code    12  ble_gatts_service_changed.o(i.ble_gatts_service_changed_rsp_dec)
    ble_gatts_sys_attr_get_req_enc           0x000053b5   Thumb Code   136  ble_gatts_sys_attr_get.o(i.ble_gatts_sys_attr_get_req_enc)
    ble_gatts_sys_attr_get_rsp_dec           0x0000543d   Thumb Code   168  ble_gatts_sys_attr_get.o(i.ble_gatts_sys_attr_get_rsp_dec)
    ble_gatts_sys_attr_set_req_enc           0x000054e5   Thumb Code   144  ble_gatts_sys_attr_set.o(i.ble_gatts_sys_attr_set_req_enc)
    ble_gatts_sys_attr_set_rsp_dec           0x00005575   Thumb Code    12  ble_gatts_sys_attr_set.o(i.ble_gatts_sys_attr_set_rsp_dec)
    ble_gatts_value_get_req_enc              0x00005581   Thumb Code   154  ble_gatts_value_get.o(i.ble_gatts_value_get_req_enc)
    ble_gatts_value_get_rsp_dec              0x0000561b   Thumb Code    84  ble_gatts_value_get.o(i.ble_gatts_value_get_rsp_dec)
    ble_gatts_value_set_req_enc              0x00005671   Thumb Code   100  ble_gatts_value_set.o(i.ble_gatts_value_set_req_enc)
    ble_gatts_value_set_rsp_dec              0x000056d9   Thumb Code    80  ble_gatts_value_set.o(i.ble_gatts_value_set_rsp_dec)
    ble_gatts_value_t_dec                    0x00005729   Thumb Code    60  ble_gatts_struct_serialization.o(i.ble_gatts_value_t_dec)
    ble_gatts_value_t_enc                    0x00005765   Thumb Code    50  ble_gatts_struct_serialization.o(i.ble_gatts_value_t_enc)
    ble_l2cap_evt_rx_dec                     0x00005797   Thumb Code   114  ble_l2cap_evt_rx.o(i.ble_l2cap_evt_rx_dec)
    ble_l2cap_evt_rx_t_dec                   0x00005809   Thumb Code   136  ble_struct_serialization.o(i.ble_l2cap_evt_rx_t_dec)
    ble_l2cap_header_t_dec                   0x00005891   Thumb Code    46  ble_struct_serialization.o(i.ble_l2cap_header_t_dec)
    ble_srv_ascii_to_utf8                    0x000058bf   Thumb Code    18  ble_srv_common.o(i.ble_srv_ascii_to_utf8)
    ble_srv_report_ref_encode                0x000058d1   Thumb Code    12  ble_srv_common.o(i.ble_srv_report_ref_encode)
    ble_uuid128_t_dec                        0x0000595d   Thumb Code    40  ble_struct_serialization.o(i.ble_uuid128_t_dec)
    ble_uuid_encode_req_enc                  0x00005985   Thumb Code   110  ble_uuid_encode.o(i.ble_uuid_encode_req_enc)
    ble_uuid_encode_rsp_dec                  0x000059f3   Thumb Code   108  ble_uuid_encode.o(i.ble_uuid_encode_rsp_dec)
    ble_uuid_t_dec                           0x00005a5f   Thumb Code    44  ble_struct_serialization.o(i.ble_uuid_t_dec)
    ble_uuid_t_enc                           0x00005a8b   Thumb Code    32  ble_struct_serialization.o(i.ble_uuid_t_enc)
    bond_data_load                           0x00005af9   Thumb Code    58  device_manager_peripheral.o(i.bond_data_load)
    bsp_btn_ble_init                         0x00005e1d   Thumb Code    80  bsp_btn_ble.o(i.bsp_btn_ble_init)
    bsp_btn_ble_on_ble_evt                   0x00005e71   Thumb Code   114  bsp_btn_ble.o(i.bsp_btn_ble_on_ble_evt)
    bsp_btn_ble_sleep_mode_prepare           0x00005ee9   Thumb Code    20  bsp_btn_ble.o(i.bsp_btn_ble_sleep_mode_prepare)
    bsp_button_is_pressed                    0x00005f9d   Thumb Code    34  bsp.o(i.bsp_button_is_pressed)
    bsp_event_to_button_action_assign        0x00006019   Thumb Code    66  bsp.o(i.bsp_event_to_button_action_assign)
    bsp_indication_set                       0x00006061   Thumb Code    22  bsp.o(i.bsp_indication_set)
    bsp_init                                 0x0000607d   Thumb Code   134  bsp.o(i.bsp_init)
    bsp_wakeup_buttons_set                   0x00006315   Thumb Code    50  bsp.o(i.bsp_wakeup_buttons_set)
    buf_dec                                  0x00006351   Thumb Code   106  ble_serialization.o(i.buf_dec)
    buf_enc                                  0x000063bb   Thumb Code    80  ble_serialization.o(i.buf_enc)
    cond_field_dec                           0x000065e1   Thumb Code    94  cond_field_serialization.o(i.cond_field_dec)
    cond_field_enc                           0x0000663f   Thumb Code    50  cond_field_serialization.o(i.cond_field_enc)
    dm_ble_evt_handler                       0x00006a51   Thumb Code   948  device_manager_peripheral.o(i.dm_ble_evt_handler)
    dm_handle_initialize                     0x00006e19   Thumb Code    22  device_manager_peripheral.o(i.dm_handle_initialize)
    dm_init                                  0x00006e35   Thumb Code   174  device_manager_peripheral.o(i.dm_init)
    dm_register                              0x0000705d   Thumb Code   104  device_manager_peripheral.o(i.dm_register)
    fs_queued_op_count_get                   0x00007195   Thumb Code    18  fstorage.o(i.fs_queued_op_count_get)
    int8_dec                                 0x00007669   Thumb Code    22  ble_serialization.o(i.int8_dec)
    intern_softdevice_events_execute         0x00007681   Thumb Code   120  softdevice_handler.o(i.intern_softdevice_events_execute)
    len16data_dec                            0x000077d9   Thumb Code    48  ble_serialization.o(i.len16data_dec)
    len16data_enc                            0x00007809   Thumb Code    48  ble_serialization.o(i.len16data_enc)
    len8data_enc                             0x00007839   Thumb Code    48  ble_serialization.o(i.len8data_enc)
    log_rtt_init                             0x000079f9   Thumb Code    58  nrf_log.o(i.log_rtt_init)
    log_rtt_printf                           0x00007a51   Thumb Code    24  nrf_log.o(i.log_rtt_printf)
    main                                     0x00007a69   Thumb Code   286  main.o(i.main)
    nrf_delay_ms                             0x00007cc1   Thumb Code    24  nrf_delay.o(i.nrf_delay_ms)
    nrf_drv_common_irq_enable                0x00007cdd   Thumb Code    78  nrf_drv_common.o(i.nrf_drv_common_irq_enable)
    nrf_drv_gpiote_in_event_enable           0x00007d3d   Thumb Code   138  nrf_drv_gpiote.o(i.nrf_drv_gpiote_in_event_enable)
    nrf_drv_gpiote_in_init                   0x00007ddd   Thumb Code   146  nrf_drv_gpiote.o(i.nrf_drv_gpiote_in_init)
    nrf_drv_gpiote_in_is_set                 0x00007e81   Thumb Code    16  nrf_drv_gpiote.o(i.nrf_drv_gpiote_in_is_set)
    nrf_drv_gpiote_init                      0x00007e95   Thumb Code    76  nrf_drv_gpiote.o(i.nrf_drv_gpiote_init)
    nrf_drv_gpiote_is_init                   0x00007ee9   Thumb Code    12  nrf_drv_gpiote.o(i.nrf_drv_gpiote_is_init)
    nrf_drv_uart_init                        0x00007ef9   Thumb Code   170  nrf_drv_uart.o(i.nrf_drv_uart_init)
    nrf_drv_uart_rx                          0x00007fc1   Thumb Code    66  nrf_drv_uart.o(i.nrf_drv_uart_rx)
    nrf_drv_uart_rx_enable                   0x0000800d   Thumb Code    20  nrf_drv_uart.o(i.nrf_drv_uart_rx_enable)
    nrf_drv_uart_tx                          0x000080c1   Thumb Code    32  nrf_drv_uart.o(i.nrf_drv_uart_tx)
    nrf_drv_uart_tx_in_progress              0x00008159   Thumb Code    12  nrf_drv_uart.o(i.nrf_drv_uart_tx_in_progress)
    os_rsp_set_handler                       0x00008289   Thumb Code     2  ser_softdevice_handler.o(i.os_rsp_set_handler)
    power_system_off_req_enc                 0x000084b7   Thumb Code    34  power_system_off.o(i.power_system_off_req_enc)
    pstorage_access_status_get               0x000084d9   Thumb Code    12  pstorage_nosd.o(i.pstorage_access_status_get)
    pstorage_block_identifier_get            0x000084e5   Thumb Code    74  pstorage_nosd.o(i.pstorage_block_identifier_get)
    pstorage_clear                           0x00008539   Thumb Code   118  pstorage_nosd.o(i.pstorage_clear)
    pstorage_init                            0x000085e9   Thumb Code    30  pstorage_nosd.o(i.pstorage_init)
    pstorage_load                            0x0000860d   Thumb Code   144  pstorage_nosd.o(i.pstorage_load)
    pstorage_register                        0x000086a5   Thumb Code   164  pstorage_nosd.o(i.pstorage_register)
    pstorage_store                           0x00008751   Thumb Code   140  pstorage_nosd.o(i.pstorage_store)
    pstorage_sys_event_handler               0x000087e5   Thumb Code     2  pstorage_nosd.o(i.pstorage_sys_event_handler)
    pstorage_update                          0x000087e9   Thumb Code   344  pstorage_nosd.o(i.pstorage_update)
    sd_app_evt_wait                          0x00008a0d   Thumb Code     6  nrf_soc.o(i.sd_app_evt_wait)
    sd_ble_enable                            0x00008a15   Thumb Code    54  app_mw_ble.o(i.sd_ble_enable)
    sd_ble_evt_get                           0x00008a55   Thumb Code    38  ser_softdevice_handler.o(i.sd_ble_evt_get)
    sd_ble_gap_address_get                   0x00008a81   Thumb Code    58  app_mw_ble_gap.o(i.sd_ble_gap_address_get)
    sd_ble_gap_adv_data_set                  0x00008ac5   Thumb Code    74  app_mw_ble_gap.o(i.sd_ble_gap_adv_data_set)
    sd_ble_gap_adv_start                     0x00008b15   Thumb Code    54  app_mw_ble_gap.o(i.sd_ble_gap_adv_start)
    sd_ble_gap_adv_stop                      0x00008b51   Thumb Code    50  app_mw_ble_gap.o(i.sd_ble_gap_adv_stop)
    sd_ble_gap_appearance_get                0x00008b89   Thumb Code    58  app_mw_ble_gap.o(i.sd_ble_gap_appearance_get)
    sd_ble_gap_appearance_set                0x00008bcd   Thumb Code    54  app_mw_ble_gap.o(i.sd_ble_gap_appearance_set)
    sd_ble_gap_conn_param_update             0x00008c09   Thumb Code    58  app_mw_ble_gap.o(i.sd_ble_gap_conn_param_update)
    sd_ble_gap_device_name_get               0x00008c49   Thumb Code    64  app_mw_ble_gap.o(i.sd_ble_gap_device_name_get)
    sd_ble_gap_device_name_set               0x00008c91   Thumb Code    64  app_mw_ble_gap.o(i.sd_ble_gap_device_name_set)
    sd_ble_gap_disconnect                    0x00008cd5   Thumb Code    58  app_mw_ble_gap.o(i.sd_ble_gap_disconnect)
    sd_ble_gap_ppcp_get                      0x00008d15   Thumb Code    58  app_mw_ble_gap.o(i.sd_ble_gap_ppcp_get)
    sd_ble_gap_ppcp_set                      0x00008d59   Thumb Code    54  app_mw_ble_gap.o(i.sd_ble_gap_ppcp_set)
    sd_ble_gap_sec_info_reply                0x00008d95   Thumb Code    74  app_mw_ble_gap.o(i.sd_ble_gap_sec_info_reply)
    sd_ble_gap_sec_params_reply              0x00008de5   Thumb Code   118  app_mw_ble_gap.o(i.sd_ble_gap_sec_params_reply)
    sd_ble_gatts_characteristic_add          0x00008e69   Thumb Code    78  app_mw_ble_gatts.o(i.sd_ble_gatts_characteristic_add)
    sd_ble_gatts_descriptor_add              0x00008ec1   Thumb Code    68  app_mw_ble_gatts.o(i.sd_ble_gatts_descriptor_add)
    sd_ble_gatts_hvx                         0x00008f0d   Thumb Code    72  app_mw_ble_gatts.o(i.sd_ble_gatts_hvx)
    sd_ble_gatts_service_add                 0x00008f5d   Thumb Code    68  app_mw_ble_gatts.o(i.sd_ble_gatts_service_add)
    sd_ble_gatts_service_changed             0x00008fa9   Thumb Code    64  app_mw_ble_gatts.o(i.sd_ble_gatts_service_changed)
    sd_ble_gatts_sys_attr_get                0x00008fed   Thumb Code    80  app_mw_ble_gatts.o(i.sd_ble_gatts_sys_attr_get)
    sd_ble_gatts_sys_attr_set                0x00009045   Thumb Code    74  app_mw_ble_gatts.o(i.sd_ble_gatts_sys_attr_set)
    sd_ble_gatts_value_get                   0x00009095   Thumb Code    68  app_mw_ble_gatts.o(i.sd_ble_gatts_value_get)
    sd_ble_gatts_value_set                   0x000090e1   Thumb Code    68  app_mw_ble_gatts.o(i.sd_ble_gatts_value_set)
    sd_ble_uuid_encode                       0x0000912d   Thumb Code    66  app_mw_ble.o(i.sd_ble_uuid_encode)
    sd_check_ram_start                       0x00009179   Thumb Code    44  softdevice_handler.o(i.sd_check_ram_start)
    sd_evt_get                               0x00009205   Thumb Code    18  ser_softdevice_handler.o(i.sd_evt_get)
    sd_power_system_off                      0x0000921d   Thumb Code    54  app_mw_nrf_soc.o(i.sd_power_system_off)
    sd_softdevice_enable                     0x00009255   Thumb Code    80  ser_softdevice_handler.o(i.sd_softdevice_enable)
    sensorsim_decrement                      0x00009345   Thumb Code    28  sensorsim.o(i.sensorsim_decrement)
    sensorsim_increment                      0x00009361   Thumb Code    28  sensorsim.o(i.sensorsim_increment)
    sensorsim_init                           0x0000937d   Thumb Code    24  sensorsim.o(i.sensorsim_init)
    sensorsim_measure                        0x00009395   Thumb Code    26  sensorsim.o(i.sensorsim_measure)
    ser_app_hal_delay                        0x000093af   Thumb Code     8  ser_app_hal_nrf51.o(i.ser_app_hal_delay)
    ser_app_hal_hw_init                      0x000093b9   Thumb Code    40  ser_app_hal_nrf51.o(i.ser_app_hal_hw_init)
    ser_app_hal_nrf_evt_irq_priority_set     0x000093f1   Thumb Code    20  ser_app_hal_nrf51.o(i.ser_app_hal_nrf_evt_irq_priority_set)
    ser_app_hal_nrf_evt_pending              0x00009409   Thumb Code    10  ser_app_hal_nrf51.o(i.ser_app_hal_nrf_evt_pending)
    ser_app_hal_nrf_reset_pin_clear          0x00009419   Thumb Code    10  ser_app_hal_nrf51.o(i.ser_app_hal_nrf_reset_pin_clear)
    ser_app_hal_nrf_reset_pin_set            0x00009429   Thumb Code    10  ser_app_hal_nrf51.o(i.ser_app_hal_nrf_reset_pin_set)
    ser_app_power_system_off_enter           0x00009439   Thumb Code     8  ser_app_power_system_off.o(i.ser_app_power_system_off_enter)
    ser_app_power_system_off_get             0x00009445   Thumb Code     6  ser_app_power_system_off.o(i.ser_app_power_system_off_get)
    ser_app_power_system_off_set             0x00009451   Thumb Code     8  ser_app_power_system_off.o(i.ser_app_power_system_off_set)
    ser_ble_cmd_rsp_dec                      0x0000945d   Thumb Code    38  ble_serialization.o(i.ser_ble_cmd_rsp_dec)
    ser_ble_cmd_rsp_result_code_dec          0x00009483   Thumb Code    62  ble_serialization.o(i.ser_ble_cmd_rsp_result_code_dec)
    ser_ble_gatts_char_pf_enc                0x000094c1   Thumb Code    80  ble_gatts_struct_serialization.o(i.ser_ble_gatts_char_pf_enc)
    ser_hal_transport_open                   0x00009511   Thumb Code    58  ser_hal_transport.o(i.ser_hal_transport_open)
    ser_hal_transport_rx_pkt_free            0x00009555   Thumb Code    82  ser_hal_transport.o(i.ser_hal_transport_rx_pkt_free)
    ser_hal_transport_tx_pkt_alloc           0x000095b1   Thumb Code    54  ser_hal_transport.o(i.ser_hal_transport_tx_pkt_alloc)
    ser_hal_transport_tx_pkt_free            0x000095f1   Thumb Code    44  ser_hal_transport.o(i.ser_hal_transport_tx_pkt_free)
    ser_hal_transport_tx_pkt_send            0x00009625   Thumb Code    90  ser_hal_transport.o(i.ser_hal_transport_tx_pkt_send)
    ser_phy_interrupts_disable               0x00009689   Thumb Code     8  ser_phy_nrf51_uart.o(i.ser_phy_interrupts_disable)
    ser_phy_interrupts_enable                0x00009695   Thumb Code     8  ser_phy_nrf51_uart.o(i.ser_phy_interrupts_enable)
    ser_phy_open                             0x000096a1   Thumb Code    44  ser_phy_nrf51_uart.o(i.ser_phy_open)
    ser_phy_rx_buf_set                       0x000096d9   Thumb Code    36  ser_phy_nrf51_uart.o(i.ser_phy_rx_buf_set)
    ser_phy_tx_pkt_send                      0x00009709   Thumb Code    60  ser_phy_nrf51_uart.o(i.ser_phy_tx_pkt_send)
    ser_sd_transport_cmd_write               0x000098c1   Thumb Code    58  ser_sd_transport.o(i.ser_sd_transport_cmd_write)
    ser_sd_transport_is_busy                 0x00009955   Thumb Code     6  ser_sd_transport.o(i.ser_sd_transport_is_busy)
    ser_sd_transport_open                    0x00009961   Thumb Code    30  ser_sd_transport.o(i.ser_sd_transport_open)
    ser_sd_transport_rx_free                 0x00009989   Thumb Code    10  ser_sd_transport.o(i.ser_sd_transport_rx_free)
    ser_sd_transport_tx_alloc                0x000099f1   Thumb Code    20  ser_sd_transport.o(i.ser_sd_transport_tx_alloc)
    ser_softdevice_flash_operation_success_evt 0x00009a51   Thumb Code    36  ser_softdevice_handler.o(i.ser_softdevice_flash_operation_success_evt)
    softdevice_ble_evt_handler_set           0x00009c49   Thumb Code    16  softdevice_handler.o(i.softdevice_ble_evt_handler_set)
    softdevice_enable                        0x00009c5d   Thumb Code    88  softdevice_handler.o(i.softdevice_enable)
    softdevice_enable_get_default_config     0x00009d5d   Thumb Code    40  softdevice_handler.o(i.softdevice_enable_get_default_config)
    softdevice_fault_handler                 0x00009d85   Thumb Code     8  softdevice_handler.o(i.softdevice_fault_handler)
    softdevice_handler_init                  0x00009d8d   Thumb Code    64  softdevice_handler.o(i.softdevice_handler_init)
    softdevice_sys_evt_handler_set           0x00009dd9   Thumb Code    16  softdevice_handler.o(i.softdevice_sys_evt_handler_set)
    uart_event_handler                       0x0000a06d   Thumb Code    84  app_uart.o(i.uart_event_handler)
    uint16_dec                               0x0000a1ed   Thumb Code    30  ble_serialization.o(i.uint16_dec)
    uint16_t_dec                             0x0000a23d   Thumb Code    36  ble_serialization.o(i.uint16_t_dec)
    uint16_t_enc                             0x0000a261   Thumb Code    34  ble_serialization.o(i.uint16_t_enc)
    uint32_t_enc                             0x0000a2a9   Thumb Code    50  ble_serialization.o(i.uint32_t_enc)
    uint8_dec                                0x0000a2db   Thumb Code    22  ble_serialization.o(i.uint8_dec)
    uint8_t_dec                              0x0000a2f1   Thumb Code    26  ble_serialization.o(i.uint8_t_dec)
    uint8_t_enc                              0x0000a30b   Thumb Code    26  ble_serialization.o(i.uint8_t_enc)
    uint8_vector_dec                         0x0000a325   Thumb Code    48  ble_serialization.o(i.uint8_vector_dec)
    m_service_context_store                  0x0000a5a8   Data          16  device_manager_peripheral.o(.constdata)
    m_service_context_load                   0x0000a5b8   Data          16  device_manager_peripheral.o(.constdata)
    m_service_context_apply                  0x0000a5c8   Data          16  device_manager_peripheral.o(.constdata)
    sd_ble_evt_mailbox                       0x0000a63c   Data          12  ser_softdevice_handler.o(.constdata)
    sd_soc_evt_mailbox                       0x0000a648   Data          12  ser_softdevice_handler.o(.constdata)
    Region$$Table$$Base                      0x0000a654   Number         0  anon$$obj.o(Region$$Table)
    Region$$Table$$Limit                     0x0000a674   Number         0  anon$$obj.o(Region$$Table)
    Image$$RW_IRAM1$$Base                    0x20002080   Number         0  anon$$obj.o ABSOLUTE
    SystemCoreClock                          0x20002230   Data           4  system_nrf51.o(.data)
    _SEGGER_RTT                              0x200030e0   Data         120  segger_rtt.o(.bss)
    m_app_keys_table                         0x20003158   Data          72  app_ble_gap_sec_keys.o(.bss)
    m_app_user_mem_table                     0x200031a0   Data          96  app_ble_user_mem.o(.bss)
    __initial_sp                             0x20003ed8   Data           0  arm_startup_nrf51.o(STACK)



==============================================================================

Memory Map of the image

  Image Entry point : 0x000000c1

  Load Region LR_IROM1 (Base: 0x00000000, Size: 0x0000a828, Max: 0x00040000, ABSOLUTE, COMPRESSED[0x0000a698])

    Execution Region ER_IROM1 (Base: 0x00000000, Size: 0x0000a674, Max: 0x00040000, ABSOLUTE)

    Base Addr    Size         Type   Attr      Idx    E Section Name        Object

    0x00000000   0x000000c0   Data   RO         8020    RESET               arm_startup_nrf51.o
    0x000000c0   0x00000000   Code   RO         8062  * .ARM.Collect$$$$00000000  mc_p.l(entry.o)
    0x000000c0   0x00000004   Code   RO         8090    .ARM.Collect$$$$00000001  mc_p.l(entry2.o)
    0x000000c4   0x00000004   Code   RO         8093    .ARM.Collect$$$$00000004  mc_p.l(entry5.o)
    0x000000c8   0x00000000   Code   RO         8095    .ARM.Collect$$$$00000008  mc_p.l(entry7b.o)
    0x000000c8   0x00000000   Code   RO         8097    .ARM.Collect$$$$0000000A  mc_p.l(entry8b.o)
    0x000000c8   0x00000008   Code   RO         8098    .ARM.Collect$$$$0000000B  mc_p.l(entry9a.o)
    0x000000d0   0x00000000   Code   RO         8100    .ARM.Collect$$$$0000000D  mc_p.l(entry10a.o)
    0x000000d0   0x00000000   Code   RO         8102    .ARM.Collect$$$$0000000F  mc_p.l(entry11a.o)
    0x000000d0   0x00000004   Code   RO         8091    .ARM.Collect$$$$00002712  mc_p.l(entry2.o)
    0x000000d4   0x0000001e   Code   RO         1314    .emb_text           nrf_delay.o
    0x000000f2   0x00000002   PAD
    0x000000f4   0x0000001e   Code   RO         2141    .emb_text           app_timer.o
    0x00000112   0x00000002   PAD
    0x00000114   0x00000038   Code   RO         8021    .text               arm_startup_nrf51.o
    0x0000014c   0x0000002c   Code   RO         8070    .text               mc_p.l(uidiv.o)
    0x00000178   0x00000028   Code   RO         8072    .text               mc_p.l(idiv.o)
    0x000001a0   0x00000024   Code   RO         8074    .text               mc_p.l(memcpya.o)
    0x000001c4   0x00000024   Code   RO         8076    .text               mc_p.l(memseta.o)
    0x000001e8   0x0000000e   Code   RO         8078    .text               mc_p.l(strlen.o)
    0x000001f6   0x0000001a   Code   RO         8082    .text               mc_p.l(memcmp.o)
    0x00000210   0x00000012   Code   RO         8084    .text               mc_p.l(strcpy.o)
    0x00000222   0x00000014   Code   RO         8088    .text               mc_p.l(uread4.o)
    0x00000236   0x00000002   PAD
    0x00000238   0x00000024   Code   RO         8106    .text               mc_p.l(init.o)
    0x0000025c   0x0000003a   Code   RO         8116    .text               mc_p.l(__dczerorl.o)
    0x00000296   0x00000002   PAD
    0x00000298   0x00000154   Code   RO         1378    i.GPIOTE_IRQHandler  nrf_drv_gpiote.o
    0x000003ec   0x00000044   Code   RO         2142    i.NVIC_SetPriority  app_timer.o
    0x00000430   0x00000020   Code   RO         2143    i.RTC1_IRQHandler   app_timer.o
    0x00000450   0x0000004c   Code   RO         2632    i.SEGGER_RTT_ConfigDownBuffer  segger_rtt.o
    0x0000049c   0x0000004c   Code   RO         2633    i.SEGGER_RTT_ConfigUpBuffer  segger_rtt.o
    0x000004e8   0x00000024   Code   RO         2645    i.SEGGER_RTT_Write  segger_rtt.o
    0x0000050c   0x0000005c   Code   RO         2646    i.SEGGER_RTT_WriteNoLock  segger_rtt.o
    0x00000568   0x00000194   Code   RO         2771    i.SEGGER_RTT_vprintf  segger_rtt_printf.o
    0x000006fc   0x00000008   Code   RO         2144    i.SWI0_IRQHandler   app_timer.o
    0x00000704   0x00000020   Code   RO         7924    i.SWI2_IRQHandler   softdevice_handler.o
    0x00000724   0x000000a0   Code   RO         8028    i.SystemInit        system_nrf51.o
    0x000007c4   0x00000008   Code   RO         1568    i.UART0_IRQHandler  nrf_drv_uart.o
    0x000007cc   0x0000006c   Code   RO         2649    i._DoInit           segger_rtt.o
    0x00000838   0x00000016   Code   RO         2650    i._GetAvailWriteSpace  segger_rtt.o
    0x0000084e   0x000000c8   Code   RO         2772    i._PrintInt         segger_rtt_printf.o
    0x00000916   0x00000002   PAD
    0x00000918   0x000000d8   Code   RO         2773    i._PrintUnsigned    segger_rtt_printf.o
    0x000009f0   0x0000003e   Code   RO         2774    i._StoreChar        segger_rtt_printf.o
    0x00000a2e   0x00000060   Code   RO         2652    i._WriteBlocking    segger_rtt.o
    0x00000a8e   0x0000003c   Code   RO         2653    i._WriteNoCheck     segger_rtt.o
    0x00000aca   0x0000001a   Code   RO          414    i.__ARM_common_switch8  bsp.o
    0x00000ae4   0x0000000e   Code   RO         8110    i.__scatterload_copy  mc_p.l(handlers.o)
    0x00000af2   0x00000002   Code   RO         8111    i.__scatterload_null  mc_p.l(handlers.o)
    0x00000af4   0x0000000e   Code   RO         8112    i.__scatterload_zeroinit  mc_p.l(handlers.o)
    0x00000b02   0x0000021a   Code   RO          468    i.adv_data_encode   ble_advdata.o
    0x00000d1c   0x0000003c   Code   RO          429    i.advertising_buttons_configure  bsp_btn_ble.o
    0x00000d58   0x00000018   Code   RO          320    i.alert_timer_handler  bsp.o
    0x00000d70   0x00000038   Code   RO         2804    i.app_ble_gap_sec_context_create  app_ble_gap_sec_keys.o
    0x00000da8   0x0000002c   Code   RO         2805    i.app_ble_gap_sec_context_destroy  app_ble_gap_sec_keys.o
    0x00000dd4   0x00000030   Code   RO         2806    i.app_ble_gap_sec_context_find  app_ble_gap_sec_keys.o
    0x00000e04   0x0000002c   Code   RO         2837    i.app_ble_user_mem_context_destroy  app_ble_user_mem.o
    0x00000e30   0x00000030   Code   RO         2838    i.app_ble_user_mem_context_find  app_ble_user_mem.o
    0x00000e60   0x00000024   Code   RO         1911    i.app_button_enable  app_button.o
    0x00000e84   0x00000074   Code   RO         1912    i.app_button_init   app_button.o
    0x00000ef8   0x0000001c   Code   RO         2004    i.app_error_fault_handler  app_error_weak.o
    0x00000f14   0x00000018   Code   RO         1969    i.app_error_handler_bare  app_error.o
    0x00000f2c   0x0000000c   Code   RO          890    i.app_evt_notify    device_manager_peripheral.o
    0x00000f38   0x00000016   Code   RO         2027    i.app_mailbox_create  app_mailbox.o
    0x00000f4e   0x0000000a   Code   RO         2028    i.app_mailbox_get   app_mailbox.o
    0x00000f58   0x0000000a   Code   RO         2031    i.app_mailbox_put   app_mailbox.o
    0x00000f62   0x0000004c   Code   RO         2032    i.app_mailbox_sized_get  app_mailbox.o
    0x00000fae   0x00000068   Code   RO         2033    i.app_mailbox_sized_put  app_mailbox.o
    0x00001016   0x00000002   PAD
    0x00001018   0x0000001c   Code   RO         1809    i.app_notify        pstorage_nosd.o
    0x00001034   0x0000002c   Code   RO         2147    i.app_timer_create  app_timer.o
    0x00001060   0x00000090   Code   RO         2148    i.app_timer_init    app_timer.o
    0x000010f0   0x0000007c   Code   RO         2149    i.app_timer_start   app_timer.o
    0x0000116c   0x00000054   Code   RO         2150    i.app_timer_stop    app_timer.o
    0x000011c0   0x00000084   Code   RO         1163    i.app_uart_init     app_uart.o
    0x00001244   0x00000024   Code   RO         1164    i.app_uart_put      app_uart.o
    0x00001268   0x00000008   Code   RO         2287    i.app_util_critical_region_enter  app_util_platform.o
    0x00001270   0x00000008   Code   RO         2288    i.app_util_critical_region_exit  app_util_platform.o
    0x00001278   0x00000010   Code   RO         2289    i.app_util_disable_irq  app_util_platform.o
    0x00001288   0x00000014   Code   RO         2290    i.app_util_enable_irq  app_util_platform.o
    0x0000129c   0x0000013c   Code   RO          629    i.battery_level_char_add  ble_bas.o
    0x000013d8   0x00000040   Code   RO            4    i.battery_level_meas_timeout_handler  main.o
    0x00001418   0x0000006a   Code   RO          469    i.ble_advdata_set   ble_advdata.o
    0x00001482   0x00000002   PAD
    0x00001484   0x00000124   Code   RO          549    i.ble_advertising_init  ble_advertising.o
    0x000015a8   0x0000007c   Code   RO          550    i.ble_advertising_on_ble_evt  ble_advertising.o
    0x00001624   0x00000030   Code   RO          551    i.ble_advertising_on_sys_evt  ble_advertising.o
    0x00001654   0x00000010   Code   RO          553    i.ble_advertising_peer_address_clear  ble_advertising.o
    0x00001664   0x00000058   Code   RO          554    i.ble_advertising_restart_without_whitelist  ble_advertising.o
    0x000016bc   0x000001ec   Code   RO          555    i.ble_advertising_start  ble_advertising.o
    0x000018a8   0x00000078   Code   RO          630    i.ble_bas_battery_level_update  ble_bas.o
    0x00001920   0x00000048   Code   RO          631    i.ble_bas_init      ble_bas.o
    0x00001968   0x0000005e   Code   RO          632    i.ble_bas_on_ble_evt  ble_bas.o
    0x000019c6   0x00000002   PAD
    0x000019c8   0x00000048   Code   RO          672    i.ble_bps_init      ble_bps.o
    0x00001a10   0x0000002c   Code   RO          673    i.ble_bps_is_indication_enabled  ble_bps.o
    0x00001a3c   0x00000058   Code   RO          674    i.ble_bps_measurement_send  ble_bps.o
    0x00001a94   0x00000068   Code   RO          675    i.ble_bps_on_ble_evt  ble_bps.o
    0x00001afc   0x00000038   Code   RO         7046    i.ble_common_enable_params_t_enc  ble_struct_serialization.o
    0x00001b34   0x0000003e   Code   RO         7052    i.ble_conn_bw_count_t_enc  ble_struct_serialization.o
    0x00001b72   0x0000002e   Code   RO         7054    i.ble_conn_bw_counts_t_enc  ble_struct_serialization.o
    0x00001ba0   0x00000058   Code   RO          740    i.ble_conn_params_init  ble_conn_params.o
    0x00001bf8   0x00000090   Code   RO          741    i.ble_conn_params_on_ble_evt  ble_conn_params.o
    0x00001c88   0x00000060   Code   RO          470    i.ble_device_addr_encode  ble_advdata.o
    0x00001ce8   0x00000144   Code   RO          807    i.ble_dis_init      ble_dis.o
    0x00001e2c   0x00000042   Code   RO         7058    i.ble_enable_params_t_enc  ble_struct_serialization.o
    0x00001e6e   0x00000002   PAD
    0x00001e70   0x00000040   Code   RO         3786    i.ble_enable_req_enc  ble_enable.o
    0x00001eb0   0x0000000c   Code   RO         3787    i.ble_enable_rsp_dec  ble_enable.o
    0x00001ebc   0x0000025a   Code   RO         3821    i.ble_event_dec     ble_event.o
    0x00002116   0x00000002   PAD
    0x00002118   0x00000080   Code   RO            5    i.ble_evt_dispatch  main.o
    0x00002198   0x00000066   Code   RO         3854    i.ble_evt_tx_complete_dec  ble_evt_tx_complete.o
    0x000021fe   0x00000002   PAD
    0x00002200   0x000000b0   Code   RO         3868    i.ble_evt_user_mem_release_dec  ble_evt_user_mem_release.o
    0x000022b0   0x00000060   Code   RO         3889    i.ble_evt_user_mem_request_dec  ble_evt_user_mem_request.o
    0x00002310   0x00000024   Code   RO         1237    i.ble_flash_block_write  ble_flash.o
    0x00002334   0x00000016   Code   RO         1241    i.ble_flash_page_erase  ble_flash.o
    0x0000234a   0x00000032   Code   RO         4988    i.ble_gap_addr_dec  ble_gap_struct_serialization.o
    0x0000237c   0x00000032   Code   RO         4989    i.ble_gap_addr_enc  ble_gap_struct_serialization.o
    0x000023ae   0x0000002a   Code   RO         3909    i.ble_gap_address_get_req_enc  ble_gap_address_get.o
    0x000023d8   0x00000064   Code   RO         3910    i.ble_gap_address_get_rsp_dec  ble_gap_address_get.o
    0x0000243c   0x0000002e   Code   RO         4991    i.ble_gap_adv_ch_mask_t_enc  ble_gap_struct_serialization.o
    0x0000246a   0x0000005e   Code   RO         3959    i.ble_gap_adv_data_set_req_enc  ble_gap_adv_data_set.o
    0x000024c8   0x0000000c   Code   RO         3960    i.ble_gap_adv_data_set_rsp_dec  ble_gap_adv_data_set.o
    0x000024d4   0x000000cc   Code   RO         3979    i.ble_gap_adv_start_req_enc  ble_gap_adv_start.o
    0x000025a0   0x0000000c   Code   RO         3980    i.ble_gap_adv_start_rsp_dec  ble_gap_adv_start.o
    0x000025ac   0x00000030   Code   RO         4006    i.ble_gap_adv_stop_req_enc  ble_gap_adv_stop.o
    0x000025dc   0x0000000c   Code   RO         4007    i.ble_gap_adv_stop_rsp_dec  ble_gap_adv_stop.o
    0x000025e8   0x0000002a   Code   RO         4026    i.ble_gap_appearance_get_req_enc  ble_gap_appearance_get.o
    0x00002612   0x00000056   Code   RO         4027    i.ble_gap_appearance_get_rsp_dec  ble_gap_appearance_get.o
    0x00002668   0x00000028   Code   RO         4052    i.ble_gap_appearance_set_req_enc  ble_gap_appearance_set.o
    0x00002690   0x0000000c   Code   RO         4053    i.ble_gap_appearance_set_rsp_dec  ble_gap_appearance_set.o
    0x0000269c   0x00000072   Code   RO         4130    i.ble_gap_conn_param_update_req_enc  ble_gap_conn_param_update.o
    0x0000270e   0x0000000c   Code   RO         4131    i.ble_gap_conn_param_update_rsp_dec  ble_gap_conn_param_update.o
    0x0000271a   0x0000005c   Code   RO         4992    i.ble_gap_conn_params_t_dec  ble_gap_struct_serialization.o
    0x00002776   0x00000018   Code   RO         4995    i.ble_gap_conn_sec_mode_enc  ble_gap_struct_serialization.o
    0x0000278e   0x00000056   Code   RO         4223    i.ble_gap_device_name_get_req_enc  ble_gap_device_name_get.o
    0x000027e4   0x0000005e   Code   RO         4224    i.ble_gap_device_name_get_rsp_dec  ble_gap_device_name_get.o
    0x00002842   0x0000007e   Code   RO         4249    i.ble_gap_device_name_set_req_enc  ble_gap_device_name_set.o
    0x000028c0   0x0000000c   Code   RO         4250    i.ble_gap_device_name_set_rsp_dec  ble_gap_device_name_set.o
    0x000028cc   0x0000002c   Code   RO         4275    i.ble_gap_disconnect_req_enc  ble_gap_disconnect.o
    0x000028f8   0x0000000c   Code   RO         4276    i.ble_gap_disconnect_rsp_dec  ble_gap_disconnect.o
    0x00002904   0x0000003a   Code   RO         4999    i.ble_gap_enable_params_t_enc  ble_gap_struct_serialization.o
    0x0000293e   0x00000066   Code   RO         5000    i.ble_gap_enc_info_dec  ble_gap_struct_serialization.o
    0x000029a4   0x00000046   Code   RO         5001    i.ble_gap_enc_info_enc  ble_gap_struct_serialization.o
    0x000029ea   0x0000002c   Code   RO         5002    i.ble_gap_enc_key_t_dec  ble_gap_struct_serialization.o
    0x00002a16   0x0000002c   Code   RO         5003    i.ble_gap_enc_key_t_enc  ble_gap_struct_serialization.o
    0x00002a42   0x000000ce   Code   RO         4327    i.ble_gap_evt_adv_report_dec  ble_gap_evt_adv_report.o
    0x00002b10   0x00000066   Code   RO         4347    i.ble_gap_evt_auth_key_request_dec  ble_gap_evt_auth_key_request.o
    0x00002b76   0x00000002   PAD
    0x00002b78   0x000000a0   Code   RO         4367    i.ble_gap_evt_auth_status_dec  ble_gap_evt_auth_status.o
    0x00002c18   0x00000094   Code   RO         5004    i.ble_gap_evt_auth_status_t_dec  ble_gap_struct_serialization.o
    0x00002cac   0x00000090   Code   RO         4388    i.ble_gap_evt_conn_param_update_dec  ble_gap_evt_conn_param_update.o
    0x00002d3c   0x00000090   Code   RO         4408    i.ble_gap_evt_conn_param_update_request_dec  ble_gap_evt_conn_param_update_request.o
    0x00002dcc   0x0000008e   Code   RO         4428    i.ble_gap_evt_conn_sec_update_dec  ble_gap_evt_conn_sec_update.o
    0x00002e5a   0x00000068   Code   RO         4448    i.ble_gap_evt_connected_dec  ble_gap_evt_connected.o
    0x00002ec2   0x0000006e   Code   RO         5012    i.ble_gap_evt_connected_t_dec  ble_gap_struct_serialization.o
    0x00002f30   0x00000066   Code   RO         4468    i.ble_gap_evt_disconnected_dec  ble_gap_evt_disconnected.o
    0x00002f96   0x00000068   Code   RO         4488    i.ble_gap_evt_key_pressed_dec  ble_gap_evt_key_pressed.o
    0x00002ffe   0x00000002   PAD
    0x00003000   0x000000ac   Code   RO         4508    i.ble_gap_evt_lesc_dhkey_request_dec  ble_gap_evt_lesc_dhkey_request.o
    0x000030ac   0x00000088   Code   RO         4529    i.ble_gap_evt_passkey_display_dec  ble_gap_evt_passkey_display.o
    0x00003134   0x00000066   Code   RO         4549    i.ble_gap_evt_rssi_changed_dec  ble_gap_evt_rssi_changed.o
    0x0000319a   0x0000007e   Code   RO         4569    i.ble_gap_evt_scan_req_report_dec  ble_gap_evt_scan_req_report.o
    0x00003218   0x0000006a   Code   RO         4589    i.ble_gap_evt_sec_info_request_dec  ble_gap_evt_sec_info_request.o
    0x00003282   0x00000060   Code   RO         5016    i.ble_gap_evt_sec_info_request_t_dec  ble_gap_struct_serialization.o
    0x000032e2   0x0000006e   Code   RO         4609    i.ble_gap_evt_sec_params_request_dec  ble_gap_evt_sec_params_request.o
    0x00003350   0x00000008   Code   RO         5018    i.ble_gap_evt_sec_params_request_t_dec  ble_gap_struct_serialization.o
    0x00003358   0x00000066   Code   RO         4629    i.ble_gap_evt_sec_request_dec  ble_gap_evt_sec_request.o
    0x000033be   0x0000006a   Code   RO         5020    i.ble_gap_evt_sec_request_t_dec  ble_gap_struct_serialization.o
    0x00003428   0x00000064   Code   RO         4649    i.ble_gap_evt_timeout_dec  ble_gap_evt_timeout.o
    0x0000348c   0x0000002c   Code   RO         5022    i.ble_gap_id_key_t_dec  ble_gap_struct_serialization.o
    0x000034b8   0x0000002c   Code   RO         5023    i.ble_gap_id_key_t_enc  ble_gap_struct_serialization.o
    0x000034e4   0x00000026   Code   RO         5024    i.ble_gap_irk_dec   ble_gap_struct_serialization.o
    0x0000350a   0x00000026   Code   RO         5025    i.ble_gap_irk_enc   ble_gap_struct_serialization.o
    0x00003530   0x00000026   Code   RO         5030    i.ble_gap_lesc_p256_pk_t_dec  ble_gap_struct_serialization.o
    0x00003556   0x00000026   Code   RO         5031    i.ble_gap_lesc_p256_pk_t_enc  ble_gap_struct_serialization.o
    0x0000357c   0x00000038   Code   RO         5032    i.ble_gap_master_id_t_dec  ble_gap_struct_serialization.o
    0x000035b4   0x00000036   Code   RO         5033    i.ble_gap_master_id_t_enc  ble_gap_struct_serialization.o
    0x000035ea   0x0000002a   Code   RO         4771    i.ble_gap_ppcp_get_req_enc  ble_gap_ppcp_get.o
    0x00003614   0x0000007a   Code   RO         4772    i.ble_gap_ppcp_get_rsp_dec  ble_gap_ppcp_get.o
    0x0000368e   0x00000066   Code   RO         4791    i.ble_gap_ppcp_set_req_enc  ble_gap_ppcp_set.o
    0x000036f4   0x0000000c   Code   RO         4792    i.ble_gap_ppcp_set_rsp_dec  ble_gap_ppcp_set.o
    0x00003700   0x000000e0   Code   RO         4936    i.ble_gap_sec_info_reply_req_enc  ble_gap_sec_info_reply.o
    0x000037e0   0x0000000c   Code   RO         4937    i.ble_gap_sec_info_reply_rsp_dec  ble_gap_sec_info_reply.o
    0x000037ec   0x0000006a   Code   RO         5048    i.ble_gap_sec_kdist_t_dec  ble_gap_struct_serialization.o
    0x00003856   0x00000056   Code   RO         5049    i.ble_gap_sec_kdist_t_enc  ble_gap_struct_serialization.o
    0x000038ac   0x00000068   Code   RO         5050    i.ble_gap_sec_keys_dec  ble_gap_struct_serialization.o
    0x00003914   0x00000064   Code   RO         5051    i.ble_gap_sec_keys_enc  ble_gap_struct_serialization.o
    0x00003978   0x0000002c   Code   RO         5052    i.ble_gap_sec_keyset_t_dec  ble_gap_struct_serialization.o
    0x000039a4   0x0000002c   Code   RO         5053    i.ble_gap_sec_keyset_t_enc  ble_gap_struct_serialization.o
    0x000039d0   0x00000050   Code   RO         5054    i.ble_gap_sec_levels_dec  ble_gap_struct_serialization.o
    0x00003a20   0x0000008c   Code   RO         4962    i.ble_gap_sec_params_reply_req_enc  ble_gap_sec_params_reply.o
    0x00003aac   0x00000064   Code   RO         4963    i.ble_gap_sec_params_reply_rsp_dec  ble_gap_sec_params_reply.o
    0x00003b10   0x000000bc   Code   RO         5056    i.ble_gap_sec_params_t_dec  ble_gap_struct_serialization.o
    0x00003bcc   0x00000084   Code   RO         5057    i.ble_gap_sec_params_t_enc  ble_gap_struct_serialization.o
    0x00003c50   0x00000026   Code   RO         5058    i.ble_gap_sign_info_dec  ble_gap_struct_serialization.o
    0x00003c76   0x00000026   Code   RO         5059    i.ble_gap_sign_info_enc  ble_gap_struct_serialization.o
    0x00003c9c   0x000000a0   Code   RO         5061    i.ble_gap_whitelist_t_enc  ble_gap_struct_serialization.o
    0x00003d3c   0x0000002e   Code   RO         5919    i.ble_gattc_attr_info_t_128_dec  ble_gattc_struct_serialization.o
    0x00003d6a   0x0000002e   Code   RO         5921    i.ble_gattc_attr_info_t_16_dec  ble_gattc_struct_serialization.o
    0x00003d98   0x000000a6   Code   RO         5595    i.ble_gattc_evt_attr_info_disc_rsp_dec  ble_gattc_evt_attr_info_disc_rsp.o
    0x00003e3e   0x00000002   PAD
    0x00003e40   0x00000084   Code   RO         5923    i.ble_gattc_evt_attr_info_disc_rsp_t_dec  ble_gattc_struct_serialization.o
    0x00003ec4   0x000001a2   Code   RO         5615    i.ble_gattc_evt_char_disc_rsp_dec  ble_gattc_evt_char_disc_rsp.o
    0x00004066   0x000000a0   Code   RO         5635    i.ble_gattc_evt_char_val_by_uuid_read_rsp_dec  ble_gattc_evt_char_val_by_uuid_read_rsp.o
    0x00004106   0x000000c4   Code   RO         5925    i.ble_gattc_evt_char_val_by_uuid_read_rsp_t_dec  ble_gattc_struct_serialization.o
    0x000041ca   0x0000007e   Code   RO         5655    i.ble_gattc_evt_char_vals_read_rsp_dec  ble_gattc_evt_char_vals_read_rsp.o
    0x00004248   0x0000003e   Code   RO         5927    i.ble_gattc_evt_char_vals_read_rsp_t_dec  ble_gattc_struct_serialization.o
    0x00004286   0x000000e8   Code   RO         5675    i.ble_gattc_evt_desc_disc_rsp_dec  ble_gattc_evt_desc_disc_rsp.o
    0x0000436e   0x000000cc   Code   RO         5695    i.ble_gattc_evt_hvx_dec  ble_gattc_evt_hvx.o
    0x0000443a   0x000000f6   Code   RO         5715    i.ble_gattc_evt_prim_srvc_disc_rsp_dec  ble_gattc_evt_prim_srvc_disc_rsp.o
    0x00004530   0x000000cc   Code   RO         5735    i.ble_gattc_evt_read_rsp_dec  ble_gattc_evt_read_rsp.o
    0x000045fc   0x00000090   Code   RO         5755    i.ble_gattc_evt_rel_disc_rsp_dec  ble_gattc_evt_rel_disc_rsp.o
    0x0000468c   0x00000042   Code   RO         5929    i.ble_gattc_evt_rel_disc_rsp_t_dec  ble_gattc_struct_serialization.o
    0x000046ce   0x00000066   Code   RO         5775    i.ble_gattc_evt_timeout_dec  ble_gattc_evt_timeout.o
    0x00004734   0x000000da   Code   RO         5795    i.ble_gattc_evt_write_rsp_dec  ble_gattc_evt_write_rsp.o
    0x0000480e   0x00000030   Code   RO         5931    i.ble_gattc_handle_range_t_dec  ble_gattc_struct_serialization.o
    0x0000483e   0x00000020   Code   RO         5933    i.ble_gattc_include_t_dec  ble_gattc_struct_serialization.o
    0x0000485e   0x00000020   Code   RO         5935    i.ble_gattc_service_t_dec  ble_gattc_struct_serialization.o
    0x0000487e   0x00000002   PAD
    0x00004880   0x00000074   Code   RO         6449    i.ble_gatts_attr_enc  ble_gatts_struct_serialization.o
    0x000048f4   0x0000005a   Code   RO         6451    i.ble_gatts_attr_md_enc  ble_gatts_struct_serialization.o
    0x0000494e   0x00000044   Code   RO         6454    i.ble_gatts_char_handles_dec  ble_gatts_struct_serialization.o
    0x00004992   0x00000002   PAD
    0x00004994   0x000000f8   Code   RO         6457    i.ble_gatts_char_md_enc  ble_gatts_struct_serialization.o
    0x00004a8c   0x0000008c   Code   RO         6113    i.ble_gatts_characteristic_add_req_enc  ble_gatts_characteristic_add.o
    0x00004b18   0x0000005c   Code   RO         6114    i.ble_gatts_characteristic_add_rsp_dec  ble_gatts_characteristic_add.o
    0x00004b74   0x00000078   Code   RO         6139    i.ble_gatts_descriptor_add_req_enc  ble_gatts_descriptor_add.o
    0x00004bec   0x0000005a   Code   RO         6140    i.ble_gatts_descriptor_add_rsp_dec  ble_gatts_descriptor_add.o
    0x00004c46   0x00000032   Code   RO         6459    i.ble_gatts_enable_params_t_enc  ble_gatts_struct_serialization.o
    0x00004c78   0x00000064   Code   RO         6165    i.ble_gatts_evt_hvc_dec  ble_gatts_evt_hvc.o
    0x00004cdc   0x00000076   Code   RO         6460    i.ble_gatts_evt_read_t_dec  ble_gatts_struct_serialization.o
    0x00004d52   0x00000002   PAD
    0x00004d54   0x000000b8   Code   RO         6185    i.ble_gatts_evt_rw_authorize_request_dec  ble_gatts_evt_rw_authorize_request.o
    0x00004e0c   0x00000090   Code   RO         6462    i.ble_gatts_evt_rw_authorize_request_t_dec  ble_gatts_struct_serialization.o
    0x00004e9c   0x00000050   Code   RO         6206    i.ble_gatts_evt_sc_confirm_dec  ble_gatts_evt_sc_confirm.o
    0x00004eec   0x00000064   Code   RO         6226    i.ble_gatts_evt_sys_attr_missing_dec  ble_gatts_evt_sys_attr_missing.o
    0x00004f50   0x00000064   Code   RO         6246    i.ble_gatts_evt_timeout_dec  ble_gatts_evt_timeout.o
    0x00004fb4   0x000000b0   Code   RO         6266    i.ble_gatts_evt_write_dec  ble_gatts_evt_write.o
    0x00005064   0x000000ec   Code   RO         6464    i.ble_gatts_evt_write_t_dec  ble_gatts_struct_serialization.o
    0x00005150   0x000000da   Code   RO         6287    i.ble_gatts_hvx_req_enc  ble_gatts_hvx.o
    0x0000522a   0x00000002   PAD
    0x0000522c   0x00000058   Code   RO         6288    i.ble_gatts_hvx_rsp_dec  ble_gatts_hvx.o
    0x00005284   0x00000062   Code   RO         6396    i.ble_gatts_service_add_req_enc  ble_gatts_service_add.o
    0x000052e6   0x0000005c   Code   RO         6397    i.ble_gatts_service_add_rsp_dec  ble_gatts_service_add.o
    0x00005342   0x00000066   Code   RO         6422    i.ble_gatts_service_changed_req_enc  ble_gatts_service_changed.o
    0x000053a8   0x0000000c   Code   RO         6423    i.ble_gatts_service_changed_rsp_dec  ble_gatts_service_changed.o
    0x000053b4   0x00000088   Code   RO         6618    i.ble_gatts_sys_attr_get_req_enc  ble_gatts_sys_attr_get.o
    0x0000543c   0x000000a8   Code   RO         6619    i.ble_gatts_sys_attr_get_rsp_dec  ble_gatts_sys_attr_get.o
    0x000054e4   0x00000090   Code   RO         6644    i.ble_gatts_sys_attr_set_req_enc  ble_gatts_sys_attr_set.o
    0x00005574   0x0000000c   Code   RO         6645    i.ble_gatts_sys_attr_set_rsp_dec  ble_gatts_sys_attr_set.o
    0x00005580   0x0000009a   Code   RO         6670    i.ble_gatts_value_get_req_enc  ble_gatts_value_get.o
    0x0000561a   0x00000054   Code   RO         6671    i.ble_gatts_value_get_rsp_dec  ble_gatts_value_get.o
    0x0000566e   0x00000002   PAD
    0x00005670   0x00000068   Code   RO         6696    i.ble_gatts_value_set_req_enc  ble_gatts_value_set.o
    0x000056d8   0x00000050   Code   RO         6697    i.ble_gatts_value_set_rsp_dec  ble_gatts_value_set.o
    0x00005728   0x0000003c   Code   RO         6470    i.ble_gatts_value_t_dec  ble_gatts_struct_serialization.o
    0x00005764   0x00000032   Code   RO         6471    i.ble_gatts_value_t_enc  ble_gatts_struct_serialization.o
    0x00005796   0x00000072   Code   RO         6774    i.ble_l2cap_evt_rx_dec  ble_l2cap_evt_rx.o
    0x00005808   0x00000088   Code   RO         7059    i.ble_l2cap_evt_rx_t_dec  ble_struct_serialization.o
    0x00005890   0x0000002e   Code   RO         7061    i.ble_l2cap_header_t_dec  ble_struct_serialization.o
    0x000058be   0x00000012   Code   RO          847    i.ble_srv_ascii_to_utf8  ble_srv_common.o
    0x000058d0   0x0000000c   Code   RO          848    i.ble_srv_report_ref_encode  ble_srv_common.o
    0x000058dc   0x00000080   Code   RO            6    i.ble_stack_init    main.o
    0x0000595c   0x00000028   Code   RO         7065    i.ble_uuid128_t_dec  ble_struct_serialization.o
    0x00005984   0x0000006e   Code   RO         7281    i.ble_uuid_encode_req_enc  ble_uuid_encode.o
    0x000059f2   0x0000006c   Code   RO         7282    i.ble_uuid_encode_rsp_dec  ble_uuid_encode.o
    0x00005a5e   0x0000002c   Code   RO         7067    i.ble_uuid_t_dec    ble_struct_serialization.o
    0x00005a8a   0x00000020   Code   RO         7068    i.ble_uuid_t_enc    ble_struct_serialization.o
    0x00005aaa   0x00000002   PAD
    0x00005aac   0x0000004c   Code   RO            7    i.blood_pressure_measurement_send  main.o
    0x00005af8   0x00000048   Code   RO          891    i.bond_data_load    device_manager_peripheral.o
    0x00005b40   0x00000094   Code   RO          676    i.bps_feature_char_add  ble_bps.o
    0x00005bd4   0x000000b4   Code   RO          677    i.bps_measurement_char_add  ble_bps.o
    0x00005c88   0x000000f0   Code   RO          678    i.bps_measurement_encode  ble_bps.o
    0x00005d78   0x000000a4   Code   RO            8    i.bps_sim_measurement  main.o
    0x00005e1c   0x00000054   Code   RO          430    i.bsp_btn_ble_init  bsp_btn_ble.o
    0x00005e70   0x00000078   Code   RO          431    i.bsp_btn_ble_on_ble_evt  bsp_btn_ble.o
    0x00005ee8   0x00000014   Code   RO          432    i.bsp_btn_ble_sleep_mode_prepare  bsp_btn_ble.o
    0x00005efc   0x000000a0   Code   RO          321    i.bsp_button_event_handler  bsp.o
    0x00005f9c   0x0000002c   Code   RO          322    i.bsp_button_is_pressed  bsp.o
    0x00005fc8   0x00000050   Code   RO            9    i.bsp_event_handler  main.o
    0x00006018   0x00000048   Code   RO          326    i.bsp_event_to_button_action_assign  bsp.o
    0x00006060   0x0000001c   Code   RO          327    i.bsp_indication_set  bsp.o
    0x0000607c   0x000000a0   Code   RO          329    i.bsp_init          bsp.o
    0x0000611c   0x000001f8   Code   RO          330    i.bsp_led_indication  bsp.o
    0x00006314   0x0000003c   Code   RO          331    i.bsp_wakeup_buttons_set  bsp.o
    0x00006350   0x0000006a   Code   RO         6872    i.buf_dec           ble_serialization.o
    0x000063ba   0x00000050   Code   RO         6873    i.buf_enc           ble_serialization.o
    0x0000640a   0x0000000c   Code   RO          332    i.button_timer_handler  bsp.o
    0x00006416   0x00000002   PAD
    0x00006418   0x00000010   Code   RO         7668    i.callback_ser_phy_event  ser_phy_nrf51_uart.o
    0x00006428   0x0000001c   Code   RO         1379    i.channel_free      nrf_drv_gpiote.o
    0x00006444   0x00000048   Code   RO         1380    i.channel_port_alloc  nrf_drv_gpiote.o
    0x0000648c   0x00000010   Code   RO         1381    i.channel_port_get  nrf_drv_gpiote.o
    0x0000649c   0x0000009c   Code   RO          808    i.char_add          ble_dis.o
    0x00006538   0x000000a8   Code   RO         2152    i.compare_reg_update  app_timer.o
    0x000065e0   0x0000005e   Code   RO         7357    i.cond_field_dec    cond_field_serialization.o
    0x0000663e   0x00000032   Code   RO         7358    i.cond_field_enc    cond_field_serialization.o
    0x00006670   0x00000088   Code   RO          471    i.conn_int_encode   ble_advdata.o
    0x000066f8   0x00000008   Code   RO           10    i.conn_params_error_handler  main.o
    0x00006700   0x00000068   Code   RO          743    i.conn_params_negotiation  ble_conn_params.o
    0x00006768   0x00000030   Code   RO          892    i.connection_instance_find  device_manager_peripheral.o
    0x00006798   0x00000024   Code   RO          893    i.connection_instance_init  device_manager_peripheral.o
    0x000067bc   0x00000016   Code   RO         2034    i.dequeue           app_mailbox.o
    0x000067d2   0x00000002   PAD
    0x000067d4   0x00000060   Code   RO         1914    i.detection_delay_timeout_handler  app_button.o
    0x00006834   0x000000b4   Code   RO          894    i.device_context_store  device_manager_peripheral.o
    0x000068e8   0x00000054   Code   RO          895    i.device_instance_allocate  device_manager_peripheral.o
    0x0000693c   0x00000048   Code   RO          896    i.device_instance_find  device_manager_peripheral.o
    0x00006984   0x0000002c   Code   RO          897    i.device_instance_free  device_manager_peripheral.o
    0x000069b0   0x00000038   Code   RO           11    i.device_manager_evt_handler  main.o
    0x000069e8   0x00000068   Code   RO           12    i.device_manager_init  main.o
    0x00006a50   0x000003c8   Code   RO          902    i.dm_ble_evt_handler  device_manager_peripheral.o
    0x00006e18   0x0000001c   Code   RO          908    i.dm_handle_initialize  device_manager_peripheral.o
    0x00006e34   0x000000c4   Code   RO          909    i.dm_init           device_manager_peripheral.o
    0x00006ef8   0x00000164   Code   RO          912    i.dm_pstorage_cb_handler  device_manager_peripheral.o
    0x0000705c   0x00000074   Code   RO          913    i.dm_register       device_manager_peripheral.o
    0x000070d0   0x00000040   Code   RO         2153    i.elapsed_ticks_acquire  app_timer.o
    0x00007110   0x00000014   Code   RO         2877    i.enable_rsp_dec    app_mw_ble.o
    0x00007124   0x0000002c   Code   RO         1245    i.flash_page_erase  ble_flash.o
    0x00007150   0x00000044   Code   RO         1246    i.flash_word_write  ble_flash.o
    0x00007194   0x00000018   Code   RO         2329    i.fs_queued_op_count_get  fstorage.o
    0x000071ac   0x00000020   Code   RO         3008    i.gap_address_get_rsp_dec  app_mw_ble_gap.o
    0x000071cc   0x00000014   Code   RO         3010    i.gap_adv_data_set_rsp_dec  app_mw_ble_gap.o
    0x000071e0   0x00000014   Code   RO         3011    i.gap_adv_start_rsp_dec  app_mw_ble_gap.o
    0x000071f4   0x00000018   Code   RO         3012    i.gap_adv_stop_rsp_dec  app_mw_ble_gap.o
    0x0000720c   0x0000001c   Code   RO         3013    i.gap_appearance_get_rsp_dec  app_mw_ble_gap.o
    0x00007228   0x00000014   Code   RO         3014    i.gap_appearance_set_rsp_dec  app_mw_ble_gap.o
    0x0000723c   0x00000014   Code   RO         3017    i.gap_conn_param_update_rsp_dec  app_mw_ble_gap.o
    0x00007250   0x00000020   Code   RO         3021    i.gap_device_name_get_rsp_dec  app_mw_ble_gap.o
    0x00007270   0x00000014   Code   RO         3022    i.gap_device_name_set_rsp_dec  app_mw_ble_gap.o
    0x00007284   0x00000014   Code   RO         3023    i.gap_disconnect_rsp_dec  app_mw_ble_gap.o
    0x00007298   0x0000005c   Code   RO           13    i.gap_params_init   main.o
    0x000072f4   0x00000020   Code   RO         3029    i.gap_ppcp_get_reply_rsp_dec  app_mw_ble_gap.o
    0x00007314   0x00000014   Code   RO         3030    i.gap_ppcp_set_rsp_dec  app_mw_ble_gap.o
    0x00007328   0x00000014   Code   RO         3036    i.gap_sec_info_reply_rsp_dec  app_mw_ble_gap.o
    0x0000733c   0x00000030   Code   RO         3037    i.gap_sec_params_reply_rsp_dec  app_mw_ble_gap.o
    0x0000736c   0x00000004   Code   RO          920    i.gattc_context_apply  device_manager_peripheral.o
    0x00007370   0x00000004   Code   RO          921    i.gattc_context_load  device_manager_peripheral.o
    0x00007374   0x00000004   Code   RO          922    i.gattc_context_store  device_manager_peripheral.o
    0x00007378   0x0000001c   Code   RO         3510    i.gatts_characteristic_add_rsp_dec  app_mw_ble_gatts.o
    0x00007394   0x000000b4   Code   RO          923    i.gatts_context_apply  device_manager_peripheral.o
    0x00007448   0x00000030   Code   RO          924    i.gatts_context_load  device_manager_peripheral.o
    0x00007478   0x000000ac   Code   RO          925    i.gatts_context_store  device_manager_peripheral.o
    0x00007524   0x00000020   Code   RO         3511    i.gatts_descriptor_add_rsp_dec  app_mw_ble_gatts.o
    0x00007544   0x0000001c   Code   RO         3512    i.gatts_hvx_rsp_dec  app_mw_ble_gatts.o
    0x00007560   0x0000001c   Code   RO         3516    i.gatts_service_add_rsp_dec  app_mw_ble_gatts.o
    0x0000757c   0x00000018   Code   RO         3517    i.gatts_service_changed_rsp_dec  app_mw_ble_gatts.o
    0x00007594   0x00000020   Code   RO         3518    i.gatts_sys_attr_get_rsp_dec  app_mw_ble_gatts.o
    0x000075b4   0x00000014   Code   RO         3519    i.gatts_sys_attr_set_rsp_dec  app_mw_ble_gatts.o
    0x000075c8   0x0000001c   Code   RO         3520    i.gatts_value_get_rsp_dec  app_mw_ble_gatts.o
    0x000075e4   0x0000001c   Code   RO         3521    i.gatts_value_set_rsp_dec  app_mw_ble_gatts.o
    0x00007600   0x00000008   Code   RO          926    i.gattsc_context_apply  device_manager_peripheral.o
    0x00007608   0x00000008   Code   RO          927    i.gattsc_context_load  device_manager_peripheral.o
    0x00007610   0x00000008   Code   RO          928    i.gattsc_context_store  device_manager_peripheral.o
    0x00007618   0x00000050   Code   RO         1915    i.gpiote_event_handler  app_button.o
    0x00007668   0x00000016   Code   RO         6877    i.int8_dec          ble_serialization.o
    0x0000767e   0x00000002   PAD
    0x00007680   0x0000007c   Code   RO         7925    i.intern_softdevice_events_execute  softdevice_handler.o
    0x000076fc   0x0000001c   Code   RO          744    i.is_conn_params_ok  ble_conn_params.o
    0x00007718   0x00000048   Code   RO         8029    i.is_manual_peripheral_setup_needed  system_nrf51.o
    0x00007760   0x0000000c   Code   RO         1810    i.is_word_aligned   pstorage_nosd.o
    0x0000776c   0x00000054   Code   RO          472    i.le_role_encode    ble_advdata.o
    0x000077c0   0x00000018   Code   RO          333    i.leds_timer_handler  bsp.o
    0x000077d8   0x00000030   Code   RO         6878    i.len16data_dec     ble_serialization.o
    0x00007808   0x00000030   Code   RO         6879    i.len16data_enc     ble_serialization.o
    0x00007838   0x00000030   Code   RO         6881    i.len8data_enc      ble_serialization.o
    0x00007868   0x000000bc   Code   RO         2154    i.list_deletions_handler  app_timer.o
    0x00007924   0x000000d4   Code   RO         2155    i.list_insertions_handler  app_timer.o
    0x000079f8   0x00000058   Code   RO         2431    i.log_rtt_init      nrf_log.o
    0x00007a50   0x00000018   Code   RO         2432    i.log_rtt_printf    nrf_log.o
    0x00007a68   0x00000144   Code   RO           14    i.main              main.o
    0x00007bac   0x00000068   Code   RO          473    i.manuf_specific_data_encode  ble_advdata.o
    0x00007c14   0x000000a0   Code   RO          474    i.name_encode       ble_advdata.o
    0x00007cb4   0x00000004   Code   RO          929    i.no_service_context_apply  device_manager_peripheral.o
    0x00007cb8   0x00000004   Code   RO          930    i.no_service_context_load  device_manager_peripheral.o
    0x00007cbc   0x00000004   Code   RO          931    i.no_service_context_store  device_manager_peripheral.o
    0x00007cc0   0x0000001c   Code   RO         1315    i.nrf_delay_ms      nrf_delay.o
    0x00007cdc   0x00000060   Code   RO         1345    i.nrf_drv_common_irq_enable  nrf_drv_common.o
    0x00007d3c   0x000000a0   Code   RO         1384    i.nrf_drv_gpiote_in_event_enable  nrf_drv_gpiote.o
    0x00007ddc   0x000000a4   Code   RO         1385    i.nrf_drv_gpiote_in_init  nrf_drv_gpiote.o
    0x00007e80   0x00000014   Code   RO         1386    i.nrf_drv_gpiote_in_is_set  nrf_drv_gpiote.o
    0x00007e94   0x00000054   Code   RO         1388    i.nrf_drv_gpiote_init  nrf_drv_gpiote.o
    0x00007ee8   0x00000010   Code   RO         1389    i.nrf_drv_gpiote_is_init  nrf_drv_gpiote.o
    0x00007ef8   0x000000c8   Code   RO         1570    i.nrf_drv_uart_init  nrf_drv_uart.o
    0x00007fc0   0x0000004c   Code   RO         1571    i.nrf_drv_uart_rx   nrf_drv_uart.o
    0x0000800c   0x00000018   Code   RO         1574    i.nrf_drv_uart_rx_enable  nrf_drv_uart.o
    0x00008024   0x0000009c   Code   RO         1575    i.nrf_drv_uart_rx_for_uart  nrf_drv_uart.o
    0x000080c0   0x00000024   Code   RO         1576    i.nrf_drv_uart_tx   nrf_drv_uart.o
    0x000080e4   0x00000074   Code   RO         1578    i.nrf_drv_uart_tx_for_uart  nrf_drv_uart.o
    0x00008158   0x00000010   Code   RO         1579    i.nrf_drv_uart_tx_in_progress  nrf_drv_uart.o
    0x00008168   0x00000024   Code   RO         1401    i.nrf_gpio_cfg      nrf_drv_gpiote.o
    0x0000818c   0x00000024   Code   RO         1581    i.nrf_gpio_cfg      nrf_drv_uart.o
    0x000081b0   0x00000012   Code   RO         1583    i.nrf_gpio_cfg_input  nrf_drv_uart.o
    0x000081c2   0x00000014   Code   RO         1584    i.nrf_gpio_cfg_output  nrf_drv_uart.o
    0x000081d6   0x00000002   PAD
    0x000081d8   0x00000020   Code   RO         1403    i.nrf_gpio_cfg_sense_set  nrf_drv_gpiote.o
    0x000081f8   0x00000014   Code   RO         1404    i.nrf_gpiote_event_is_set  nrf_drv_gpiote.o
    0x0000820c   0x0000000a   Code   RO         1585    i.nrf_uart_event_check  nrf_drv_uart.o
    0x00008216   0x00000010   Code   RO         1586    i.nrf_uart_int_enable_check  nrf_drv_uart.o
    0x00008226   0x00000020   Code   RO           15    i.on_adv_evt        main.o
    0x00008246   0x00000002   PAD
    0x00008248   0x00000020   Code   RO           16    i.on_bps_evt        main.o
    0x00008268   0x00000020   Code   RO           17    i.on_conn_params_evt  main.o
    0x00008288   0x00000002   Code   RO         7825    i.os_rsp_set_handler  ser_softdevice_handler.o
    0x0000828a   0x00000016   Code   RO          557    i.peer_address_exists  ble_advertising.o
    0x000082a0   0x00000038   Code   RO          932    i.peer_instance_init  device_manager_peripheral.o
    0x000082d8   0x00000178   Code   RO         7604    i.phy_events_handler  ser_hal_transport.o
    0x00008450   0x00000018   Code   RO         1405    i.pin_in_use_by_port  nrf_drv_gpiote.o
    0x00008468   0x00000018   Code   RO         1406    i.pin_in_use_by_te  nrf_drv_gpiote.o
    0x00008480   0x00000036   Code   RO          809    i.pnp_id_encode     ble_dis.o
    0x000084b6   0x00000022   Code   RO         7444    i.power_system_off_req_enc  power_system_off.o
    0x000084d8   0x0000000c   Code   RO         1811    i.pstorage_access_status_get  pstorage_nosd.o
    0x000084e4   0x00000054   Code   RO         1812    i.pstorage_block_identifier_get  pstorage_nosd.o
    0x00008538   0x00000080   Code   RO         1813    i.pstorage_clear    pstorage_nosd.o
    0x000085b8   0x00000024   Code   RO         1814    i.pstorage_flash_page_end  pstorage_nosd.o
    0x000085dc   0x0000000a   Code   RO         1815    i.pstorage_flash_page_size  pstorage_nosd.o
    0x000085e6   0x00000002   PAD
    0x000085e8   0x00000024   Code   RO         1816    i.pstorage_init     pstorage_nosd.o
    0x0000860c   0x00000098   Code   RO         1817    i.pstorage_load     pstorage_nosd.o
    0x000086a4   0x000000ac   Code   RO         1818    i.pstorage_register  pstorage_nosd.o
    0x00008750   0x00000094   Code   RO         1819    i.pstorage_store    pstorage_nosd.o
    0x000087e4   0x00000002   Code   RO         1820    i.pstorage_sys_event_handler  pstorage_nosd.o
    0x000087e6   0x00000002   PAD
    0x000087e8   0x00000160   Code   RO         1821    i.pstorage_update   pstorage_nosd.o
    0x00008948   0x00000010   Code   RO         7926    i.ram_end_address_get  softdevice_handler.o
    0x00008958   0x00000044   Code   RO         2156    i.rtc1_stop         app_timer.o
    0x0000899c   0x00000038   Code   RO         1587    i.rx_byte           nrf_drv_uart.o
    0x000089d4   0x0000001c   Code   RO         1588    i.rx_done_event     nrf_drv_uart.o
    0x000089f0   0x0000001c   Code   RO         1589    i.rx_enable         nrf_drv_uart.o
    0x00008a0c   0x00000006   Code   RO         1783    i.sd_app_evt_wait   nrf_soc.o
    0x00008a12   0x00000002   PAD
    0x00008a14   0x00000040   Code   RO         2880    i.sd_ble_enable     app_mw_ble.o
    0x00008a54   0x0000002c   Code   RO         7826    i.sd_ble_evt_get    ser_softdevice_handler.o
    0x00008a80   0x00000044   Code   RO         3039    i.sd_ble_gap_address_get  app_mw_ble_gap.o
    0x00008ac4   0x00000050   Code   RO         3041    i.sd_ble_gap_adv_data_set  app_mw_ble_gap.o
    0x00008b14   0x0000003c   Code   RO         3042    i.sd_ble_gap_adv_start  app_mw_ble_gap.o
    0x00008b50   0x00000038   Code   RO         3043    i.sd_ble_gap_adv_stop  app_mw_ble_gap.o
    0x00008b88   0x00000044   Code   RO         3044    i.sd_ble_gap_appearance_get  app_mw_ble_gap.o
    0x00008bcc   0x0000003c   Code   RO         3045    i.sd_ble_gap_appearance_set  app_mw_ble_gap.o
    0x00008c08   0x00000040   Code   RO         3048    i.sd_ble_gap_conn_param_update  app_mw_ble_gap.o
    0x00008c48   0x00000048   Code   RO         3052    i.sd_ble_gap_device_name_get  app_mw_ble_gap.o
    0x00008c90   0x00000044   Code   RO         3053    i.sd_ble_gap_device_name_set  app_mw_ble_gap.o
    0x00008cd4   0x00000040   Code   RO         3054    i.sd_ble_gap_disconnect  app_mw_ble_gap.o
    0x00008d14   0x00000044   Code   RO         3060    i.sd_ble_gap_ppcp_get  app_mw_ble_gap.o
    0x00008d58   0x0000003c   Code   RO         3061    i.sd_ble_gap_ppcp_set  app_mw_ble_gap.o
    0x00008d94   0x00000050   Code   RO         3067    i.sd_ble_gap_sec_info_reply  app_mw_ble_gap.o
    0x00008de4   0x00000084   Code   RO         3068    i.sd_ble_gap_sec_params_reply  app_mw_ble_gap.o
    0x00008e68   0x00000058   Code   RO         3523    i.sd_ble_gatts_characteristic_add  app_mw_ble_gatts.o
    0x00008ec0   0x0000004c   Code   RO         3524    i.sd_ble_gatts_descriptor_add  app_mw_ble_gatts.o
    0x00008f0c   0x00000050   Code   RO         3525    i.sd_ble_gatts_hvx  app_mw_ble_gatts.o
    0x00008f5c   0x0000004c   Code   RO         3529    i.sd_ble_gatts_service_add  app_mw_ble_gatts.o
    0x00008fa8   0x00000044   Code   RO         3530    i.sd_ble_gatts_service_changed  app_mw_ble_gatts.o
    0x00008fec   0x00000058   Code   RO         3531    i.sd_ble_gatts_sys_attr_get  app_mw_ble_gatts.o
    0x00009044   0x00000050   Code   RO         3532    i.sd_ble_gatts_sys_attr_set  app_mw_ble_gatts.o
    0x00009094   0x0000004c   Code   RO         3533    i.sd_ble_gatts_value_get  app_mw_ble_gatts.o
    0x000090e0   0x0000004c   Code   RO         3534    i.sd_ble_gatts_value_set  app_mw_ble_gatts.o
    0x0000912c   0x0000004c   Code   RO         2886    i.sd_ble_uuid_encode  app_mw_ble.o
    0x00009178   0x0000008c   Code   RO         7927    i.sd_check_ram_start  softdevice_handler.o
    0x00009204   0x00000018   Code   RO         7828    i.sd_evt_get        ser_softdevice_handler.o
    0x0000921c   0x00000036   Code   RO         3734    i.sd_power_system_off  app_mw_nrf_soc.o
    0x00009252   0x00000002   PAD
    0x00009254   0x00000064   Code   RO         7830    i.sd_softdevice_enable  ser_softdevice_handler.o
    0x000092b8   0x0000008c   Code   RO           18    i.sensor_simulator_init  main.o
    0x00009344   0x0000001c   Code   RO         2512    i.sensorsim_decrement  sensorsim.o
    0x00009360   0x0000001c   Code   RO         2513    i.sensorsim_increment  sensorsim.o
    0x0000937c   0x00000018   Code   RO         2514    i.sensorsim_init    sensorsim.o
    0x00009394   0x0000001a   Code   RO         2515    i.sensorsim_measure  sensorsim.o
    0x000093ae   0x00000008   Code   RO         7471    i.ser_app_hal_delay  ser_app_hal_nrf51.o
    0x000093b6   0x00000002   PAD
    0x000093b8   0x00000038   Code   RO         7472    i.ser_app_hal_hw_init  ser_app_hal_nrf51.o
    0x000093f0   0x00000018   Code   RO         7473    i.ser_app_hal_nrf_evt_irq_priority_set  ser_app_hal_nrf51.o
    0x00009408   0x00000010   Code   RO         7474    i.ser_app_hal_nrf_evt_pending  ser_app_hal_nrf51.o
    0x00009418   0x00000010   Code   RO         7475    i.ser_app_hal_nrf_reset_pin_clear  ser_app_hal_nrf51.o
    0x00009428   0x00000010   Code   RO         7476    i.ser_app_hal_nrf_reset_pin_set  ser_app_hal_nrf51.o
    0x00009438   0x0000000c   Code   RO         7570    i.ser_app_power_system_off_enter  ser_app_power_system_off.o
    0x00009444   0x0000000c   Code   RO         7571    i.ser_app_power_system_off_get  ser_app_power_system_off.o
    0x00009450   0x0000000c   Code   RO         7572    i.ser_app_power_system_off_set  ser_app_power_system_off.o
    0x0000945c   0x00000026   Code   RO         6884    i.ser_ble_cmd_rsp_dec  ble_serialization.o
    0x00009482   0x0000003e   Code   RO         6885    i.ser_ble_cmd_rsp_result_code_dec  ble_serialization.o
    0x000094c0   0x00000050   Code   RO         6473    i.ser_ble_gatts_char_pf_enc  ble_gatts_struct_serialization.o
    0x00009510   0x00000044   Code   RO         7606    i.ser_hal_transport_open  ser_hal_transport.o
    0x00009554   0x0000005c   Code   RO         7607    i.ser_hal_transport_rx_pkt_free  ser_hal_transport.o
    0x000095b0   0x00000040   Code   RO         7608    i.ser_hal_transport_tx_pkt_alloc  ser_hal_transport.o
    0x000095f0   0x00000034   Code   RO         7609    i.ser_hal_transport_tx_pkt_free  ser_hal_transport.o
    0x00009624   0x00000064   Code   RO         7610    i.ser_hal_transport_tx_pkt_send  ser_hal_transport.o
    0x00009688   0x0000000c   Code   RO         7670    i.ser_phy_interrupts_disable  ser_phy_nrf51_uart.o
    0x00009694   0x0000000c   Code   RO         7671    i.ser_phy_interrupts_enable  ser_phy_nrf51_uart.o
    0x000096a0   0x00000038   Code   RO         7672    i.ser_phy_open      ser_phy_nrf51_uart.o
    0x000096d8   0x00000030   Code   RO         7673    i.ser_phy_rx_buf_set  ser_phy_nrf51_uart.o
    0x00009708   0x00000040   Code   RO         7674    i.ser_phy_tx_pkt_send  ser_phy_nrf51_uart.o
    0x00009748   0x00000068   Code   RO         7675    i.ser_phy_uart_evt_callback  ser_phy_nrf51_uart.o
    0x000097b0   0x00000094   Code   RO         7676    i.ser_phy_uart_rx   ser_phy_nrf51_uart.o
    0x00009844   0x0000006c   Code   RO         7677    i.ser_phy_uart_tx   ser_phy_nrf51_uart.o
    0x000098b0   0x00000010   Code   RO         7831    i.ser_sd_rsp_wait   ser_softdevice_handler.o
    0x000098c0   0x00000040   Code   RO         7749    i.ser_sd_transport_cmd_write  ser_sd_transport.o
    0x00009900   0x00000054   Code   RO         7750    i.ser_sd_transport_hal_handler  ser_sd_transport.o
    0x00009954   0x0000000c   Code   RO         7751    i.ser_sd_transport_is_busy  ser_sd_transport.o
    0x00009960   0x00000028   Code   RO         7752    i.ser_sd_transport_open  ser_sd_transport.o
    0x00009988   0x0000000a   Code   RO         7754    i.ser_sd_transport_rx_free  ser_sd_transport.o
    0x00009992   0x00000002   PAD
    0x00009994   0x0000005c   Code   RO         7755    i.ser_sd_transport_rx_packet_handler  ser_sd_transport.o
    0x000099f0   0x00000018   Code   RO         7756    i.ser_sd_transport_tx_alloc  ser_sd_transport.o
    0x00009a08   0x00000048   Code   RO         7832    i.ser_softdevice_evt_handler  ser_softdevice_handler.o
    0x00009a50   0x00000028   Code   RO         7833    i.ser_softdevice_flash_operation_success_evt  ser_softdevice_handler.o
    0x00009a78   0x0000008e   Code   RO          475    i.service_data_encode  ble_advdata.o
    0x00009b06   0x00000002   PAD
    0x00009b08   0x00000114   Code   RO           19    i.services_init     main.o
    0x00009c1c   0x0000002a   Code   RO           20    i.sleep_mode_enter  main.o
    0x00009c46   0x00000002   PAD
    0x00009c48   0x00000014   Code   RO         7928    i.softdevice_ble_evt_handler_set  softdevice_handler.o
    0x00009c5c   0x00000100   Code   RO         7929    i.softdevice_enable  softdevice_handler.o
    0x00009d5c   0x00000028   Code   RO         7930    i.softdevice_enable_get_default_config  softdevice_handler.o
    0x00009d84   0x00000008   Code   RO         7931    i.softdevice_fault_handler  softdevice_handler.o
    0x00009d8c   0x0000004c   Code   RO         7932    i.softdevice_handler_init  softdevice_handler.o
    0x00009dd8   0x00000014   Code   RO         7935    i.softdevice_sys_evt_handler_set  softdevice_handler.o
    0x00009dec   0x00000004   Code   RO          933    i.storage_operation_dummy_handler  device_manager_peripheral.o
    0x00009df0   0x00000010   Code   RO           21    i.sys_evt_dispatch  main.o
    0x00009e00   0x0000004e   Code   RO          810    i.sys_id_encode     ble_dis.o
    0x00009e4e   0x00000002   PAD
    0x00009e50   0x00000084   Code   RO         2157    i.timer_list_handler  app_timer.o
    0x00009ed4   0x00000010   Code   RO         2158    i.timer_list_handler_sched  app_timer.o
    0x00009ee4   0x00000040   Code   RO         2159    i.timer_list_insert  app_timer.o
    0x00009f24   0x00000080   Code   RO         2160    i.timer_timeouts_check  app_timer.o
    0x00009fa4   0x00000020   Code   RO         2889    i.tx_buf_alloc      app_mw_ble.o
    0x00009fc4   0x0000001e   Code   RO         3070    i.tx_buf_alloc      app_mw_ble_gap.o
    0x00009fe2   0x0000001e   Code   RO         3535    i.tx_buf_alloc      app_mw_ble_gatts.o
    0x0000a000   0x0000001e   Code   RO         3736    i.tx_buf_alloc      app_mw_nrf_soc.o
    0x0000a01e   0x00000002   PAD
    0x0000a020   0x0000002c   Code   RO         1590    i.tx_byte           nrf_drv_uart.o
    0x0000a04c   0x00000020   Code   RO         1591    i.tx_done_event     nrf_drv_uart.o
    0x0000a06c   0x00000058   Code   RO         1165    i.uart_event_handler  app_uart.o
    0x0000a0c4   0x00000128   Code   RO         1592    i.uart_irq_handler  nrf_drv_uart.o
    0x0000a1ec   0x0000001e   Code   RO         6887    i.uint16_dec        ble_serialization.o
    0x0000a20a   0x0000000a   Code   RO          476    i.uint16_encode     ble_advdata.o
    0x0000a214   0x0000000a   Code   RO          679    i.uint16_encode     ble_bps.o
    0x0000a21e   0x0000000a   Code   RO         4132    i.uint16_encode     ble_gap_conn_param_update.o
    0x0000a228   0x0000000a   Code   RO         4793    i.uint16_encode     ble_gap_ppcp_set.o
    0x0000a232   0x0000000a   Code   RO         6289    i.uint16_encode     ble_gatts_hvx.o
    0x0000a23c   0x00000024   Code   RO         6888    i.uint16_t_dec      ble_serialization.o
    0x0000a260   0x00000022   Code   RO         6889    i.uint16_t_enc      ble_serialization.o
    0x0000a282   0x00000014   Code   RO         6890    i.uint32_decode     ble_serialization.o
    0x0000a296   0x00000012   Code   RO         6891    i.uint32_encode     ble_serialization.o
    0x0000a2a8   0x00000032   Code   RO         6893    i.uint32_t_enc      ble_serialization.o
    0x0000a2da   0x00000016   Code   RO         6894    i.uint8_dec         ble_serialization.o
    0x0000a2f0   0x0000001a   Code   RO         6895    i.uint8_t_dec       ble_serialization.o
    0x0000a30a   0x0000001a   Code   RO         6896    i.uint8_t_enc       ble_serialization.o
    0x0000a324   0x00000030   Code   RO         6897    i.uint8_vector_dec  ble_serialization.o
    0x0000a354   0x00000014   Code   RO          934    i.update_status_bit_reset  device_manager_peripheral.o
    0x0000a368   0x00000068   Code   RO          745    i.update_timeout_handler  ble_conn_params.o
    0x0000a3d0   0x00000054   Code   RO         2161    i.user_id_get       app_timer.o
    0x0000a424   0x00000026   Code   RO         2162    i.user_op_alloc     app_timer.o
    0x0000a44a   0x00000002   PAD
    0x0000a44c   0x00000020   Code   RO         2893    i.uuid_encode_rsp_dec  app_mw_ble.o
    0x0000a46c   0x00000030   Code   RO          477    i.uuid_list_encode  ble_advdata.o
    0x0000a49c   0x000000b2   Code   RO          478    i.uuid_list_sized_encode  ble_advdata.o
    0x0000a54e   0x00000010   Code   RO          558    i.whitelist_has_entries  ble_advertising.o
    0x0000a55e   0x00000002   PAD
    0x0000a560   0x00000008   Data   RO           24    .constdata          main.o
    0x0000a568   0x0000003c   Data   RO          338    .constdata          bsp.o
    0x0000a5a4   0x00000004   Data   RO          748    .constdata          ble_conn_params.o
    0x0000a5a8   0x00000030   Data   RO          936    .constdata          device_manager_peripheral.o
    0x0000a5d8   0x00000020   Data   RO         1166    .constdata          app_uart.o
    0x0000a5f8   0x00000020   Data   RO         1594    .constdata          nrf_drv_uart.o
    0x0000a618   0x00000008   Data   RO         1917    .constdata          app_button.o
    0x0000a620   0x00000010   Data   RO         2775    .constdata          segger_rtt_printf.o
    0x0000a630   0x0000000c   Data   RO         7679    .constdata          ser_phy_nrf51_uart.o
    0x0000a63c   0x00000018   Data   RO         7836    .constdata          ser_softdevice_handler.o
    0x0000a654   0x00000020   Data   RO         8108    Region$$Table       anon$$obj.o


    Execution Region RW_IRAM1 (Base: 0x20002080, Size: 0x00001e58, Max: 0x00005f80, ABSOLUTE, COMPRESSED[0x00000024])

    Base Addr    Size         Type   Attr      Idx    E Section Name        Object

    0x20002080   0x00000024   Data   RW           25    .data               main.o
    0x200020a4   0x00000018   Data   RW          339    .data               bsp.o
    0x200020bc   0x00000008   Data   RW          433    .data               bsp_btn_ble.o
    0x200020c4   0x0000001f   Data   RW          560    .data               ble_advertising.o
    0x200020e3   0x00000001   PAD
    0x200020e4   0x00000014   Data   RW          749    .data               ble_conn_params.o
    0x200020f8   0x0000004a   Data   RW          811    .data               ble_dis.o
    0x20002142   0x00000002   PAD
    0x20002144   0x00000018   Data   RW          938    .data               device_manager_peripheral.o
    0x2000215c   0x00000008   Data   RW         1167    .data               app_uart.o
    0x20002164   0x00000001   Data   RW         1247    .data               ble_flash.o
    0x20002165   0x00000003   PAD
    0x20002168   0x0000000c   Data   RW         1823    .data               pstorage_nosd.o
    0x20002174   0x00000014   Data   RW         1918    .data               app_button.o
    0x20002188   0x00000020   Data   RW         2163    .data               app_timer.o
    0x200021a8   0x00000004   Data   RW         2291    .data               app_util_platform.o
    0x200021ac   0x00000004   Data   RW         2437    .data               nrf_log.o
    0x200021b0   0x0000000c   Data   RW         2897    .data               app_mw_ble.o
    0x200021bc   0x0000000c   Data   RW         3071    .data               app_mw_ble_gap.o
    0x200021c8   0x00000004   Data   RW         7477    .data               ser_app_hal_nrf51.o
    0x200021cc   0x00000001   Data   RW         7573    .data               ser_app_power_system_off.o
    0x200021cd   0x00000003   PAD
    0x200021d0   0x00000008   Data   RW         7612    .data               ser_hal_transport.o
    0x200021d8   0x0000001c   Data   RW         7680    .data               ser_phy_nrf51_uart.o
    0x200021f4   0x00000020   Data   RW         7758    .data               ser_sd_transport.o
    0x20002214   0x00000004   Data   RW         7837    .data               ser_softdevice_handler.o
    0x20002218   0x00000004   Data   RW         7838    .data               ser_softdevice_handler.o
    0x2000221c   0x00000014   Data   RW         7936    .data               softdevice_handler.o
    0x20002230   0x00000004   Data   RW         8030    .data               system_nrf51.o
    0x20002234   0x00000020   Zero   RW           22    .bss                main.o
    0x20002254   0x00000294   Zero   RW           23    .bss                main.o
    0x200024e8   0x00000020   Zero   RW          334    .bss                bsp.o
    0x20002508   0x00000020   Zero   RW          335    .bss                bsp.o
    0x20002528   0x0000000c   Zero   RW          336    .bss                bsp.o
    0x20002534   0x00000020   Zero   RW          337    .bss                bsp.o
    0x20002554   0x00000103   Zero   RW          559    .bss                ble_advertising.o
    0x20002657   0x00000001   PAD
    0x20002658   0x00000020   Zero   RW          746    .bss                ble_conn_params.o
    0x20002678   0x0000001c   Zero   RW          747    .bss                ble_conn_params.o
    0x20002694   0x00000133   Zero   RW          935    .bss                device_manager_peripheral.o
    0x200027c7   0x00000001   PAD
    0x200027c8   0x00000048   Zero   RW         1407    .bss                nrf_drv_gpiote.o
    0x20002810   0x0000001c   Zero   RW         1593    .bss                nrf_drv_uart.o
    0x2000282c   0x00000010   Zero   RW         1822    .bss                pstorage_nosd.o
    0x2000283c   0x00000020   Zero   RW         1916    .bss                app_button.o
    0x2000285c   0x00000058   Zero   RW         2338    .bss                fstorage.o
    0x200028b4   0x0000041b   Zero   RW         2436    .bss                nrf_log.o
    0x20002ccf   0x00000001   PAD
    0x20002cd0   0x00000488   Zero   RW         2654    .bss                segger_rtt.o
    0x20003158   0x00000048   Zero   RW         2807    .bss                app_ble_gap_sec_keys.o
    0x200031a0   0x00000060   Zero   RW         2839    .bss                app_ble_user_mem.o
    0x20003200   0x0000000c   Zero   RW         2896    .bss                app_mw_ble.o
    0x2000320c   0x0000000c   Zero   RW         3536    .bss                app_mw_ble_gatts.o
    0x20003218   0x00000300   Zero   RW         7611    .bss                ser_hal_transport.o
    0x20003518   0x00000018   Zero   RW         7678    .bss                ser_phy_nrf51_uart.o
    0x20003530   0x0000017c   Zero   RW         7834    .bss                ser_softdevice_handler.o
    0x200036ac   0x00000028   Zero   RW         7835    .bss                ser_softdevice_handler.o
    0x200036d4   0x00000004   PAD
    0x200036d8   0x00000800   Zero   RW         8018    STACK               arm_startup_nrf51.o


==============================================================================

Image component sizes


      Code (inc. data)   RO Data    RW Data    ZI Data      Debug   Object Name

       148         16          0          0         72       4685   app_ble_gap_sec_keys.o
        92         10          0          0         96       3794   app_ble_user_mem.o
       328         34          8         20         32       8970   app_button.o
        24          4          0          0          0       2225   app_error.o
        28         10          0          0          0       7090   app_error_weak.o
       244          0          0          0          0       7405   app_mailbox.o
       224         26          0         12         12       6764   app_mw_ble.o
      1386        126          0         12          0      27446   app_mw_ble_gap.o
       986        102          0          0         12      18627   app_mw_ble_gatts.o
        84          0          0          0          0       2682   app_mw_nrf_soc.o
      1696        150          0         32          0      30459   app_timer.o
       256         24         32          8          0      11932   app_uart.o
        52         10          0          4          0       3212   app_util_platform.o
        56         18        192          0       2048        712   arm_startup_nrf51.o
      1602          6          0          0          0      20248   ble_advdata.o
      1098         40          0         31        259      10093   ble_advertising.o
       602         18          0          0          0      13035   ble_bas.o
       886         22          0          0          0      18483   ble_bps.o
       468         58          4         20         60       6644   ble_conn_params.o
       612         20          0         74          0       5523   ble_dis.o
        76          4          0          0          0       3314   ble_enable.o
       602         46          0          0          0       2476   ble_event.o
       102          0          0          0          0       1858   ble_evt_tx_complete.o
       176          4          0          0          0       2378   ble_evt_user_mem_release.o
        96          0          0          0          0       2019   ble_evt_user_mem_request.o
       170         24          0          1          0       4087   ble_flash.o
       142          0          0          0          0       2860   ble_gap_address_get.o
       106          0          0          0          0       2766   ble_gap_adv_data_set.o
       216         10          0          0          0       2952   ble_gap_adv_start.o
        60          0          0          0          0       2450   ble_gap_adv_stop.o
       128          0          0          0          0       2790   ble_gap_appearance_get.o
        52          0          0          0          0       2726   ble_gap_appearance_set.o
       136          0          0          0          0       3300   ble_gap_conn_param_update.o
       180          0          0          0          0       3192   ble_gap_device_name_get.o
       138          0          0          0          0       2948   ble_gap_device_name_set.o
        56          0          0          0          0       2690   ble_gap_disconnect.o
       206          0          0          0          0       2157   ble_gap_evt_adv_report.o
       102          0          0          0          0       1975   ble_gap_evt_auth_key_request.o
       160          6          0          0          0       2281   ble_gap_evt_auth_status.o
       144          0          0          0          0       2000   ble_gap_evt_conn_param_update.o
       144          0          0          0          0       2048   ble_gap_evt_conn_param_update_request.o
       142          0          0          0          0       1986   ble_gap_evt_conn_sec_update.o
       104          0          0          0          0       2092   ble_gap_evt_connected.o
       102          0          0          0          0       1951   ble_gap_evt_disconnected.o
       104          0          0          0          0       2102   ble_gap_evt_key_pressed.o
       172         10          0          0          0       2348   ble_gap_evt_lesc_dhkey_request.o
       136          0          0          0          0       2158   ble_gap_evt_passkey_display.o
       102          0          0          0          0       1951   ble_gap_evt_rssi_changed.o
       126          0          0          0          0       2138   ble_gap_evt_scan_req_report.o
       106          0          0          0          0       2115   ble_gap_evt_sec_info_request.o
       110          0          0          0          0       2149   ble_gap_evt_sec_params_request.o
       102          0          0          0          0       2166   ble_gap_evt_sec_request.o
       100          0          0          0          0       1866   ble_gap_evt_timeout.o
       164          0          0          0          0       2774   ble_gap_ppcp_get.o
       124          0          0          0          0       3282   ble_gap_ppcp_set.o
       236          6          0          0          0       3190   ble_gap_sec_info_reply.o
       240         14          0          0          0       3214   ble_gap_sec_params_reply.o
      2518         44          0          0          0      36669   ble_gap_struct_serialization.o
       166          0          0          0          0       2307   ble_gattc_evt_attr_info_disc_rsp.o
       418          0          0          0          0       2458   ble_gattc_evt_char_disc_rsp.o
       160          0          0          0          0       2426   ble_gattc_evt_char_val_by_uuid_read_rsp.o
       126          0          0          0          0       2191   ble_gattc_evt_char_vals_read_rsp.o
       232          0          0          0          0       2282   ble_gattc_evt_desc_disc_rsp.o
       204          0          0          0          0       2148   ble_gattc_evt_hvx.o
       246          0          0          0          0       2335   ble_gattc_evt_prim_srvc_disc_rsp.o
       204          0          0          0          0       2173   ble_gattc_evt_read_rsp.o
       144          0          0          0          0       2101   ble_gattc_evt_rel_disc_rsp.o
       102          0          0          0          0       1940   ble_gattc_evt_timeout.o
       218          0          0          0          0       2190   ble_gattc_evt_write_rsp.o
       660         10          0          0          0      11515   ble_gattc_struct_serialization.o
       232         14          0          0          0       3386   ble_gatts_characteristic_add.o
       210          6          0          0          0       3310   ble_gatts_descriptor_add.o
       100          0          0          0          0       1920   ble_gatts_evt_hvc.o
       184          4          0          0          0       2448   ble_gatts_evt_rw_authorize_request.o
        80          0          0          0          0       1895   ble_gatts_evt_sc_confirm.o
       100          0          0          0          0       1993   ble_gatts_evt_sys_attr_missing.o
       100          0          0          0          0       1944   ble_gatts_evt_timeout.o
       176          6          0          0          0       2389   ble_gatts_evt_write.o
       316          4          0          0          0       3792   ble_gatts_hvx.o
       190          0          0          0          0       3264   ble_gatts_service_add.o
       114          0          0          0          0       2768   ble_gatts_service_changed.o
      1260         16          0          0          0      13640   ble_gatts_struct_serialization.o
       304          0          0          0          0       3694   ble_gatts_sys_attr_get.o
       156          0          0          0          0       3162   ble_gatts_sys_attr_set.o
       238          0          0          0          0       3252   ble_gatts_value_get.o
       184          4          0          0          0       3500   ble_gatts_value_set.o
       114          0          0          0          0       2055   ble_l2cap_evt_rx.o
       762          0          0          0          0      20109   ble_serialization.o
        30          0          0          0          0       2140   ble_srv_common.o
       528          6          0          0          0      10516   ble_struct_serialization.o
       218          0          0          0          0       3200   ble_uuid_encode.o
      1114        118         60         24        108      10037   bsp.o
       284         10          0          8          0       4661   bsp_btn_ble.o
       144          0          0          0          0       2910   cond_field_serialization.o
      2740        200         48         24        307      32345   device_manager_peripheral.o
        24          6          0          0         88       3776   fstorage.o
      1794        208          8         36        692     118995   main.o
        58          4          0          0          0       1783   nrf_delay.o
        96         18          0          0          0       8612   nrf_drv_common.o
      1036        126          0          0         72      22584   nrf_drv_gpiote.o
      1216        140         32          0         28      26258   nrf_drv_uart.o
       112         30          0          4       1051       4585   nrf_log.o
         6          0          0          0          0        582   nrf_soc.o
        34          0          0          0          0       1575   power_system_off.o
      1172         66          0         12         16      19046   pstorage_nosd.o
       566         56          0          0       1160      10890   segger_rtt.o
       882          6         16          0          0       6009   segger_rtt_printf.o
       106          0          0          0          0       3235   sensorsim.o
       136         38          0          4          0      15977   ser_app_hal_nrf51.o
        36         14          0          1          0       2259   ser_app_power_system_off.o
       752         72          0          8        768      10454   ser_hal_transport.o
       568         76         12         28         24      19143   ser_phy_nrf51_uart.o
       326         38          0         32          0       8611   ser_sd_transport.o
       298         42         24          8        420       7547   ser_softdevice_handler.o
       732        292          0         20          0      19513   softdevice_handler.o
       232         36          0          4          0       2359   system_nrf51.o

    ----------------------------------------------------------------------
     41762       2528        468        436       7332     833636   Object Totals
         0          0         32          0          0          0   (incl. Generated)
        70          0          0          9          7          0   (incl. Padding)

    ----------------------------------------------------------------------

      Code (inc. data)   RO Data    RW Data    ZI Data      Debug   Library Member Name

        58          0          0          0          0          0   __dczerorl.o
         0          0          0          0          0          0   entry.o
         0          0          0          0          0          0   entry10a.o
         0          0          0          0          0          0   entry11a.o
         8          4          0          0          0          0   entry2.o
         4          0          0          0          0          0   entry5.o
         0          0          0          0          0          0   entry7b.o
         0          0          0          0          0          0   entry8b.o
         8          4          0          0          0          0   entry9a.o
        30          0          0          0          0          0   handlers.o
        40          0          0          0          0         72   idiv.o
        36          8          0          0          0         68   init.o
        26          0          0          0          0         72   memcmp.o
        36          0          0          0          0         60   memcpya.o
        36          0          0          0          0        100   memseta.o
        18          0          0          0          0         60   strcpy.o
        14          0          0          0          0         60   strlen.o
        44          0          0          0          0         72   uidiv.o
        20          0          0          0          0         60   uread4.o

    ----------------------------------------------------------------------
       382         16          0          0          0        624   Library Totals
         4          0          0          0          0          0   (incl. Padding)

    ----------------------------------------------------------------------

      Code (inc. data)   RO Data    RW Data    ZI Data      Debug   Library Name

       378         16          0          0          0        624   mc_p.l

    ----------------------------------------------------------------------
       382         16          0          0          0        624   Library Totals

    ----------------------------------------------------------------------

==============================================================================


      Code (inc. data)   RO Data    RW Data    ZI Data      Debug   

     42144       2544        468        436       7332     812336   Grand Totals
     42144       2544        468         36       7332     812336   ELF Image Totals (compressed)
     42144       2544        468         36          0          0   ROM Totals

==============================================================================

    Total RO  Size (Code + RO Data)                42612 (  41.61kB)
    Total RW  Size (RW Data + ZI Data)              7768 (   7.59kB)
    Total ROM Size (Code + RO Data + RW Data)      42648 (  41.65kB)

==============================================================================

