Component: ARM Compiler 5.06 (build 20) Tool: armlink [4d35a3]

==============================================================================

Section Cross References

    main.o(i.assert_nrf_callback) refers to app_error.o(i.app_error_handler) for app_error_handler
    main.o(i.ble_evt_dispatch) refers to main.o(i.on_ble_evt) for on_ble_evt
    main.o(i.ble_evt_dispatch) refers to bsp_btn_ble.o(i.bsp_btn_ble_on_ble_evt) for bsp_btn_ble_on_ble_evt
    main.o(i.ble_evt_dispatch) refers to ble_db_discovery.o(i.ble_db_discovery_on_ble_evt) for ble_db_discovery_on_ble_evt
    main.o(i.ble_evt_dispatch) refers to ble_nus_c.o(i.ble_nus_c_on_ble_evt) for ble_nus_c_on_ble_evt
    main.o(i.ble_evt_dispatch) refers to main.o(.bss) for .bss
    main.o(i.ble_nus_c_evt_handler) refers to main.o(i.scan_start) for scan_start
    main.o(i.ble_nus_c_evt_handler) refers to ble_nus_c.o(i.ble_nus_c_handles_assign) for ble_nus_c_handles_assign
    main.o(i.ble_nus_c_evt_handler) refers to app_error.o(i.app_error_handler_bare) for app_error_handler_bare
    main.o(i.ble_nus_c_evt_handler) refers to ble_nus_c.o(i.ble_nus_c_rx_notif_enable) for ble_nus_c_rx_notif_enable
    main.o(i.ble_nus_c_evt_handler) refers to app_uart_fifo.o(i.app_uart_put) for app_uart_put
    main.o(i.ble_stack_init) refers to softdevice_handler.o(i.softdevice_handler_init) for softdevice_handler_init
    main.o(i.ble_stack_init) refers to app_error.o(i.app_error_handler_bare) for app_error_handler_bare
    main.o(i.ble_stack_init) refers to softdevice_handler.o(i.softdevice_enable_get_default_config) for softdevice_enable_get_default_config
    main.o(i.ble_stack_init) refers to softdevice_handler.o(i.sd_check_ram_start) for sd_check_ram_start
    main.o(i.ble_stack_init) refers to softdevice_handler.o(i.softdevice_enable) for softdevice_enable
    main.o(i.ble_stack_init) refers to softdevice_handler.o(i.softdevice_ble_evt_handler_set) for softdevice_ble_evt_handler_set
    main.o(i.ble_stack_init) refers to main.o(.constdata) for .constdata
    main.o(i.ble_stack_init) refers to main.o(.bss) for .bss
    main.o(i.ble_stack_init) refers to main.o(i.ble_evt_dispatch) for ble_evt_dispatch
    main.o(i.bsp_event_handler) refers to bsp.o(i.bsp_indication_set) for bsp_indication_set
    main.o(i.bsp_event_handler) refers to app_error.o(i.app_error_handler_bare) for app_error_handler_bare
    main.o(i.bsp_event_handler) refers to bsp_btn_ble.o(i.bsp_btn_ble_sleep_mode_prepare) for bsp_btn_ble_sleep_mode_prepare
    main.o(i.bsp_event_handler) refers to main.o(.bss) for .bss
    main.o(i.db_disc_handler) refers to ble_nus_c.o(i.ble_nus_c_on_db_disc_evt) for ble_nus_c_on_db_disc_evt
    main.o(i.db_disc_handler) refers to main.o(.bss) for .bss
    main.o(i.main) refers to app_timer.o(i.app_timer_init) for app_timer_init
    main.o(i.main) refers to app_error.o(i.app_error_handler_bare) for app_error_handler_bare
    main.o(i.main) refers to app_uart_fifo.o(i.app_uart_init) for app_uart_init
    main.o(i.main) refers to bsp.o(i.bsp_init) for bsp_init
    main.o(i.main) refers to bsp_btn_ble.o(i.bsp_btn_ble_init) for bsp_btn_ble_init
    main.o(i.main) refers to ble_db_discovery.o(i.ble_db_discovery_init) for ble_db_discovery_init
    main.o(i.main) refers to main.o(i.ble_stack_init) for ble_stack_init
    main.o(i.main) refers to ble_nus_c.o(i.ble_nus_c_init) for ble_nus_c_init
    main.o(i.main) refers to main.o(i.scan_start) for scan_start
    main.o(i.main) refers to printfa.o(i.__0printf) for __2printf
    main.o(i.main) refers to main.o(.bss) for .bss
    main.o(i.main) refers to main.o(.constdata) for .constdata
    main.o(i.main) refers to main.o(i.uart_event_handle) for uart_event_handle
    main.o(i.main) refers to main.o(i.bsp_event_handler) for bsp_event_handler
    main.o(i.main) refers to main.o(i.db_disc_handler) for db_disc_handler
    main.o(i.main) refers to main.o(i.ble_nus_c_evt_handler) for ble_nus_c_evt_handler
    main.o(i.on_ble_evt) refers to main.o(i.is_uuid_present) for is_uuid_present
    main.o(i.on_ble_evt) refers to bsp.o(i.bsp_indication_set) for bsp_indication_set
    main.o(i.on_ble_evt) refers to app_error.o(i.app_error_handler_bare) for app_error_handler_bare
    main.o(i.on_ble_evt) refers to ble_db_discovery.o(i.ble_db_discovery_start) for ble_db_discovery_start
    main.o(i.on_ble_evt) refers to main.o(i.scan_start) for scan_start
    main.o(i.on_ble_evt) refers to main.o(.constdata) for .constdata
    main.o(i.on_ble_evt) refers to main.o(.bss) for .bss
    main.o(i.scan_start) refers to app_error.o(i.app_error_handler_bare) for app_error_handler_bare
    main.o(i.scan_start) refers to bsp.o(i.bsp_indication_set) for bsp_indication_set
    main.o(i.scan_start) refers to main.o(.constdata) for .constdata
    main.o(i.uart_event_handle) refers to app_error.o(i.app_error_handler_bare) for app_error_handler_bare
    main.o(i.uart_event_handle) refers to app_uart_fifo.o(i.app_uart_get) for app_uart_get
[...]
    Removing bsp_btn_ble.o(.rev16_text), (4 bytes).
    Removing bsp_btn_ble.o(.revsh_text), (4 bytes).
    Removing ble_advdata.o(.rev16_text), (4 bytes).
    Removing ble_advdata.o(.revsh_text), (4 bytes).
    Removing ble_advdata.o(i.adv_data_encode), (534 bytes).
    Removing ble_advdata.o(i.ble_advdata_set), (104 bytes).
    Removing ble_advdata.o(i.ble_device_addr_encode), (94 bytes).
    Removing ble_advdata.o(i.conn_int_encode), (136 bytes).
    Removing ble_advdata.o(i.le_role_encode), (84 bytes).
    Removing ble_advdata.o(i.manuf_specific_data_encode), (104 bytes).
    Removing ble_advdata.o(i.name_encode), (158 bytes).
    Removing ble_advdata.o(i.service_data_encode), (142 bytes).
    Removing ble_advdata.o(i.uint16_encode), (10 bytes).
    Removing ble_advdata.o(i.uuid_list_encode), (48 bytes).
    Removing ble_advdata.o(i.uuid_list_sized_encode), (174 bytes).
    Removing ble_conn_params.o(.rev16_text), (4 bytes).
    Removing ble_conn_params.o(.revsh_text), (4 bytes).
    Removing ble_conn_params.o(i.ble_conn_params_change_conn_params), (80 bytes).
    Removing ble_conn_params.o(i.ble_conn_params_init), (84 bytes).
    Removing ble_conn_params.o(i.ble_conn_params_on_ble_evt), (144 bytes).
    Removing ble_conn_params.o(i.ble_conn_params_stop), (16 bytes).
    Removing ble_conn_params.o(i.conn_params_negotiation), (104 bytes).
    Removing ble_conn_params.o(i.is_conn_params_ok), (28 bytes).
    Removing ble_conn_params.o(i.update_timeout_handler), (100 bytes).
    Removing ble_conn_params.o(.bss), (32 bytes).
    Removing ble_conn_params.o(.bss), (28 bytes).
    Removing ble_conn_params.o(.constdata), (4 bytes).
    Removing ble_conn_params.o(.data), (20 bytes).
    Removing ble_db_discovery.o(.rev16_text), (4 bytes).
    Removing ble_db_discovery.o(.revsh_text), (4 bytes).
    Removing ble_db_discovery.o(i.ble_db_discovery_close), (20 bytes).
    Removing ble_nus_c.o(.rev16_text), (4 bytes).
    Removing ble_nus_c.o(.revsh_text), (4 bytes).
    Removing ble_srv_common.o(.rev16_text), (4 bytes).
    Removing ble_srv_common.o(.revsh_text), (4 bytes).
    Removing ble_srv_common.o(i.ble_srv_ascii_to_utf8), (18 bytes).
    Removing ble_srv_common.o(i.ble_srv_report_ref_encode), (12 bytes).
    Removing ble_srv_common.o(i.characteristic_add), (400 bytes).
    Removing ble_srv_common.o(i.descriptor_add), (176 bytes).
    Removing ble_srv_common.o(i.set_security_req), (46 bytes).
    Removing app_uart_fifo.o(.rev16_text), (4 bytes).
    Removing app_uart_fifo.o(.revsh_text), (4 bytes).
    Removing app_uart_fifo.o(i.app_uart_close), (10 bytes).
    Removing app_uart_fifo.o(i.app_uart_flush), (28 bytes).
    Removing nrf_delay.o(.rev16_text), (4 bytes).
    Removing nrf_delay.o(.revsh_text), (4 bytes).
    Removing nrf_delay.o(.emb_text), (30 bytes).
    Removing nrf_delay.o(i.nrf_delay_ms), (28 bytes).
    Removing nrf_drv_common.o(.rev16_text), (4 bytes).
    Removing nrf_drv_common.o(.revsh_text), (4 bytes).
    Removing nrf_drv_gpiote.o(.rev16_text), (4 bytes).
    Removing nrf_drv_gpiote.o(.revsh_text), (4 bytes).
    Removing nrf_drv_gpiote.o(i.nrf_drv_gpiote_in_event_addr_get), (24 bytes).
    Removing nrf_drv_gpiote.o(i.nrf_drv_gpiote_in_event_disable), (72 bytes).
    Removing nrf_drv_gpiote.o(i.nrf_drv_gpiote_in_uninit), (76 bytes).
    Removing nrf_drv_gpiote.o(i.nrf_drv_gpiote_out_clear), (16 bytes).
    Removing nrf_drv_gpiote.o(i.nrf_drv_gpiote_out_init), (152 bytes).
    Removing nrf_drv_gpiote.o(i.nrf_drv_gpiote_out_set), (16 bytes).
    Removing nrf_drv_gpiote.o(i.nrf_drv_gpiote_out_task_addr_get), (20 bytes).
    Removing nrf_drv_gpiote.o(i.nrf_drv_gpiote_out_task_disable), (32 bytes).
    Removing nrf_drv_gpiote.o(i.nrf_drv_gpiote_out_task_enable), (48 bytes).
    Removing nrf_drv_gpiote.o(i.nrf_drv_gpiote_out_task_force), (44 bytes).
    Removing nrf_drv_gpiote.o(i.nrf_drv_gpiote_out_task_trigger), (24 bytes).
    Removing nrf_drv_gpiote.o(i.nrf_drv_gpiote_out_toggle), (24 bytes).
    Removing nrf_drv_gpiote.o(i.nrf_drv_gpiote_out_uninit), (68 bytes).
    Removing nrf_drv_gpiote.o(i.nrf_drv_gpiote_uninit), (56 bytes).
    Removing nrf_drv_gpiote.o(i.nrf_gpio_cfg_default), (18 bytes).
    Removing nrf_drv_uart.o(.rev16_text), (4 bytes).
    Removing nrf_drv_uart.o(.revsh_text), (4 bytes).
    Removing nrf_drv_uart.o(i.nrf_drv_uart_errorsrc_get), (28 bytes).
    Removing nrf_drv_uart.o(i.nrf_drv_uart_rx_abort), (24 bytes).
    Removing nrf_drv_uart.o(i.nrf_drv_uart_rx_disable), (24 bytes).
    Removing nrf_drv_uart.o(i.nrf_drv_uart_tx_abort), (44 bytes).
    Removing nrf_drv_uart.o(i.nrf_drv_uart_uninit), (108 bytes).
    Removing nrf_drv_uart.o(i.nrf_gpio_cfg_default), (18 bytes).
    Removing app_button.o(.rev16_text), (4 bytes).
    Removing app_button.o(.revsh_text), (4 bytes).
    Removing app_button.o(i.app_button_disable), (44 bytes).
    Removing app_button.o(i.app_button_is_pushed), (44 bytes).
    Removing app_error.o(.rev16_text), (4 bytes).
    Removing app_error.o(.revsh_text), (4 bytes).
    Removing app_error.o(i.app_error_handler), (28 bytes).
    Removing app_error.o(i.app_error_save_and_stop), (100 bytes).
    Removing app_error.o(.bss), (32 bytes).
    Removing app_error_weak.o(.rev16_text), (4 bytes).
    Removing app_error_weak.o(.revsh_text), (4 bytes).
    Removing app_fifo.o(.rev16_text), (4 bytes).
    Removing app_fifo.o(.revsh_text), (4 bytes).
    Removing app_fifo.o(i.app_fifo_flush), (8 bytes).
    Removing app_fifo.o(i.app_fifo_peek), (34 bytes).
    Removing app_fifo.o(i.app_fifo_read), (72 bytes).
    Removing app_fifo.o(i.app_fifo_write), (78 bytes).
    Removing app_timer.o(.rev16_text), (4 bytes).
    Removing app_timer.o(.revsh_text), (4 bytes).
    Removing app_timer.o(i.app_timer_cnt_diff_compute), (12 bytes).
    Removing app_timer.o(i.app_timer_cnt_get), (16 bytes).
    Removing app_timer.o(i.app_timer_stop_all), (68 bytes).
    Removing app_util_platform.o(.rev16_text), (4 bytes).
    Removing app_util_platform.o(.revsh_text), (4 bytes).
    Removing app_util_platform.o(i.app_util_critical_region_enter), (60 bytes).
    Removing app_util_platform.o(i.app_util_critical_region_exit), (44 bytes).
    Removing app_util_platform.o(i.app_util_disable_irq), (16 bytes).
    Removing app_util_platform.o(i.app_util_enable_irq), (20 bytes).
    Removing app_util_platform.o(.data), (4 bytes).
    Removing nrf_assert.o(.rev16_text), (4 bytes).
    Removing nrf_assert.o(.revsh_text), (4 bytes).
    Removing nrf_log.o(.rev16_text), (4 bytes).
    Removing nrf_log.o(.revsh_text), (4 bytes).
    Removing nrf_log.o(i.log_hex), (64 bytes).
    Removing nrf_log.o(i.log_hex_char), (56 bytes).
    Removing nrf_log.o(i.log_uart_init), (76 bytes).
    Removing nrf_log.o(i.log_uart_printf), (20 bytes).
    Removing nrf_log.o(i.log_uart_read_input), (36 bytes).
    Removing nrf_log.o(i.log_uart_write_hex), (52 bytes).
    Removing nrf_log.o(i.log_uart_write_hex_char), (44 bytes).
    Removing nrf_log.o(i.uart_error_cb), (20 bytes).
    Removing nrf_log.o(.bss), (523 bytes).
    Removing nrf_log.o(.constdata), (12 bytes).
    Removing nrf_log.o(.data), (7 bytes).
    Removing retarget.o(.rev16_text), (4 bytes).
    Removing retarget.o(.revsh_text), (4 bytes).
    Removing retarget.o(i.fgetc), (18 bytes).
    Removing retarget.o(.data), (4 bytes).
    Removing segger_rtt.o(i.SEGGER_RTT_ConfigDownBuffer), (76 bytes).
    Removing segger_rtt.o(i.SEGGER_RTT_ConfigUpBuffer), (76 bytes).
    Removing segger_rtt.o(i.SEGGER_RTT_GetKey), (28 bytes).
    Removing segger_rtt.o(i.SEGGER_RTT_HasData), (20 bytes).
    Removing segger_rtt.o(i.SEGGER_RTT_HasKey), (36 bytes).
    Removing segger_rtt.o(i.SEGGER_RTT_Init), (20 bytes).
    Removing segger_rtt.o(i.SEGGER_RTT_Read), (8 bytes).
    Removing segger_rtt.o(i.SEGGER_RTT_ReadNoLock), (128 bytes).
    Removing segger_rtt.o(i.SEGGER_RTT_SetNameDownBuffer), (48 bytes).
    Removing segger_rtt.o(i.SEGGER_RTT_SetNameUpBuffer), (48 bytes).
    Removing segger_rtt.o(i.SEGGER_RTT_SetTerminal), (104 bytes).
    Removing segger_rtt.o(i.SEGGER_RTT_TerminalOut), (148 bytes).
    Removing segger_rtt.o(i.SEGGER_RTT_WaitKey), (12 bytes).
    Removing segger_rtt.o(i.SEGGER_RTT_Write), (36 bytes).
    Removing segger_rtt.o(i.SEGGER_RTT_WriteNoLock), (92 bytes).
    Removing segger_rtt.o(i.SEGGER_RTT_WriteSkipNoLock), (108 bytes).
    Removing segger_rtt.o(i.SEGGER_RTT_WriteString), (24 bytes).
    Removing segger_rtt.o(i._DoInit), (108 bytes).
    Removing segger_rtt.o(i._GetAvailWriteSpace), (22 bytes).
    Removing segger_rtt.o(i._PostTerminalSwitch), (32 bytes).
    Removing segger_rtt.o(i._WriteBlocking), (96 bytes).
    Removing segger_rtt.o(i._WriteNoCheck), (60 bytes).
    Removing segger_rtt.o(.bss), (1160 bytes).
    Removing segger_rtt.o(.data), (17 bytes).
    Removing softdevice_handler.o(.rev16_text), (4 bytes).
    Removing softdevice_handler.o(.revsh_text), (4 bytes).
    Removing softdevice_handler.o(i.softdevice_handler_isEnabled), (12 bytes).
    Removing softdevice_handler.o(i.softdevice_handler_sd_disable), (24 bytes).
    Removing softdevice_handler.o(i.softdevice_sys_evt_handler_set), (20 bytes).
    Removing arm_startup_nrf51.o(HEAP), (0 bytes).
    Removing system_nrf51.o(.rev16_text), (4 bytes).
    Removing system_nrf51.o(.revsh_text), (4 bytes).
    Removing system_nrf51.o(i.SystemCoreClockUpdate), (16 bytes).
    Removing nrf_log.o(i.log_uart_write_string), (20 bytes).
    Removing nrf_log.o(i.log_uart_write_string_many), (32 bytes).
    Removing nrf_log.o(i.log_uart_has_input), (40 bytes).

168 unused section(s) (total 8531 bytes) removed from the image.

==============================================================================

Image Symbol Table

    Local Symbols

    Symbol Name                              Value     Ov Type        Size  Object(Section)

    ../clib/microlib/division.c              0x00000000   Number         0  uldiv.o ABSOLUTE
    ../clib/microlib/division.c              0x00000000   Number         0  uidiv.o ABSOLUTE
    ../clib/microlib/init/entry.s            0x00000000   Number         0  entry11a.o ABSOLUTE
    ../clib/microlib/init/entry.s            0x00000000   Number         0  entry8b.o ABSOLUTE
    ../clib/microlib/init/entry.s            0x00000000   Number         0  entry10a.o ABSOLUTE
    ../clib/microlib/init/entry.s            0x00000000   Number         0  entry9b.o ABSOLUTE
    ../clib/microlib/init/entry.s            0x00000000   Number         0  entry8a.o ABSOLUTE
    ../clib/microlib/init/entry.s            0x00000000   Number         0  entry10b.o ABSOLUTE
    ../clib/microlib/init/entry.s            0x00000000   Number         0  entry2.o ABSOLUTE
    ../clib/microlib/init/entry.s            0x00000000   Number         0  entry.o ABSOLUTE
    ../clib/microlib/init/entry.s            0x00000000   Number         0  entry11b.o ABSOLUTE
    ../clib/microlib/init/entry.s            0x00000000   Number         0  entry9a.o ABSOLUTE
    ../clib/microlib/init/entry.s            0x00000000   Number         0  entry7b.o ABSOLUTE
    ../clib/microlib/init/entry.s            0x00000000   Number         0  entry7a.o ABSOLUTE
    ../clib/microlib/init/entry.s            0x00000000   Number         0  entry5.o ABSOLUTE
    ../clib/microlib/longlong.c              0x00000000   Number         0  llsshr.o ABSOLUTE
    ../clib/microlib/longlong.c              0x00000000   Number         0  llushr.o ABSOLUTE
    ../clib/microlib/longlong.c              0x00000000   Number         0  llshl.o ABSOLUTE
    ../clib/microlib/printf/printf.c         0x00000000   Number         0  printfa.o ABSOLUTE
    ../clib/microlib/printf/printf.c         0x00000000   Number         0  printf8.o ABSOLUTE
    ../clib/microlib/printf/printf.c         0x00000000   Number         0  printf6.o ABSOLUTE
    ../clib/microlib/printf/printf.c         0x00000000   Number         0  printf5.o ABSOLUTE
    ../clib/microlib/printf/printf.c         0x00000000   Number         0  printf4.o ABSOLUTE
    ../clib/microlib/printf/printf.c         0x00000000   Number         0  printf2.o ABSOLUTE
    ../clib/microlib/printf/printf.c         0x00000000   Number         0  printf1.o ABSOLUTE
    ../clib/microlib/printf/printf.c         0x00000000   Number         0  printf0.o ABSOLUTE
    ../clib/microlib/printf/printf.c         0x00000000   Number         0  printf7.o ABSOLUTE
    ../clib/microlib/printf/printf.c         0x00000000   Number         0  printf3.o ABSOLUTE
    ../clib/microlib/printf/printf.c         0x00000000   Number         0  printfb.o ABSOLUTE
    ../clib/microlib/string/memcpy.c         0x00000000   Number         0  memcpya.o ABSOLUTE
    ../clib/microlib/string/memcpy.c         0x00000000   Number         0  memcpyb.o ABSOLUTE
    ../clib/microlib/string/memset.c         0x00000000   Number         0  memseta.o ABSOLUTE
    ../clib/microlib/string/strcpy.c         0x00000000   Number         0  strcpy.o ABSOLUTE
    ../clib/microlib/string/strlen.c         0x00000000   Number         0  strlen.o ABSOLUTE
    ../clib/microlib/stubs.s                 0x00000000   Number         0  iusefp.o ABSOLUTE
    ../fplib/microlib/fpadd.c                0x00000000   Number         0  dadd.o ABSOLUTE
    ../fplib/microlib/fpdiv.c                0x00000000   Number         0  ddiv.o ABSOLUTE
    ../fplib/microlib/fpepilogue.c           0x00000000   Number         0  depilogue.o ABSOLUTE
    ../fplib/microlib/fpfix.c                0x00000000   Number         0  dfixul.o ABSOLUTE
    ../fplib/microlib/fpmul.c                0x00000000   Number         0  dmul.o ABSOLUTE
    ..\..\..\..\..\..\components\ble\ble_db_discovery\ble_db_discovery.c 0x00000000   Number         0  ble_db_discovery.o ABSOLUTE
    ..\..\..\..\..\..\components\ble\ble_services\ble_nus_c\ble_nus_c.c 0x00000000   Number         0  ble_nus_c.o ABSOLUTE
    ..\..\..\..\..\..\components\ble\common\ble_advdata.c 0x00000000   Number         0  ble_advdata.o ABSOLUTE
    ..\..\..\..\..\..\components\ble\common\ble_conn_params.c 0x00000000   Number         0  ble_conn_params.o ABSOLUTE
    ..\..\..\..\..\..\components\ble\common\ble_srv_common.c 0x00000000   Number         0  ble_srv_common.o ABSOLUTE
    ..\..\..\..\..\..\components\drivers_nrf\common\nrf_drv_common.c 0x00000000   Number         0  nrf_drv_common.o ABSOLUTE
    ..\..\..\..\..\..\components\drivers_nrf\delay\nrf_delay.c 0x00000000   Number         0  nrf_delay.o ABSOLUTE
    ..\..\..\..\..\..\components\drivers_nrf\gpiote\nrf_drv_gpiote.c 0x00000000   Number         0  nrf_drv_gpiote.o ABSOLUTE
    ..\..\..\..\..\..\components\drivers_nrf\uart\nrf_drv_uart.c 0x00000000   Number         0  nrf_drv_uart.o ABSOLUTE
    ..\..\..\..\..\..\components\libraries\button\app_button.c 0x00000000   Number         0  app_button.o ABSOLUTE
    ..\..\..\..\..\..\components\libraries\fifo\app_fifo.c 0x00000000   Number         0  app_fifo.o ABSOLUTE
    ..\..\..\..\..\..\components\libraries\timer\app_timer.c 0x00000000   Number         0  app_timer.o ABSOLUTE
    ..\..\..\..\..\..\components\libraries\trace\app_trace.c 0x00000000   Number         0  app_trace.o ABSOLUTE
    ..\..\..\..\..\..\components\libraries\uart\app_uart_fifo.c 0x00000000   Number         0  app_uart_fifo.o ABSOLUTE
    ..\..\..\..\..\..\components\libraries\uart\retarget.c 0x00000000   Number         0  retarget.o ABSOLUTE
    ..\..\..\..\..\..\components\libraries\util\app_error.c 0x00000000   Number         0  app_error.o ABSOLUTE
    ..\..\..\..\..\..\components\libraries\util\app_error_weak.c 0x00000000   Number         0  app_error_weak.o ABSOLUTE
    ..\..\..\..\..\..\components\libraries\util\app_util_platform.c 0x00000000   Number         0  app_util_platform.o ABSOLUTE
    ..\..\..\..\..\..\components\libraries\util\nrf_assert.c 0x00000000   Number         0  nrf_assert.o ABSOLUTE
    ..\..\..\..\..\..\components\libraries\util\nrf_log.c 0x00000000   Number         0  nrf_log.o ABSOLUTE
    ..\..\..\..\..\..\components\softdevice\common\softdevice_handler\softdevice_handler.c 0x00000000   Number         0  softdevice_handler.o ABSOLUTE
    ..\..\..\..\..\..\external\segger_rtt\RTT_Syscalls_KEIL.c 0x00000000   Number         0  rtt_syscalls_keil.o ABSOLUTE
    ..\..\..\..\..\..\external\segger_rtt\SEGGER_RTT.c 0x00000000   Number         0  segger_rtt.o ABSOLUTE
    ..\..\..\..\..\..\external\segger_rtt\SEGGER_RTT_printf.c 0x00000000   Number         0  segger_rtt_printf.o ABSOLUTE
    ..\..\..\..\..\bsp\bsp.c                 0x00000000   Number         0  bsp.o ABSOLUTE
    ..\..\..\..\..\bsp\bsp_btn_ble.c         0x00000000   Number         0  bsp_btn_ble.o ABSOLUTE
    ..\..\..\main.c                          0x00000000   Number         0  main.o ABSOLUTE
    ..\\..\\..\\..\\..\\..\\components\\ble\\ble_db_discovery\\ble_db_discovery.c 0x00000000   Number         0  ble_db_discovery.o ABSOLUTE
    ..\\..\\..\\..\\..\\..\\components\\ble\\ble_services\\ble_nus_c\\ble_nus_c.c 0x00000000   Number         0  ble_nus_c.o ABSOLUTE
    ..\\..\\..\\..\\..\\..\\components\\ble\\common\\ble_advdata.c 0x00000000   Number         0  ble_advdata.o ABSOLUTE
    ..\\..\\..\\..\\..\\..\\components\\ble\\common\\ble_conn_params.c 0x00000000   Number         0  ble_conn_params.o ABSOLUTE
    ..\\..\\..\\..\\..\\..\\components\\ble\\common\\ble_srv_common.c 0x00000000   Number         0  ble_srv_common.o ABSOLUTE
    ..\\..\\..\\..\\..\\..\\components\\drivers_nrf\\common\\nrf_drv_common.c 0x00000000   Number         0  nrf_drv_common.o ABSOLUTE
    ..\\..\\..\\..\\..\\..\\components\\drivers_nrf\\delay\\nrf_delay.c 0x00000000   Number         0  nrf_delay.o ABSOLUTE
    ..\\..\\..\\..\\..\\..\\components\\drivers_nrf\\gpiote\\nrf_drv_gpiote.c 0x00000000   Number         0  nrf_drv_gpiote.o ABSOLUTE
    ..\\..\\..\\..\\..\\..\\components\\drivers_nrf\\uart\\nrf_drv_uart.c 0x00000000   Number         0  nrf_drv_uart.o ABSOLUTE
    ..\\..\\..\\..\\..\\..\\components\\libraries\\button\\app_button.c 0x00000000   Number         0  app_button.o ABSOLUTE
    ..\\..\\..\\..\\..\\..\\components\\libraries\\fifo\\app_fifo.c 0x00000000   Number         0  app_fifo.o ABSOLUTE
    ..\\..\\..\\..\\..\\..\\components\\libraries\\timer\\app_timer.c 0x00000000   Number         0  app_timer.o ABSOLUTE
    ..\\..\\..\\..\\..\\..\\components\\libraries\\uart\\app_uart_fifo.c 0x00000000   Number         0  app_uart_fifo.o ABSOLUTE
    ..\\..\\..\\..\\..\\..\\components\\libraries\\uart\\retarget.c 0x00000000   Number         0  retarget.o ABSOLUTE
    ..\\..\\..\\..\\..\\..\\components\\libraries\\util\\app_error.c 0x00000000   Number         0  app_error.o ABSOLUTE
    ..\\..\\..\\..\\..\\..\\components\\libraries\\util\\app_error_weak.c 0x00000000   Number         0  app_error_weak.o ABSOLUTE
    ..\\..\\..\\..\\..\\..\\components\\libraries\\util\\app_util_platform.c 0x00000000   Number         0  app_util_platform.o ABSOLUTE
    ..\\..\\..\\..\\..\\..\\components\\libraries\\util\\nrf_assert.c 0x00000000   Number         0  nrf_assert.o ABSOLUTE
    ..\\..\\..\\..\\..\\..\\components\\libraries\\util\\nrf_log.c 0x00000000   Number         0  nrf_log.o ABSOLUTE
    ..\\..\\..\\..\\..\\..\\components\\softdevice\\common\\softdevice_handler\\softdevice_handler.c 0x00000000   Number         0  softdevice_handler.o ABSOLUTE
    ..\\..\\..\\..\\..\\bsp\\bsp.c           0x00000000   Number         0  bsp.o ABSOLUTE
    ..\\..\\..\\..\\..\\bsp\\bsp_btn_ble.c   0x00000000   Number         0  bsp_btn_ble.o ABSOLUTE
    ..\\..\\..\\main.c                       0x00000000   Number         0  main.o ABSOLUTE
    RTE\Device\nRF51422_xxAC\arm_startup_nrf51.s 0x00000000   Number         0  arm_startup_nrf51.o ABSOLUTE
    RTE\Device\nRF51422_xxAC\system_nrf51.c  0x00000000   Number         0  system_nrf51.o ABSOLUTE
    RTE\\Device\\nRF51422_xxAC\\system_nrf51.c 0x00000000   Number         0  system_nrf51.o ABSOLUTE
    cdrcmple.s                               0x00000000   Number         0  cdrcmple.o ABSOLUTE
    dc.s                                     0x00000000   Number         0  dc.o ABSOLUTE
    handlers.s                               0x00000000   Number         0  handlers.o ABSOLUTE
    init.s                                   0x00000000   Number         0  init.o ABSOLUTE
    RESET                                    0x0001b000   Section      192  arm_startup_nrf51.o(RESET)
    .ARM.Collect$$$$00000000                 0x0001b0c0   Section        0  entry.o(.ARM.Collect$$$$00000000)
    .ARM.Collect$$$$00000001                 0x0001b0c0   Section        4  entry2.o(.ARM.Collect$$$$00000001)
    .ARM.Collect$$$$00000004                 0x0001b0c4   Section        4  entry5.o(.ARM.Collect$$$$00000004)
    .ARM.Collect$$$$00000008                 0x0001b0c8   Section        0  entry7b.o(.ARM.Collect$$$$00000008)
    .ARM.Collect$$$$0000000A                 0x0001b0c8   Section        0  entry8b.o(.ARM.Collect$$$$0000000A)
    .ARM.Collect$$$$0000000B                 0x0001b0c8   Section        8  entry9a.o(.ARM.Collect$$$$0000000B)
    .ARM.Collect$$$$0000000D                 0x0001b0d0   Section        0  entry10a.o(.ARM.Collect$$$$0000000D)
    .ARM.Collect$$$$0000000F                 0x0001b0d0   Section        0  entry11a.o(.ARM.Collect$$$$0000000F)
    .ARM.Collect$$$$00002712                 0x0001b0d0   Section        4  entry2.o(.ARM.Collect$$$$00002712)
    __lit__00000000                          0x0001b0d0   Data           4  entry2.o(.ARM.Collect$$$$00002712)
    .emb_text                                0x0001b0d4   Section       30  app_timer.o(.emb_text)
    .text                                    0x0001b0f4   Section       56  arm_startup_nrf51.o(.text)
    .text                                    0x0001b12c   Section        0  uidiv.o(.text)
    .text                                    0x0001b158   Section        0  memcpya.o(.text)
    .text                                    0x0001b17c   Section        0  memseta.o(.text)
    .text                                    0x0001b1a0   Section        0  uldiv.o(.text)
    .text                                    0x0001b200   Section        0  dadd.o(.text)
    .text                                    0x0001b200   Section        0  iusefp.o(.text)
    .text                                    0x0001b364   Section        0  dmul.o(.text)
    .text                                    0x0001b434   Section        0  ddiv.o(.text)
    .text                                    0x0001b524   Section        0  dfixul.o(.text)
    .text                                    0x0001b564   Section       40  cdrcmple.o(.text)
    .text                                    0x0001b58c   Section       36  init.o(.text)
    .text                                    0x0001b5b0   Section        0  llshl.o(.text)
    .text                                    0x0001b5d0   Section        0  llushr.o(.text)
    .text                                    0x0001b5f2   Section        0  llsshr.o(.text)
    .text                                    0x0001b618   Section        0  depilogue.o(.text)
    i.GPIOTE_IRQHandler                      0x0001b6d8   Section        0  nrf_drv_gpiote.o(i.GPIOTE_IRQHandler)
    i.NVIC_SetPriority                       0x0001b82c   Section        0  app_timer.o(i.NVIC_SetPriority)
    NVIC_SetPriority                         0x0001b82d   Thumb Code    60  app_timer.o(i.NVIC_SetPriority)
    i.RTC1_IRQHandler                        0x0001b870   Section        0  app_timer.o(i.RTC1_IRQHandler)
    i.SWI0_IRQHandler                        0x0001b890   Section        0  app_timer.o(i.SWI0_IRQHandler)
    i.SWI2_IRQHandler                        0x0001b898   Section        0  softdevice_handler.o(i.SWI2_IRQHandler)
    i.SystemInit                             0x0001b8b8   Section        0  system_nrf51.o(i.SystemInit)
    i.UART0_IRQHandler                       0x0001b958   Section        0  nrf_drv_uart.o(i.UART0_IRQHandler)
    i.__0printf                              0x0001b960   Section        0  printfa.o(i.__0printf)
    i.__ARM_clz                              0x0001b980   Section        0  depilogue.o(i.__ARM_clz)
    i.__ARM_common_switch8                   0x0001b9ae   Section        0  bsp.o(i.__ARM_common_switch8)
    i.__scatterload_copy                     0x0001b9c8   Section       14  handlers.o(i.__scatterload_copy)
    i.__scatterload_null                     0x0001b9d6   Section        2  handlers.o(i.__scatterload_null)
    i.__scatterload_zeroinit                 0x0001b9d8   Section       14  handlers.o(i.__scatterload_zeroinit)
    i._fp_digits                             0x0001b9e8   Section        0  printfa.o(i._fp_digits)
    _fp_digits                               0x0001b9e9   Thumb Code   316  printfa.o(i._fp_digits)
    i._printf_core                           0x0001bb40   Section        0  printfa.o(i._printf_core)
    _printf_core                             0x0001bb41   Thumb Code  1754  printfa.o(i._printf_core)
    i._printf_post_padding                   0x0001c22c   Section        0  printfa.o(i._printf_post_padding)
    _printf_post_padding                     0x0001c22d   Thumb Code    32  printfa.o(i._printf_post_padding)
    i._printf_pre_padding                    0x0001c24c   Section        0  printfa.o(i._printf_pre_padding)
    _printf_pre_padding                      0x0001c24d   Thumb Code    44  printfa.o(i._printf_pre_padding)
    i.advertising_buttons_configure          0x0001c278   Section        0  bsp_btn_ble.o(i.advertising_buttons_configure)
    advertising_buttons_configure            0x0001c279   Thumb Code    60  bsp_btn_ble.o(i.advertising_buttons_configure)
    i.alert_timer_handler                    0x0001c2b4   Section        0  bsp.o(i.alert_timer_handler)
    alert_timer_handler                      0x0001c2b5   Thumb Code    20  bsp.o(i.alert_timer_handler)
    i.app_button_enable                      0x0001c2cc   Section        0  app_button.o(i.app_button_enable)
    i.app_button_init                        0x0001c2f0   Section        0  app_button.o(i.app_button_init)
    i.app_error_fault_handler                0x0001c364   Section        0  app_error_weak.o(i.app_error_fault_handler)
    i.app_error_handler_bare                 0x0001c380   Section        0  app_error.o(i.app_error_handler_bare)
    i.app_fifo_get                           0x0001c398   Section        0  app_fifo.o(i.app_fifo_get)
    i.app_fifo_init                          0x0001c3ae   Section        0  app_fifo.o(i.app_fifo_init)
    i.app_fifo_put                           0x0001c3d2   Section        0  app_fifo.o(i.app_fifo_put)
    i.app_timer_create                       0x0001c3ec   Section        0  app_timer.o(i.app_timer_create)
    i.app_timer_init                         0x0001c418   Section        0  app_timer.o(i.app_timer_init)
    i.app_timer_start                        0x0001c4a8   Section        0  app_timer.o(i.app_timer_start)
    i.app_timer_stop                         0x0001c524   Section        0  app_timer.o(i.app_timer_stop)
    i.app_uart_get                           0x0001c578   Section        0  app_uart_fifo.o(i.app_uart_get)
    i.app_uart_init                          0x0001c5ac   Section        0  app_uart_fifo.o(i.app_uart_init)
    i.app_uart_put                           0x0001c64c   Section        0  app_uart_fifo.o(i.app_uart_put)
    i.ble_db_discovery_evt_register          0x0001c684   Section        0  ble_db_discovery.o(i.ble_db_discovery_evt_register)
    i.ble_db_discovery_init                  0x0001c6d0   Section        0  ble_db_discovery.o(i.ble_db_discovery_init)
    i.ble_db_discovery_on_ble_evt            0x0001c6f0   Section        0  ble_db_discovery.o(i.ble_db_discovery_on_ble_evt)
    i.ble_db_discovery_start                 0x0001c748   Section        0  ble_db_discovery.o(i.ble_db_discovery_start)
    i.ble_evt_dispatch                       0x0001c7ac   Section        0  main.o(i.ble_evt_dispatch)
    ble_evt_dispatch                         0x0001c7ad   Thumb Code    34  main.o(i.ble_evt_dispatch)
    i.ble_nus_c_evt_handler                  0x0001c7d4   Section        0  main.o(i.ble_nus_c_evt_handler)
    ble_nus_c_evt_handler                    0x0001c7d5   Thumb Code    88  main.o(i.ble_nus_c_evt_handler)
    i.ble_nus_c_handles_assign               0x0001c82c   Section        0  ble_nus_c.o(i.ble_nus_c_handles_assign)
    i.ble_nus_c_init                         0x0001c84c   Section        0  ble_nus_c.o(i.ble_nus_c_init)
    i.ble_nus_c_on_ble_evt                   0x0001c898   Section        0  ble_nus_c.o(i.ble_nus_c_on_ble_evt)
    i.ble_nus_c_on_db_disc_evt               0x0001c900   Section        0  ble_nus_c.o(i.ble_nus_c_on_db_disc_evt)
    i.ble_nus_c_rx_notif_enable              0x0001c96c   Section        0  ble_nus_c.o(i.ble_nus_c_rx_notif_enable)
    i.ble_nus_c_string_send                  0x0001c9b4   Section        0  ble_nus_c.o(i.ble_nus_c_string_send)
    i.ble_stack_init                         0x0001c9f8   Section        0  main.o(i.ble_stack_init)
    ble_stack_init                           0x0001c9f9   Thumb Code    94  main.o(i.ble_stack_init)
    i.bsp_btn_ble_init                       0x0001ca68   Section        0  bsp_btn_ble.o(i.bsp_btn_ble_init)
    i.bsp_btn_ble_on_ble_evt                 0x0001cabc   Section        0  bsp_btn_ble.o(i.bsp_btn_ble_on_ble_evt)
    i.bsp_btn_ble_sleep_mode_prepare         0x0001cb34   Section        0  bsp_btn_ble.o(i.bsp_btn_ble_sleep_mode_prepare)
    i.bsp_button_event_handler               0x0001cb48   Section        0  bsp.o(i.bsp_button_event_handler)
    bsp_button_event_handler                 0x0001cb49   Thumb Code   148  bsp.o(i.bsp_button_event_handler)
    i.bsp_button_is_pressed                  0x0001cbe8   Section        0  bsp.o(i.bsp_button_is_pressed)
    i.bsp_event_handler                      0x0001cc14   Section        0  main.o(i.bsp_event_handler)
    i.bsp_event_to_button_action_assign      0x0001cc58   Section        0  bsp.o(i.bsp_event_to_button_action_assign)
    i.bsp_indication_set                     0x0001cca0   Section        0  bsp.o(i.bsp_indication_set)
    i.bsp_init                               0x0001ccbc   Section        0  bsp.o(i.bsp_init)
    i.bsp_led_indication                     0x0001cd5c   Section        0  bsp.o(i.bsp_led_indication)
    bsp_led_indication                       0x0001cd5d   Thumb Code   492  bsp.o(i.bsp_led_indication)
    i.bsp_wakeup_buttons_set                 0x0001cf54   Section        0  bsp.o(i.bsp_wakeup_buttons_set)
    i.button_timer_handler                   0x0001cf90   Section        0  bsp.o(i.button_timer_handler)
    button_timer_handler                     0x0001cf91   Thumb Code    12  bsp.o(i.button_timer_handler)
    i.channel_free                           0x0001cf9c   Section        0  nrf_drv_gpiote.o(i.channel_free)
    channel_free                             0x0001cf9d   Thumb Code    22  nrf_drv_gpiote.o(i.channel_free)
    i.channel_port_alloc                     0x0001cfb8   Section        0  nrf_drv_gpiote.o(i.channel_port_alloc)
    channel_port_alloc                       0x0001cfb9   Thumb Code    66  nrf_drv_gpiote.o(i.channel_port_alloc)
    i.channel_port_get                       0x0001d000   Section        0  nrf_drv_gpiote.o(i.channel_port_get)
    channel_port_get                         0x0001d001   Thumb Code    10  nrf_drv_gpiote.o(i.channel_port_get)
    i.characteristics_discover               0x0001d010   Section        0  ble_db_discovery.o(i.characteristics_discover)
    characteristics_discover                 0x0001d011   Thumb Code    62  ble_db_discovery.o(i.characteristics_discover)
    i.compare_reg_update                     0x0001d050   Section        0  app_timer.o(i.compare_reg_update)
    compare_reg_update                       0x0001d051   Thumb Code   142  app_timer.o(i.compare_reg_update)
    i.db_disc_handler                        0x0001d0f8   Section        0  main.o(i.db_disc_handler)
    db_disc_handler                          0x0001d0f9   Thumb Code    12  main.o(i.db_disc_handler)
    i.descriptors_discover                   0x0001d108   Section        0  ble_db_discovery.o(i.descriptors_discover)
    descriptors_discover                     0x0001d109   Thumb Code   132  ble_db_discovery.o(i.descriptors_discover)
    i.detection_delay_timeout_handler        0x0001d18c   Section        0  app_button.o(i.detection_delay_timeout_handler)
    detection_delay_timeout_handler          0x0001d18d   Thumb Code    90  app_button.o(i.detection_delay_timeout_handler)
    i.discovery_complete_evt_trigger         0x0001d1ec   Section        0  ble_db_discovery.o(i.discovery_complete_evt_trigger)
    discovery_complete_evt_trigger           0x0001d1ed   Thumb Code   132  ble_db_discovery.o(i.discovery_complete_evt_trigger)
    i.discovery_error_evt_trigger            0x0001d278   Section        0  ble_db_discovery.o(i.discovery_error_evt_trigger)
    discovery_error_evt_trigger              0x0001d279   Thumb Code    44  ble_db_discovery.o(i.discovery_error_evt_trigger)
    i.elapsed_ticks_acquire                  0x0001d2a4   Section        0  app_timer.o(i.elapsed_ticks_acquire)
    elapsed_ticks_acquire                    0x0001d2a5   Thumb Code    58  app_timer.o(i.elapsed_ticks_acquire)
    i.fifo_get                               0x0001d2e4   Section        0  app_fifo.o(i.fifo_get)
    fifo_get                                 0x0001d2e5   Thumb Code    20  app_fifo.o(i.fifo_get)
    i.fifo_put                               0x0001d2f8   Section        0  app_fifo.o(i.fifo_put)
    fifo_put                                 0x0001d2f9   Thumb Code    18  app_fifo.o(i.fifo_put)
    i.fputc                                  0x0001d30a   Section        0  retarget.o(i.fputc)
    i.gpiote_event_handler                   0x0001d318   Section        0  app_button.o(i.gpiote_event_handler)
    gpiote_event_handler                     0x0001d319   Thumb Code    72  app_button.o(i.gpiote_event_handler)
    i.intern_softdevice_events_execute       0x0001d368   Section        0  softdevice_handler.o(i.intern_softdevice_events_execute)
    i.is_desc_discovery_reqd                 0x0001d3e0   Section        0  ble_db_discovery.o(i.is_desc_discovery_reqd)
    is_desc_discovery_reqd                   0x0001d3e1   Thumb Code    68  ble_db_discovery.o(i.is_desc_discovery_reqd)
    i.is_manual_peripheral_setup_needed      0x0001d424   Section        0  system_nrf51.o(i.is_manual_peripheral_setup_needed)
    is_manual_peripheral_setup_needed        0x0001d425   Thumb Code    66  system_nrf51.o(i.is_manual_peripheral_setup_needed)
    i.is_uuid_present                        0x0001d46c   Section        0  main.o(i.is_uuid_present)
    is_uuid_present                          0x0001d46d   Thumb Code   226  main.o(i.is_uuid_present)
    i.leds_timer_handler                     0x0001d550   Section        0  bsp.o(i.leds_timer_handler)
    leds_timer_handler                       0x0001d551   Thumb Code    18  bsp.o(i.leds_timer_handler)
    i.list_deletions_handler                 0x0001d568   Section        0  app_timer.o(i.list_deletions_handler)
    list_deletions_handler                   0x0001d569   Thumb Code   180  app_timer.o(i.list_deletions_handler)
    i.list_insertions_handler                0x0001d624   Section        0  app_timer.o(i.list_insertions_handler)
    list_insertions_handler                  0x0001d625   Thumb Code   202  app_timer.o(i.list_insertions_handler)
    i.main                                   0x0001d6f8   Section        0  main.o(i.main)
    i.nrf_drv_common_irq_enable              0x0001d7cc   Section        0  nrf_drv_common.o(i.nrf_drv_common_irq_enable)
    i.nrf_drv_gpiote_in_event_enable         0x0001d82c   Section        0  nrf_drv_gpiote.o(i.nrf_drv_gpiote_in_event_enable)
    i.nrf_drv_gpiote_in_init                 0x0001d8cc   Section        0  nrf_drv_gpiote.o(i.nrf_drv_gpiote_in_init)
    i.nrf_drv_gpiote_in_is_set               0x0001d970   Section        0  nrf_drv_gpiote.o(i.nrf_drv_gpiote_in_is_set)
    i.nrf_drv_gpiote_init                    0x0001d984   Section        0  nrf_drv_gpiote.o(i.nrf_drv_gpiote_init)
    i.nrf_drv_gpiote_is_init                 0x0001d9d8   Section        0  nrf_drv_gpiote.o(i.nrf_drv_gpiote_is_init)
    i.nrf_drv_uart_init                      0x0001d9e8   Section        0  nrf_drv_uart.o(i.nrf_drv_uart_init)
    i.nrf_drv_uart_rx                        0x0001dab0   Section        0  nrf_drv_uart.o(i.nrf_drv_uart_rx)
    i.nrf_drv_uart_rx_enable                 0x0001dafc   Section        0  nrf_drv_uart.o(i.nrf_drv_uart_rx_enable)
    i.nrf_drv_uart_rx_for_uart               0x0001db14   Section        0  nrf_drv_uart.o(i.nrf_drv_uart_rx_for_uart)
    nrf_drv_uart_rx_for_uart                 0x0001db15   Thumb Code   144  nrf_drv_uart.o(i.nrf_drv_uart_rx_for_uart)
    i.nrf_drv_uart_tx                        0x0001dbb0   Section        0  nrf_drv_uart.o(i.nrf_drv_uart_tx)
    i.nrf_drv_uart_tx_for_uart               0x0001dbd4   Section        0  nrf_drv_uart.o(i.nrf_drv_uart_tx_for_uart)
    nrf_drv_uart_tx_for_uart                 0x0001dbd5   Thumb Code   108  nrf_drv_uart.o(i.nrf_drv_uart_tx_for_uart)
    i.nrf_drv_uart_tx_in_progress            0x0001dc48   Section        0  nrf_drv_uart.o(i.nrf_drv_uart_tx_in_progress)
    i.nrf_gpio_cfg                           0x0001dc58   Section        0  nrf_drv_gpiote.o(i.nrf_gpio_cfg)
    nrf_gpio_cfg                             0x0001dc59   Thumb Code    32  nrf_drv_gpiote.o(i.nrf_gpio_cfg)
    i.nrf_gpio_cfg                           0x0001dc7c   Section        0  nrf_drv_uart.o(i.nrf_gpio_cfg)
    nrf_gpio_cfg                             0x0001dc7d   Thumb Code    32  nrf_drv_uart.o(i.nrf_gpio_cfg)
    i.nrf_gpio_cfg_input                     0x0001dca0   Section        0  nrf_drv_uart.o(i.nrf_gpio_cfg_input)
    nrf_gpio_cfg_input                       0x0001dca1   Thumb Code    18  nrf_drv_uart.o(i.nrf_gpio_cfg_input)
    i.nrf_gpio_cfg_output                    0x0001dcb2   Section        0  nrf_drv_uart.o(i.nrf_gpio_cfg_output)
    nrf_gpio_cfg_output                      0x0001dcb3   Thumb Code    20  nrf_drv_uart.o(i.nrf_gpio_cfg_output)
    i.nrf_gpio_cfg_sense_set                 0x0001dcc8   Section        0  nrf_drv_gpiote.o(i.nrf_gpio_cfg_sense_set)
    nrf_gpio_cfg_sense_set                   0x0001dcc9   Thumb Code    26  nrf_drv_gpiote.o(i.nrf_gpio_cfg_sense_set)
    i.nrf_gpiote_event_is_set                0x0001dce8   Section        0  nrf_drv_gpiote.o(i.nrf_gpiote_event_is_set)
    nrf_gpiote_event_is_set                  0x0001dce9   Thumb Code    14  nrf_drv_gpiote.o(i.nrf_gpiote_event_is_set)
    i.nrf_uart_event_check                   0x0001dcfc   Section        0  nrf_drv_uart.o(i.nrf_uart_event_check)
    nrf_uart_event_check                     0x0001dcfd   Thumb Code    10  nrf_drv_uart.o(i.nrf_uart_event_check)
    i.nrf_uart_int_enable_check              0x0001dd06   Section        0  nrf_drv_uart.o(i.nrf_uart_int_enable_check)
    nrf_uart_int_enable_check                0x0001dd07   Thumb Code    16  nrf_drv_uart.o(i.nrf_uart_int_enable_check)
    i.on_ble_evt                             0x0001dd18   Section        0  main.o(i.on_ble_evt)
    on_ble_evt                               0x0001dd19   Thumb Code   132  main.o(i.on_ble_evt)
    i.on_characteristic_discovery_rsp        0x0001dda4   Section        0  ble_db_discovery.o(i.on_characteristic_discovery_rsp)
    on_characteristic_discovery_rsp          0x0001dda5   Thumb Code   236  ble_db_discovery.o(i.on_characteristic_discovery_rsp)
    i.on_descriptor_discovery_rsp            0x0001de94   Section        0  ble_db_discovery.o(i.on_descriptor_discovery_rsp)
    on_descriptor_discovery_rsp              0x0001de95   Thumb Code   184  ble_db_discovery.o(i.on_descriptor_discovery_rsp)
    i.on_primary_srv_discovery_rsp           0x0001df54   Section        0  ble_db_discovery.o(i.on_primary_srv_discovery_rsp)
    on_primary_srv_discovery_rsp             0x0001df55   Thumb Code   108  ble_db_discovery.o(i.on_primary_srv_discovery_rsp)
    i.on_srv_disc_completion                 0x0001dfc4   Section        0  ble_db_discovery.o(i.on_srv_disc_completion)
    on_srv_disc_completion                   0x0001dfc5   Thumb Code    98  ble_db_discovery.o(i.on_srv_disc_completion)
    i.pin_in_use_by_port                     0x0001e030   Section        0  nrf_drv_gpiote.o(i.pin_in_use_by_port)
    pin_in_use_by_port                       0x0001e031   Thumb Code    20  nrf_drv_gpiote.o(i.pin_in_use_by_port)
    i.pin_in_use_by_te                       0x0001e048   Section        0  nrf_drv_gpiote.o(i.pin_in_use_by_te)
    pin_in_use_by_te                         0x0001e049   Thumb Code    20  nrf_drv_gpiote.o(i.pin_in_use_by_te)
    i.registered_handler_get                 0x0001e060   Section        0  ble_db_discovery.o(i.registered_handler_get)
    registered_handler_get                   0x0001e061   Thumb Code    46  ble_db_discovery.o(i.registered_handler_get)
    i.rtc1_stop                              0x0001e098   Section        0  app_timer.o(i.rtc1_stop)
    rtc1_stop                                0x0001e099   Thumb Code    50  app_timer.o(i.rtc1_stop)
    i.rx_byte                                0x0001e0dc   Section        0  nrf_drv_uart.o(i.rx_byte)
    rx_byte                                  0x0001e0dd   Thumb Code    42  nrf_drv_uart.o(i.rx_byte)
    i.rx_done_event                          0x0001e114   Section        0  nrf_drv_uart.o(i.rx_done_event)
    rx_done_event                            0x0001e115   Thumb Code    22  nrf_drv_uart.o(i.rx_done_event)
    i.rx_enable                              0x0001e130   Section        0  nrf_drv_uart.o(i.rx_enable)
    rx_enable                                0x0001e131   Thumb Code    22  nrf_drv_uart.o(i.rx_enable)
    i.scan_start                             0x0001e14c   Section        0  main.o(i.scan_start)
    scan_start                               0x0001e14d   Thumb Code    30  main.o(i.scan_start)
    i.sd_check_ram_start                     0x0001e170   Section        0  softdevice_handler.o(i.sd_check_ram_start)
    i.sd_nvic_EnableIRQ                      0x0001e180   Section        0  softdevice_handler.o(i.sd_nvic_EnableIRQ)
    sd_nvic_EnableIRQ                        0x0001e181   Thumb Code   116  softdevice_handler.o(i.sd_nvic_EnableIRQ)
    i.softdevice_ble_evt_handler_set         0x0001e20c   Section        0  softdevice_handler.o(i.softdevice_ble_evt_handler_set)
    i.softdevice_enable                      0x0001e220   Section        0  softdevice_handler.o(i.softdevice_enable)
    i.softdevice_enable_get_default_config   0x0001e234   Section        0  softdevice_handler.o(i.softdevice_enable_get_default_config)
    i.softdevice_fault_handler               0x0001e25c   Section        0  softdevice_handler.o(i.softdevice_fault_handler)
    i.softdevice_handler_init                0x0001e264   Section        0  softdevice_handler.o(i.softdevice_handler_init)
    i.timer_list_handler                     0x0001e298   Section        0  app_timer.o(i.timer_list_handler)
    timer_list_handler                       0x0001e299   Thumb Code   128  app_timer.o(i.timer_list_handler)
    i.timer_list_handler_sched               0x0001e31c   Section        0  app_timer.o(i.timer_list_handler_sched)
    timer_list_handler_sched                 0x0001e31d   Thumb Code    10  app_timer.o(i.timer_list_handler_sched)
    i.timer_list_insert                      0x0001e32c   Section        0  app_timer.o(i.timer_list_insert)
    timer_list_insert                        0x0001e32d   Thumb Code    60  app_timer.o(i.timer_list_insert)
    i.timer_timeouts_check                   0x0001e36c   Section        0  app_timer.o(i.timer_timeouts_check)
    timer_timeouts_check                     0x0001e36d   Thumb Code   118  app_timer.o(i.timer_timeouts_check)
    i.tx_byte                                0x0001e3ec   Section        0  nrf_drv_uart.o(i.tx_byte)
    tx_byte                                  0x0001e3ed   Thumb Code    30  nrf_drv_uart.o(i.tx_byte)
    i.tx_done_event                          0x0001e418   Section        0  nrf_drv_uart.o(i.tx_done_event)
    tx_done_event                            0x0001e419   Thumb Code    26  nrf_drv_uart.o(i.tx_done_event)
    i.uart_event_handle                      0x0001e438   Section        0  main.o(i.uart_event_handle)
    i.uart_event_handler                     0x0001e490   Section        0  app_uart_fifo.o(i.uart_event_handler)
    uart_event_handler                       0x0001e491   Thumb Code   166  app_uart_fifo.o(i.uart_event_handler)
    i.uart_irq_handler                       0x0001e540   Section        0  nrf_drv_uart.o(i.uart_irq_handler)
    uart_irq_handler                         0x0001e541   Thumb Code   278  nrf_drv_uart.o(i.uart_irq_handler)
    i.user_id_get                            0x0001e668   Section        0  app_timer.o(i.user_id_get)
    user_id_get                              0x0001e669   Thumb Code    76  app_timer.o(i.user_id_get)
    i.user_op_alloc                          0x0001e6bc   Section        0  app_timer.o(i.user_op_alloc)
    user_op_alloc                            0x0001e6bd   Thumb Code    38  app_timer.o(i.user_op_alloc)
    .constdata                               0x0001e6e4   Section       44  main.o(.constdata)
    m_nus_uuid                               0x0001e6e4   Data           4  main.o(.constdata)
    m_connection_param                       0x0001e6ec   Data           8  main.o(.constdata)
    m_scan_params                            0x0001e6f4   Data          16  main.o(.constdata)
    .constdata                               0x0001e710   Section       60  bsp.o(.constdata)
    m_leds_timer_id                          0x0001e710   Data           4  bsp.o(.constdata)
    m_alert_timer_id                         0x0001e714   Data           4  bsp.o(.constdata)
    m_button_timer_id                        0x0001e718   Data           4  bsp.o(.constdata)
    m_buttons_list                           0x0001e71c   Data          16  bsp.o(.constdata)
    app_buttons                              0x0001e72c   Data          32  bsp.o(.constdata)
    .constdata                               0x0001e74c   Section       40  ble_nus_c.o(.constdata)
    .constdata                               0x0001e774   Section       32  app_uart_fifo.o(.constdata)
    .constdata                               0x0001e794   Section       32  nrf_drv_uart.o(.constdata)
    m_default_config                         0x0001e794   Data          32  nrf_drv_uart.o(.constdata)
    .constdata                               0x0001e7b4   Section        8  app_button.o(.constdata)
    m_detection_delay_timer_id               0x0001e7b4   Data           4  app_button.o(.constdata)
    .data                                    0x20001eb0   Section        1  main.o(.data)
    index                                    0x20001eb0   Data           1  main.o(.data)
    .data                                    0x20001eb4   Section       24  bsp.o(.data)
    m_stable_state                           0x20001eb4   Data           1  bsp.o(.data)
    current_long_push_pin_no                 0x20001eb5   Data           1  bsp.o(.data)
    m_app_ticks_per_100ms                    0x20001eb8   Data           4  bsp.o(.data)
    m_indication_type                        0x20001ebc   Data           4  bsp.o(.data)
    m_alert_mask                             0x20001ec0   Data           4  bsp.o(.data)
    m_registered_callback                    0x20001ec4   Data           4  bsp.o(.data)
    release_event_at_push                    0x20001ec8   Data           4  bsp.o(.data)
    .data                                    0x20001ecc   Section        8  bsp_btn_ble.o(.data)
    m_error_handler                          0x20001ecc   Data           4  bsp_btn_ble.o(.data)
    m_num_connections                        0x20001ed0   Data           4  bsp_btn_ble.o(.data)
    .data                                    0x20001ed4   Section       16  ble_db_discovery.o(.data)
    m_initialized                            0x20001ed4   Data           1  ble_db_discovery.o(.data)
    m_evt_handler                            0x20001ed8   Data           4  ble_db_discovery.o(.data)
    m_pending_usr_evt_index                  0x20001edc   Data           4  ble_db_discovery.o(.data)
    m_num_of_handlers_reg                    0x20001ee0   Data           4  ble_db_discovery.o(.data)
    .data                                    0x20001ee4   Section        8  app_uart_fifo.o(.data)
    tx_buffer                                0x20001ee4   Data           1  app_uart_fifo.o(.data)
    rx_buffer                                0x20001ee5   Data           1  app_uart_fifo.o(.data)
    m_event_handler                          0x20001ee8   Data           4  app_uart_fifo.o(.data)
    .data                                    0x20001eec   Section       20  app_button.o(.data)
    m_button_count                           0x20001eec   Data           1  app_button.o(.data)
    mp_buttons                               0x20001ef0   Data           4  app_button.o(.data)
    m_detection_delay                        0x20001ef4   Data           4  app_button.o(.data)
    m_pin_state                              0x20001ef8   Data           4  app_button.o(.data)
    m_pin_transition                         0x20001efc   Data           4  app_button.o(.data)
    .data                                    0x20001f00   Section       32  app_timer.o(.data)
    m_user_array_size                        0x20001f00   Data           1  app_timer.o(.data)
    m_ticks_elapsed_q_read_ind               0x20001f01   Data           1  app_timer.o(.data)
    m_ticks_elapsed_q_write_ind              0x20001f02   Data           1  app_timer.o(.data)
    m_rtc1_running                           0x20001f03   Data           1  app_timer.o(.data)
    m_rtc1_reset                             0x20001f04   Data           1  app_timer.o(.data)
    mp_users                                 0x20001f08   Data           4  app_timer.o(.data)
    mp_timer_id_head                         0x20001f0c   Data           4  app_timer.o(.data)
    m_ticks_latest                           0x20001f10   Data           4  app_timer.o(.data)
    m_evt_schedule_func                      0x20001f14   Data           4  app_timer.o(.data)
    m_ticks_elapsed                          0x20001f18   Data           8  app_timer.o(.data)
    .data                                    0x20001f20   Section        4  retarget.o(.data)
    .data                                    0x20001f24   Section       28  softdevice_handler.o(.data)
    m_softdevice_enabled                     0x20001f24   Data           1  softdevice_handler.o(.data)
    m_ble_evt_buffer_size                    0x20001f26   Data           2  softdevice_handler.o(.data)
    m_evt_schedule_func                      0x20001f28   Data           4  softdevice_handler.o(.data)
    mp_ble_evt_buffer                        0x20001f2c   Data           4  softdevice_handler.o(.data)
    m_ble_evt_handler                        0x20001f30   Data           4  softdevice_handler.o(.data)
    m_sys_evt_handler                        0x20001f34   Data           4  softdevice_handler.o(.data)
    .data                                    0x20001f40   Section        4  system_nrf51.o(.data)
    __tagsym$$used                           0x20001f40   Number         0  system_nrf51.o(.data)
    .bss                                     0x20001f44   Section     1360  main.o(.bss)
    data_array                               0x20001f44   Data          20  main.o(.bss)
    BLE_EVT_BUFFER                           0x20001f58   Data          72  main.o(.bss)
    rx_buf                                   0x20001fa0   Data         256  main.o(.bss)
    tx_buf                                   0x200020a0   Data         256  main.o(.bss)
    APP_TIMER_BUF                            0x200021a0   Data         312  main.o(.bss)
    m_ble_nus_c                              0x200022d8   Data          16  main.o(.bss)
    m_ble_db_discovery                       0x200022e8   Data         428  main.o(.bss)
    .bss                                     0x20002494   Section       32  bsp.o(.bss)
    m_leds_timer_id_data                     0x20002494   Data          32  bsp.o(.bss)
    .bss                                     0x200024b4   Section       32  bsp.o(.bss)
    m_alert_timer_id_data                    0x200024b4   Data          32  bsp.o(.bss)
    .bss                                     0x200024d4   Section       12  bsp.o(.bss)
    m_events_list                            0x200024d4   Data          12  bsp.o(.bss)
    .bss                                     0x200024e0   Section       32  bsp.o(.bss)
    m_button_timer_id_data                   0x200024e0   Data          32  bsp.o(.bss)
    .bss                                     0x20002500   Section      504  ble_db_discovery.o(.bss)
    m_registered_handlers                    0x20002500   Data          24  ble_db_discovery.o(.bss)
    m_pending_user_evts                      0x20002518   Data         480  ble_db_discovery.o(.bss)
    .bss                                     0x200026f8   Section       32  app_uart_fifo.o(.bss)
    m_rx_fifo                                0x200026f8   Data          16  app_uart_fifo.o(.bss)
    m_tx_fifo                                0x20002708   Data          16  app_uart_fifo.o(.bss)
    .bss                                     0x20002718   Section       72  nrf_drv_gpiote.o(.bss)
    m_cb                                     0x20002718   Data          72  nrf_drv_gpiote.o(.bss)
    .bss                                     0x20002760   Section       28  nrf_drv_uart.o(.bss)
    m_cb                                     0x20002760   Data          28  nrf_drv_uart.o(.bss)
    .bss                                     0x2000277c   Section       32  app_button.o(.bss)
    m_detection_delay_timer_id_data          0x2000277c   Data          32  app_button.o(.bss)
    STACK                                    0x200027a0   Section     2048  arm_startup_nrf51.o(STACK)

    Global Symbols

    Symbol Name                              Value     Ov Type        Size  Object(Section)

    BuildAttributes$$THM_ISAv3M$S$PE$A:L22$X:L11$S22$IEEE1$IW$USESV6$~STKCKD$USESV7$~SHL$OSPACE$ROPI$EBA8$MICROLIB$REQ8$PRES8$EABIv2 0x00000000   Number         0  anon$$obj.o ABSOLUTE
    __ARM_use_no_argv                        0x00000000   Number         0  main.o ABSOLUTE
    __cpp_initialize__aeabi_                  - Undefined Weak Reference
    __cxa_finalize                            - Undefined Weak Reference
    __decompress                              - Undefined Weak Reference
    _clock_init                               - Undefined Weak Reference
    _microlib_exit                            - Undefined Weak Reference
    __Vectors_Size                           0x000000c0   Number         0  arm_startup_nrf51.o ABSOLUTE
    __Vectors                                0x0001b000   Data           4  arm_startup_nrf51.o(RESET)
    __Vectors_End                            0x0001b0c0   Data           0  arm_startup_nrf51.o(RESET)
    __main                                   0x0001b0c1   Thumb Code     0  entry.o(.ARM.Collect$$$$00000000)
    _main_stk                                0x0001b0c1   Thumb Code     0  entry2.o(.ARM.Collect$$$$00000001)
    _main_scatterload                        0x0001b0c5   Thumb Code     0  entry5.o(.ARM.Collect$$$$00000004)
    __main_after_scatterload                 0x0001b0c9   Thumb Code     0  entry5.o(.ARM.Collect$$$$00000004)
    _main_clock                              0x0001b0c9   Thumb Code     0  entry7b.o(.ARM.Collect$$$$00000008)
    _main_cpp_init                           0x0001b0c9   Thumb Code     0  entry8b.o(.ARM.Collect$$$$0000000A)
    _main_init                               0x0001b0c9   Thumb Code     0  entry9a.o(.ARM.Collect$$$$0000000B)
    __rt_final_cpp                           0x0001b0d1   Thumb Code     0  entry10a.o(.ARM.Collect$$$$0000000D)
    __rt_final_exit                          0x0001b0d1   Thumb Code     0  entry11a.o(.ARM.Collect$$$$0000000F)
    __asm___11_app_timer_c_cd27f9c3__nrf_delay_us 0x0001b0d5   Thumb Code    30  app_timer.o(.emb_text)
    Reset_Handler                            0x0001b0f5   Thumb Code    26  arm_startup_nrf51.o(.text)
    NMI_Handler                              0x0001b10f   Thumb Code     2  arm_startup_nrf51.o(.text)
    HardFault_Handler                        0x0001b111   Thumb Code     2  arm_startup_nrf51.o(.text)
    SVC_Handler                              0x0001b113   Thumb Code     2  arm_startup_nrf51.o(.text)
    PendSV_Handler                           0x0001b115   Thumb Code     2  arm_startup_nrf51.o(.text)
    SysTick_Handler                          0x0001b117   Thumb Code     2  arm_startup_nrf51.o(.text)
    ADC_IRQHandler                           0x0001b119   Thumb Code     0  arm_startup_nrf51.o(.text)
    CCM_AAR_IRQHandler                       0x0001b119   Thumb Code     0  arm_startup_nrf51.o(.text)
    ECB_IRQHandler                           0x0001b119   Thumb Code     0  arm_startup_nrf51.o(.text)
    LPCOMP_IRQHandler                        0x0001b119   Thumb Code     0  arm_startup_nrf51.o(.text)
    POWER_CLOCK_IRQHandler                   0x0001b119   Thumb Code     0  arm_startup_nrf51.o(.text)
    QDEC_IRQHandler                          0x0001b119   Thumb Code     0  arm_startup_nrf51.o(.text)
    RADIO_IRQHandler                         0x0001b119   Thumb Code     0  arm_startup_nrf51.o(.text)
    RNG_IRQHandler                           0x0001b119   Thumb Code     0  arm_startup_nrf51.o(.text)
    RTC0_IRQHandler                          0x0001b119   Thumb Code     0  arm_startup_nrf51.o(.text)
    SPI0_TWI0_IRQHandler                     0x0001b119   Thumb Code     0  arm_startup_nrf51.o(.text)
    SPI1_TWI1_IRQHandler                     0x0001b119   Thumb Code     0  arm_startup_nrf51.o(.text)
    SWI1_IRQHandler                          0x0001b119   Thumb Code     0  arm_startup_nrf51.o(.text)
    SWI3_IRQHandler                          0x0001b119   Thumb Code     0  arm_startup_nrf51.o(.text)
    SWI4_IRQHandler                          0x0001b119   Thumb Code     0  arm_startup_nrf51.o(.text)
    SWI5_IRQHandler                          0x0001b119   Thumb Code     0  arm_startup_nrf51.o(.text)
    TEMP_IRQHandler                          0x0001b119   Thumb Code     0  arm_startup_nrf51.o(.text)
    TIMER0_IRQHandler                        0x0001b119   Thumb Code     0  arm_startup_nrf51.o(.text)
    TIMER1_IRQHandler                        0x0001b119   Thumb Code     0  arm_startup_nrf51.o(.text)
    TIMER2_IRQHandler                        0x0001b119   Thumb Code     0  arm_startup_nrf51.o(.text)
    WDT_IRQHandler                           0x0001b119   Thumb Code     0  arm_startup_nrf51.o(.text)
    __aeabi_uidiv                            0x0001b12d   Thumb Code     0  uidiv.o(.text)
    __aeabi_uidivmod                         0x0001b12d   Thumb Code    44  uidiv.o(.text)
    __aeabi_memcpy                           0x0001b159   Thumb Code    36  memcpya.o(.text)
    __aeabi_memcpy4                          0x0001b159   Thumb Code     0  memcpya.o(.text)
    __aeabi_memcpy8                          0x0001b159   Thumb Code     0  memcpya.o(.text)
    __aeabi_memset                           0x0001b17d   Thumb Code    14  memseta.o(.text)
    __aeabi_memset4                          0x0001b17d   Thumb Code     0  memseta.o(.text)
    __aeabi_memset8                          0x0001b17d   Thumb Code     0  memseta.o(.text)
    __aeabi_memclr                           0x0001b18b   Thumb Code     4  memseta.o(.text)
    __aeabi_memclr4                          0x0001b18b   Thumb Code     0  memseta.o(.text)
    __aeabi_memclr8                          0x0001b18b   Thumb Code     0  memseta.o(.text)
    _memset$wrapper                          0x0001b18f   Thumb Code    18  memseta.o(.text)
    __aeabi_uldivmod                         0x0001b1a1   Thumb Code    96  uldiv.o(.text)
    __I$use$fp                               0x0001b201   Thumb Code     0  iusefp.o(.text)
    __aeabi_dadd                             0x0001b201   Thumb Code   328  dadd.o(.text)
    __aeabi_dsub                             0x0001b349   Thumb Code    12  dadd.o(.text)
    __aeabi_drsub                            0x0001b355   Thumb Code    12  dadd.o(.text)
    __aeabi_dmul                             0x0001b365   Thumb Code   202  dmul.o(.text)
    __aeabi_ddiv                             0x0001b435   Thumb Code   234  ddiv.o(.text)
    __aeabi_d2ulz                            0x0001b525   Thumb Code    54  dfixul.o(.text)
    __aeabi_cdrcmple                         0x0001b565   Thumb Code    38  cdrcmple.o(.text)
    __scatterload                            0x0001b58d   Thumb Code    28  init.o(.text)
    __scatterload_rt2                        0x0001b58d   Thumb Code     0  init.o(.text)
    __aeabi_llsl                             0x0001b5b1   Thumb Code    32  llshl.o(.text)
    _ll_shift_l                              0x0001b5b1   Thumb Code     0  llshl.o(.text)
    __aeabi_llsr                             0x0001b5d1   Thumb Code    34  llushr.o(.text)
    _ll_ushift_r                             0x0001b5d1   Thumb Code     0  llushr.o(.text)
    __aeabi_lasr                             0x0001b5f3   Thumb Code    38  llsshr.o(.text)
    _ll_sshift_r                             0x0001b5f3   Thumb Code     0  llsshr.o(.text)
    _double_round                            0x0001b619   Thumb Code    26  depilogue.o(.text)
    _double_epilogue                         0x0001b633   Thumb Code   164  depilogue.o(.text)
    GPIOTE_IRQHandler                        0x0001b6d9   Thumb Code   312  nrf_drv_gpiote.o(i.GPIOTE_IRQHandler)
    RTC1_IRQHandler                          0x0001b871   Thumb Code    28  app_timer.o(i.RTC1_IRQHandler)
    SWI0_IRQHandler                          0x0001b891   Thumb Code     8  app_timer.o(i.SWI0_IRQHandler)
    SWI2_IRQHandler                          0x0001b899   Thumb Code    28  softdevice_handler.o(i.SWI2_IRQHandler)
    SystemInit                               0x0001b8b9   Thumb Code   130  system_nrf51.o(i.SystemInit)
    UART0_IRQHandler                         0x0001b959   Thumb Code     8  nrf_drv_uart.o(i.UART0_IRQHandler)
    __0printf                                0x0001b961   Thumb Code    24  printfa.o(i.__0printf)
    __1printf                                0x0001b961   Thumb Code     0  printfa.o(i.__0printf)
    __2printf                                0x0001b961   Thumb Code     0  printfa.o(i.__0printf)
    __c89printf                              0x0001b961   Thumb Code     0  printfa.o(i.__0printf)
    printf                                   0x0001b961   Thumb Code     0  printfa.o(i.__0printf)
    __ARM_clz                                0x0001b981   Thumb Code    46  depilogue.o(i.__ARM_clz)
    __ARM_common_switch8                     0x0001b9af   Thumb Code    26  bsp.o(i.__ARM_common_switch8)
    __scatterload_copy                       0x0001b9c9   Thumb Code    14  handlers.o(i.__scatterload_copy)
    __scatterload_null                       0x0001b9d7   Thumb Code     2  handlers.o(i.__scatterload_null)
    __scatterload_zeroinit                   0x0001b9d9   Thumb Code    14  handlers.o(i.__scatterload_zeroinit)
    app_button_enable                        0x0001c2cd   Thumb Code    32  app_button.o(i.app_button_enable)
    app_button_init                          0x0001c2f1   Thumb Code   100  app_button.o(i.app_button_init)
    app_error_fault_handler                  0x0001c365   Thumb Code    18  app_error_weak.o(i.app_error_fault_handler)
    app_error_handler_bare                   0x0001c381   Thumb Code    20  app_error.o(i.app_error_handler_bare)
    app_fifo_get                             0x0001c399   Thumb Code    22  app_fifo.o(i.app_fifo_get)
    app_fifo_init                            0x0001c3af   Thumb Code    36  app_fifo.o(i.app_fifo_init)
    app_fifo_put                             0x0001c3d3   Thumb Code    26  app_fifo.o(i.app_fifo_put)
    app_timer_create                         0x0001c3ed   Thumb Code    40  app_timer.o(i.app_timer_create)
    app_timer_init                           0x0001c419   Thumb Code   126  app_timer.o(i.app_timer_init)
    app_timer_start                          0x0001c4a9   Thumb Code   114  app_timer.o(i.app_timer_start)
    app_timer_stop                           0x0001c525   Thumb Code    78  app_timer.o(i.app_timer_stop)
    app_uart_get                             0x0001c579   Thumb Code    44  app_uart_fifo.o(i.app_uart_get)
    app_uart_init                            0x0001c5ad   Thumb Code   144  app_uart_fifo.o(i.app_uart_init)
    app_uart_put                             0x0001c64d   Thumb Code    48  app_uart_fifo.o(i.app_uart_put)
    ble_db_discovery_evt_register            0x0001c685   Thumb Code    66  ble_db_discovery.o(i.ble_db_discovery_evt_register)
    ble_db_discovery_init                    0x0001c6d1   Thumb Code    26  ble_db_discovery.o(i.ble_db_discovery_init)
    ble_db_discovery_on_ble_evt              0x0001c6f1   Thumb Code    82  ble_db_discovery.o(i.ble_db_discovery_on_ble_evt)
    ble_db_discovery_start                   0x0001c749   Thumb Code    90  ble_db_discovery.o(i.ble_db_discovery_start)
    ble_nus_c_handles_assign                 0x0001c82d   Thumb Code    30  ble_nus_c.o(i.ble_nus_c_handles_assign)
    ble_nus_c_init                           0x0001c84d   Thumb Code    72  ble_nus_c.o(i.ble_nus_c_init)
    ble_nus_c_on_ble_evt                     0x0001c899   Thumb Code   100  ble_nus_c.o(i.ble_nus_c_on_ble_evt)
    ble_nus_c_on_db_disc_evt                 0x0001c901   Thumb Code   108  ble_nus_c.o(i.ble_nus_c_on_db_disc_evt)
    ble_nus_c_rx_notif_enable                0x0001c96d   Thumb Code    64  ble_nus_c.o(i.ble_nus_c_rx_notif_enable)
    ble_nus_c_string_send                    0x0001c9b5   Thumb Code    58  ble_nus_c.o(i.ble_nus_c_string_send)
    bsp_btn_ble_init                         0x0001ca69   Thumb Code    80  bsp_btn_ble.o(i.bsp_btn_ble_init)
    bsp_btn_ble_on_ble_evt                   0x0001cabd   Thumb Code   114  bsp_btn_ble.o(i.bsp_btn_ble_on_ble_evt)
    bsp_btn_ble_sleep_mode_prepare           0x0001cb35   Thumb Code    20  bsp_btn_ble.o(i.bsp_btn_ble_sleep_mode_prepare)
    bsp_button_is_pressed                    0x0001cbe9   Thumb Code    34  bsp.o(i.bsp_button_is_pressed)
    bsp_event_handler                        0x0001cc15   Thumb Code    64  main.o(i.bsp_event_handler)
    bsp_event_to_button_action_assign        0x0001cc59   Thumb Code    66  bsp.o(i.bsp_event_to_button_action_assign)
    bsp_indication_set                       0x0001cca1   Thumb Code    22  bsp.o(i.bsp_indication_set)
    bsp_init                                 0x0001ccbd   Thumb Code   134  bsp.o(i.bsp_init)
    bsp_wakeup_buttons_set                   0x0001cf55   Thumb Code    50  bsp.o(i.bsp_wakeup_buttons_set)
    fputc                                    0x0001d30b   Thumb Code    14  retarget.o(i.fputc)
    intern_softdevice_events_execute         0x0001d369   Thumb Code   116  softdevice_handler.o(i.intern_softdevice_events_execute)
    main                                     0x0001d6f9   Thumb Code   160  main.o(i.main)
    nrf_drv_common_irq_enable                0x0001d7cd   Thumb Code    78  nrf_drv_common.o(i.nrf_drv_common_irq_enable)
    nrf_drv_gpiote_in_event_enable           0x0001d82d   Thumb Code   138  nrf_drv_gpiote.o(i.nrf_drv_gpiote_in_event_enable)
    nrf_drv_gpiote_in_init                   0x0001d8cd   Thumb Code   146  nrf_drv_gpiote.o(i.nrf_drv_gpiote_in_init)
    nrf_drv_gpiote_in_is_set                 0x0001d971   Thumb Code    16  nrf_drv_gpiote.o(i.nrf_drv_gpiote_in_is_set)
    nrf_drv_gpiote_init                      0x0001d985   Thumb Code    76  nrf_drv_gpiote.o(i.nrf_drv_gpiote_init)
    nrf_drv_gpiote_is_init                   0x0001d9d9   Thumb Code    12  nrf_drv_gpiote.o(i.nrf_drv_gpiote_is_init)
    nrf_drv_uart_init                        0x0001d9e9   Thumb Code   170  nrf_drv_uart.o(i.nrf_drv_uart_init)
    nrf_drv_uart_rx                          0x0001dab1   Thumb Code    66  nrf_drv_uart.o(i.nrf_drv_uart_rx)
    nrf_drv_uart_rx_enable                   0x0001dafd   Thumb Code    20  nrf_drv_uart.o(i.nrf_drv_uart_rx_enable)
    nrf_drv_uart_tx                          0x0001dbb1   Thumb Code    32  nrf_drv_uart.o(i.nrf_drv_uart_tx)
    nrf_drv_uart_tx_in_progress              0x0001dc49   Thumb Code    12  nrf_drv_uart.o(i.nrf_drv_uart_tx_in_progress)
    sd_check_ram_start                       0x0001e171   Thumb Code    10  softdevice_handler.o(i.sd_check_ram_start)
    softdevice_ble_evt_handler_set           0x0001e20d   Thumb Code    16  softdevice_handler.o(i.softdevice_ble_evt_handler_set)
    softdevice_enable                        0x0001e221   Thumb Code    14  softdevice_handler.o(i.softdevice_enable)
    softdevice_enable_get_default_config     0x0001e235   Thumb Code    40  softdevice_handler.o(i.softdevice_enable_get_default_config)
    softdevice_fault_handler                 0x0001e25d   Thumb Code     8  softdevice_handler.o(i.softdevice_fault_handler)
    softdevice_handler_init                  0x0001e265   Thumb Code    42  softdevice_handler.o(i.softdevice_handler_init)
    uart_event_handle                        0x0001e439   Thumb Code    76  main.o(i.uart_event_handle)
    Region$$Table$$Base                      0x0001e7bc   Number         0  anon$$obj.o(Region$$Table)
    Region$$Table$$Limit                     0x0001e7dc   Number         0  anon$$obj.o(Region$$Table)
    Image$$RW_IRAM1$$Base                    0x20001eb0   Number         0  anon$$obj.o ABSOLUTE
    __stdout                                 0x20001f20   Data           4  retarget.o(.data)
    nrf_nvic_state                           0x20001f38   Data           8  softdevice_handler.o(.data)
    SystemCoreClock                          0x20001f40   Data           4  system_nrf51.o(.data)
    __initial_sp                             0x20002fa0   Data           0  arm_startup_nrf51.o(STACK)



==============================================================================

Memory Map of the image

  Image Entry point : 0x0001b0c1

  Load Region LR_IROM1 (Base: 0x0001b000, Size: 0x00003870, Max: 0x00025000, ABSOLUTE)

    Execution Region ER_IROM1 (Base: 0x0001b000, Size: 0x000037dc, Max: 0x00025000, ABSOLUTE)

    Base Addr    Size         Type   Attr      Idx    E Section Name        Object

    0x0001b000   0x000000c0   Data   RO         2041    RESET               arm_startup_nrf51.o
    0x0001b0c0   0x00000000   Code   RO         2083  * .ARM.Collect$$$$00000000  mc_p.l(entry.o)
    0x0001b0c0   0x00000004   Code   RO         2358    .ARM.Collect$$$$00000001  mc_p.l(entry2.o)
    0x0001b0c4   0x00000004   Code   RO         2361    .ARM.Collect$$$$00000004  mc_p.l(entry5.o)
    0x0001b0c8   0x00000000   Code   RO         2363    .ARM.Collect$$$$00000008  mc_p.l(entry7b.o)
    0x0001b0c8   0x00000000   Code   RO         2365    .ARM.Collect$$$$0000000A  mc_p.l(entry8b.o)
    0x0001b0c8   0x00000008   Code   RO         2366    .ARM.Collect$$$$0000000B  mc_p.l(entry9a.o)
    0x0001b0d0   0x00000000   Code   RO         2368    .ARM.Collect$$$$0000000D  mc_p.l(entry10a.o)
    0x0001b0d0   0x00000000   Code   RO         2370    .ARM.Collect$$$$0000000F  mc_p.l(entry11a.o)
    0x0001b0d0   0x00000004   Code   RO         2359    .ARM.Collect$$$$00002712  mc_p.l(entry2.o)
    0x0001b0d4   0x0000001e   Code   RO         1458    .emb_text           app_timer.o
    0x0001b0f2   0x00000002   PAD
    0x0001b0f4   0x00000038   Code   RO         2042    .text               arm_startup_nrf51.o
    0x0001b12c   0x0000002c   Code   RO         2086    .text               mc_p.l(uidiv.o)
    0x0001b158   0x00000024   Code   RO         2088    .text               mc_p.l(memcpya.o)
    0x0001b17c   0x00000024   Code   RO         2090    .text               mc_p.l(memseta.o)
    0x0001b1a0   0x00000060   Code   RO         2372    .text               mc_p.l(uldiv.o)
    0x0001b200   0x00000000   Code   RO         2374    .text               mc_p.l(iusefp.o)
    0x0001b200   0x00000164   Code   RO         2375    .text               mf_p.l(dadd.o)
    0x0001b364   0x000000d0   Code   RO         2377    .text               mf_p.l(dmul.o)
    0x0001b434   0x000000f0   Code   RO         2379    .text               mf_p.l(ddiv.o)
    0x0001b524   0x00000040   Code   RO         2381    .text               mf_p.l(dfixul.o)
    0x0001b564   0x00000028   Code   RO         2383    .text               mf_p.l(cdrcmple.o)
    0x0001b58c   0x00000024   Code   RO         2385    .text               mc_p.l(init.o)
    0x0001b5b0   0x00000020   Code   RO         2387    .text               mc_p.l(llshl.o)
    0x0001b5d0   0x00000022   Code   RO         2389    .text               mc_p.l(llushr.o)
    0x0001b5f2   0x00000026   Code   RO         2391    .text               mc_p.l(llsshr.o)
    0x0001b618   0x000000be   Code   RO         2393    .text               mf_p.l(depilogue.o)
    0x0001b6d6   0x00000002   PAD
    0x0001b6d8   0x00000154   Code   RO          917    i.GPIOTE_IRQHandler  nrf_drv_gpiote.o
    0x0001b82c   0x00000044   Code   RO         1459    i.NVIC_SetPriority  app_timer.o
    0x0001b870   0x00000020   Code   RO         1460    i.RTC1_IRQHandler   app_timer.o
    0x0001b890   0x00000008   Code   RO         1461    i.SWI0_IRQHandler   app_timer.o
    0x0001b898   0x00000020   Code   RO         1946    i.SWI2_IRQHandler   softdevice_handler.o
    0x0001b8b8   0x000000a0   Code   RO         2049    i.SystemInit        system_nrf51.o
    0x0001b958   0x00000008   Code   RO         1107    i.UART0_IRQHandler  nrf_drv_uart.o
    0x0001b960   0x00000020   Code   RO         2331    i.__0printf         mc_p.l(printfa.o)
    0x0001b980   0x0000002e   Code   RO         2395    i.__ARM_clz         mf_p.l(depilogue.o)
    0x0001b9ae   0x0000001a   Code   RO          358    i.__ARM_common_switch8  bsp.o
    0x0001b9c8   0x0000000e   Code   RO         2399    i.__scatterload_copy  mc_p.l(handlers.o)
    0x0001b9d6   0x00000002   Code   RO         2400    i.__scatterload_null  mc_p.l(handlers.o)
    0x0001b9d8   0x0000000e   Code   RO         2401    i.__scatterload_zeroinit  mc_p.l(handlers.o)
    0x0001b9e6   0x00000002   PAD
    0x0001b9e8   0x00000158   Code   RO         2338    i._fp_digits        mc_p.l(printfa.o)
    0x0001bb40   0x000006ec   Code   RO         2339    i._printf_core      mc_p.l(printfa.o)
    0x0001c22c   0x00000020   Code   RO         2340    i._printf_post_padding  mc_p.l(printfa.o)
    0x0001c24c   0x0000002c   Code   RO         2341    i._printf_pre_padding  mc_p.l(printfa.o)
    0x0001c278   0x0000003c   Code   RO          369    i.advertising_buttons_configure  bsp_btn_ble.o
    0x0001c2b4   0x00000018   Code   RO          264    i.alert_timer_handler  bsp.o
    0x0001c2cc   0x00000024   Code   RO         1276    i.app_button_enable  app_button.o
    0x0001c2f0   0x00000074   Code   RO         1277    i.app_button_init   app_button.o
    0x0001c364   0x0000001c   Code   RO         1369    i.app_error_fault_handler  app_error_weak.o
    0x0001c380   0x00000018   Code   RO         1334    i.app_error_handler_bare  app_error.o
    0x0001c398   0x00000016   Code   RO         1393    i.app_fifo_get      app_fifo.o
    0x0001c3ae   0x00000024   Code   RO         1394    i.app_fifo_init     app_fifo.o
    0x0001c3d2   0x0000001a   Code   RO         1396    i.app_fifo_put      app_fifo.o
    0x0001c3ec   0x0000002c   Code   RO         1464    i.app_timer_create  app_timer.o
    0x0001c418   0x00000090   Code   RO         1465    i.app_timer_init    app_timer.o
    0x0001c4a8   0x0000007c   Code   RO         1466    i.app_timer_start   app_timer.o
    0x0001c524   0x00000054   Code   RO         1467    i.app_timer_stop    app_timer.o
    0x0001c578   0x00000034   Code   RO          784    i.app_uart_get      app_uart_fifo.o
    0x0001c5ac   0x000000a0   Code   RO          785    i.app_uart_init     app_uart_fifo.o
    0x0001c64c   0x00000038   Code   RO          786    i.app_uart_put      app_uart_fifo.o
    0x0001c684   0x0000004c   Code   RO          570    i.ble_db_discovery_evt_register  ble_db_discovery.o
    0x0001c6d0   0x00000020   Code   RO          571    i.ble_db_discovery_init  ble_db_discovery.o
    0x0001c6f0   0x00000058   Code   RO          572    i.ble_db_discovery_on_ble_evt  ble_db_discovery.o
    0x0001c748   0x00000064   Code   RO          573    i.ble_db_discovery_start  ble_db_discovery.o
    0x0001c7ac   0x00000028   Code   RO            4    i.ble_evt_dispatch  main.o
    0x0001c7d4   0x00000058   Code   RO            5    i.ble_nus_c_evt_handler  main.o
    0x0001c82c   0x0000001e   Code   RO          672    i.ble_nus_c_handles_assign  ble_nus_c.o
    0x0001c84a   0x00000002   PAD
    0x0001c84c   0x0000004c   Code   RO          673    i.ble_nus_c_init    ble_nus_c.o
    0x0001c898   0x00000068   Code   RO          674    i.ble_nus_c_on_ble_evt  ble_nus_c.o
    0x0001c900   0x0000006c   Code   RO          675    i.ble_nus_c_on_db_disc_evt  ble_nus_c.o
    0x0001c96c   0x00000048   Code   RO          676    i.ble_nus_c_rx_notif_enable  ble_nus_c.o
    0x0001c9b4   0x00000044   Code   RO          677    i.ble_nus_c_string_send  ble_nus_c.o
    0x0001c9f8   0x00000070   Code   RO            6    i.ble_stack_init    main.o
    0x0001ca68   0x00000054   Code   RO          370    i.bsp_btn_ble_init  bsp_btn_ble.o
    0x0001cabc   0x00000078   Code   RO          371    i.bsp_btn_ble_on_ble_evt  bsp_btn_ble.o
    0x0001cb34   0x00000014   Code   RO          372    i.bsp_btn_ble_sleep_mode_prepare  bsp_btn_ble.o
    0x0001cb48   0x000000a0   Code   RO          265    i.bsp_button_event_handler  bsp.o
    0x0001cbe8   0x0000002c   Code   RO          266    i.bsp_button_is_pressed  bsp.o
    0x0001cc14   0x00000044   Code   RO            7    i.bsp_event_handler  main.o
    0x0001cc58   0x00000048   Code   RO          270    i.bsp_event_to_button_action_assign  bsp.o
    0x0001cca0   0x0000001c   Code   RO          271    i.bsp_indication_set  bsp.o
    0x0001ccbc   0x000000a0   Code   RO          273    i.bsp_init          bsp.o
    0x0001cd5c   0x000001f8   Code   RO          274    i.bsp_led_indication  bsp.o
    0x0001cf54   0x0000003c   Code   RO          275    i.bsp_wakeup_buttons_set  bsp.o
    0x0001cf90   0x0000000c   Code   RO          276    i.button_timer_handler  bsp.o
    0x0001cf9c   0x0000001c   Code   RO          918    i.channel_free      nrf_drv_gpiote.o
    0x0001cfb8   0x00000048   Code   RO          919    i.channel_port_alloc  nrf_drv_gpiote.o
    0x0001d000   0x00000010   Code   RO          920    i.channel_port_get  nrf_drv_gpiote.o
    0x0001d010   0x0000003e   Code   RO          574    i.characteristics_discover  ble_db_discovery.o
    0x0001d04e   0x00000002   PAD
    0x0001d050   0x000000a8   Code   RO         1469    i.compare_reg_update  app_timer.o
    0x0001d0f8   0x00000010   Code   RO            8    i.db_disc_handler   main.o
    0x0001d108   0x00000084   Code   RO          575    i.descriptors_discover  ble_db_discovery.o
    0x0001d18c   0x00000060   Code   RO         1279    i.detection_delay_timeout_handler  app_button.o
    0x0001d1ec   0x0000008c   Code   RO          576    i.discovery_complete_evt_trigger  ble_db_discovery.o
    0x0001d278   0x0000002c   Code   RO          577    i.discovery_error_evt_trigger  ble_db_discovery.o
    0x0001d2a4   0x00000040   Code   RO         1470    i.elapsed_ticks_acquire  app_timer.o
    0x0001d2e4   0x00000014   Code   RO         1399    i.fifo_get          app_fifo.o
    0x0001d2f8   0x00000012   Code   RO         1400    i.fifo_put          app_fifo.o
    0x0001d30a   0x0000000e   Code   RO         1766    i.fputc             retarget.o
    0x0001d318   0x00000050   Code   RO         1280    i.gpiote_event_handler  app_button.o
    0x0001d368   0x00000078   Code   RO         1947    i.intern_softdevice_events_execute  softdevice_handler.o
    0x0001d3e0   0x00000044   Code   RO          578    i.is_desc_discovery_reqd  ble_db_discovery.o
    0x0001d424   0x00000048   Code   RO         2050    i.is_manual_peripheral_setup_needed  system_nrf51.o
    0x0001d46c   0x000000e2   Code   RO            9    i.is_uuid_present   main.o
    0x0001d54e   0x00000002   PAD
    0x0001d550   0x00000018   Code   RO          277    i.leds_timer_handler  bsp.o
    0x0001d568   0x000000bc   Code   RO         1471    i.list_deletions_handler  app_timer.o
    0x0001d624   0x000000d4   Code   RO         1472    i.list_insertions_handler  app_timer.o
    0x0001d6f8   0x000000d4   Code   RO           10    i.main              main.o
    0x0001d7cc   0x00000060   Code   RO          884    i.nrf_drv_common_irq_enable  nrf_drv_common.o
    0x0001d82c   0x000000a0   Code   RO          923    i.nrf_drv_gpiote_in_event_enable  nrf_drv_gpiote.o
    0x0001d8cc   0x000000a4   Code   RO          924    i.nrf_drv_gpiote_in_init  nrf_drv_gpiote.o
    0x0001d970   0x00000014   Code   RO          925    i.nrf_drv_gpiote_in_is_set  nrf_drv_gpiote.o
    0x0001d984   0x00000054   Code   RO          927    i.nrf_drv_gpiote_init  nrf_drv_gpiote.o
    0x0001d9d8   0x00000010   Code   RO          928    i.nrf_drv_gpiote_is_init  nrf_drv_gpiote.o
    0x0001d9e8   0x000000c8   Code   RO         1109    i.nrf_drv_uart_init  nrf_drv_uart.o
    0x0001dab0   0x0000004c   Code   RO         1110    i.nrf_drv_uart_rx   nrf_drv_uart.o
    0x0001dafc   0x00000018   Code   RO         1113    i.nrf_drv_uart_rx_enable  nrf_drv_uart.o
    0x0001db14   0x0000009c   Code   RO         1114    i.nrf_drv_uart_rx_for_uart  nrf_drv_uart.o
    0x0001dbb0   0x00000024   Code   RO         1115    i.nrf_drv_uart_tx   nrf_drv_uart.o
    0x0001dbd4   0x00000074   Code   RO         1117    i.nrf_drv_uart_tx_for_uart  nrf_drv_uart.o
    0x0001dc48   0x00000010   Code   RO         1118    i.nrf_drv_uart_tx_in_progress  nrf_drv_uart.o
    0x0001dc58   0x00000024   Code   RO          940    i.nrf_gpio_cfg      nrf_drv_gpiote.o
    0x0001dc7c   0x00000024   Code   RO         1120    i.nrf_gpio_cfg      nrf_drv_uart.o
    0x0001dca0   0x00000012   Code   RO         1122    i.nrf_gpio_cfg_input  nrf_drv_uart.o
    0x0001dcb2   0x00000014   Code   RO         1123    i.nrf_gpio_cfg_output  nrf_drv_uart.o
    0x0001dcc6   0x00000002   PAD
    0x0001dcc8   0x00000020   Code   RO          942    i.nrf_gpio_cfg_sense_set  nrf_drv_gpiote.o
    0x0001dce8   0x00000014   Code   RO          943    i.nrf_gpiote_event_is_set  nrf_drv_gpiote.o
    0x0001dcfc   0x0000000a   Code   RO         1124    i.nrf_uart_event_check  nrf_drv_uart.o
    0x0001dd06   0x00000010   Code   RO         1125    i.nrf_uart_int_enable_check  nrf_drv_uart.o
    0x0001dd16   0x00000002   PAD
    0x0001dd18   0x0000008c   Code   RO           11    i.on_ble_evt        main.o
    0x0001dda4   0x000000f0   Code   RO          579    i.on_characteristic_discovery_rsp  ble_db_discovery.o
    0x0001de94   0x000000c0   Code   RO          580    i.on_descriptor_discovery_rsp  ble_db_discovery.o
    0x0001df54   0x00000070   Code   RO          581    i.on_primary_srv_discovery_rsp  ble_db_discovery.o
    0x0001dfc4   0x0000006c   Code   RO          582    i.on_srv_disc_completion  ble_db_discovery.o
    0x0001e030   0x00000018   Code   RO          944    i.pin_in_use_by_port  nrf_drv_gpiote.o
    0x0001e048   0x00000018   Code   RO          945    i.pin_in_use_by_te  nrf_drv_gpiote.o
    0x0001e060   0x00000038   Code   RO          583    i.registered_handler_get  ble_db_discovery.o
    0x0001e098   0x00000044   Code   RO         1473    i.rtc1_stop         app_timer.o
    0x0001e0dc   0x00000038   Code   RO         1126    i.rx_byte           nrf_drv_uart.o
    0x0001e114   0x0000001c   Code   RO         1127    i.rx_done_event     nrf_drv_uart.o
    0x0001e130   0x0000001c   Code   RO         1128    i.rx_enable         nrf_drv_uart.o
    0x0001e14c   0x00000024   Code   RO           12    i.scan_start        main.o
    0x0001e170   0x00000010   Code   RO         1948    i.sd_check_ram_start  softdevice_handler.o
    0x0001e180   0x0000008c   Code   RO         1949    i.sd_nvic_EnableIRQ  softdevice_handler.o
    0x0001e20c   0x00000014   Code   RO         1950    i.softdevice_ble_evt_handler_set  softdevice_handler.o
    0x0001e220   0x00000014   Code   RO         1951    i.softdevice_enable  softdevice_handler.o
    0x0001e234   0x00000028   Code   RO         1952    i.softdevice_enable_get_default_config  softdevice_handler.o
    0x0001e25c   0x00000008   Code   RO         1953    i.softdevice_fault_handler  softdevice_handler.o
    0x0001e264   0x00000034   Code   RO         1954    i.softdevice_handler_init  softdevice_handler.o
    0x0001e298   0x00000084   Code   RO         1474    i.timer_list_handler  app_timer.o
    0x0001e31c   0x00000010   Code   RO         1475    i.timer_list_handler_sched  app_timer.o
    0x0001e32c   0x00000040   Code   RO         1476    i.timer_list_insert  app_timer.o
    0x0001e36c   0x00000080   Code   RO         1477    i.timer_timeouts_check  app_timer.o
    0x0001e3ec   0x0000002c   Code   RO         1129    i.tx_byte           nrf_drv_uart.o
    0x0001e418   0x00000020   Code   RO         1130    i.tx_done_event     nrf_drv_uart.o
    0x0001e438   0x00000058   Code   RO           13    i.uart_event_handle  main.o
    0x0001e490   0x000000b0   Code   RO          787    i.uart_event_handler  app_uart_fifo.o
    0x0001e540   0x00000128   Code   RO         1131    i.uart_irq_handler  nrf_drv_uart.o
    0x0001e668   0x00000054   Code   RO         1478    i.user_id_get       app_timer.o
    0x0001e6bc   0x00000026   Code   RO         1479    i.user_op_alloc     app_timer.o
    0x0001e6e2   0x00000002   PAD
    0x0001e6e4   0x0000002c   Data   RO           15    .constdata          main.o
    0x0001e710   0x0000003c   Data   RO          282    .constdata          bsp.o
    0x0001e74c   0x00000028   Data   RO          678    .constdata          ble_nus_c.o
    0x0001e774   0x00000020   Data   RO          789    .constdata          app_uart_fifo.o
    0x0001e794   0x00000020   Data   RO         1133    .constdata          nrf_drv_uart.o
    0x0001e7b4   0x00000008   Data   RO         1282    .constdata          app_button.o
    0x0001e7bc   0x00000020   Data   RO         2397    Region$$Table       anon$$obj.o


    Execution Region RW_IRAM1 (Base: 0x20001eb0, Size: 0x000010f0, Max: 0x00006150, ABSOLUTE)

    Base Addr    Size         Type   Attr      Idx    E Section Name        Object

    0x20001eb0   0x00000001   Data   RW           16    .data               main.o
    0x20001eb1   0x00000003   PAD
    0x20001eb4   0x00000018   Data   RW          283    .data               bsp.o
    0x20001ecc   0x00000008   Data   RW          373    .data               bsp_btn_ble.o
    0x20001ed4   0x00000010   Data   RW          585    .data               ble_db_discovery.o
    0x20001ee4   0x00000008   Data   RW          790    .data               app_uart_fifo.o
    0x20001eec   0x00000014   Data   RW         1283    .data               app_button.o
    0x20001f00   0x00000020   Data   RW         1480    .data               app_timer.o
    0x20001f20   0x00000004   Data   RW         1767    .data               retarget.o
    0x20001f24   0x0000001c   Data   RW         1958    .data               softdevice_handler.o
    0x20001f40   0x00000004   Data   RW         2051    .data               system_nrf51.o
    0x20001f44   0x00000550   Zero   RW           14    .bss                main.o
    0x20002494   0x00000020   Zero   RW          278    .bss                bsp.o
    0x200024b4   0x00000020   Zero   RW          279    .bss                bsp.o
    0x200024d4   0x0000000c   Zero   RW          280    .bss                bsp.o
    0x200024e0   0x00000020   Zero   RW          281    .bss                bsp.o
    0x20002500   0x000001f8   Zero   RW          584    .bss                ble_db_discovery.o
    0x200026f8   0x00000020   Zero   RW          788    .bss                app_uart_fifo.o
    0x20002718   0x00000048   Zero   RW          946    .bss                nrf_drv_gpiote.o
    0x20002760   0x0000001c   Zero   RW         1132    .bss                nrf_drv_uart.o
    0x2000277c   0x00000020   Zero   RW         1281    .bss                app_button.o
    0x2000279c   0x00000004   PAD
    0x200027a0   0x00000800   Zero   RW         2039    STACK               arm_startup_nrf51.o


==============================================================================

Image component sizes


      Code (inc. data)   RO Data    RW Data    ZI Data      Debug   Object Name

       328         34          8         20         32       8898   app_button.o
        24          4          0          0          0       2209   app_error.o
        28         10          0          0          0       7078   app_error_weak.o
       122          0          0          0          0       4214   app_fifo.o
      1696        150          0         32          0      33723   app_timer.o
       444         42         32          8         32      10226   app_uart_fifo.o
        56         18        192          0       2048        704   arm_startup_nrf51.o
      1450         76          0         16        504      15347   ble_db_discovery.o
       458         26         40          0          0      14478   ble_nus_c.o
      1114        118         60         24        108       9933   bsp.o
       284         10          0          8          0       4613   bsp_btn_ble.o
      1026        110         44          1       1360      87595   main.o
        96         18          0          0          0       8596   nrf_drv_common.o
      1036        126          0          0         72      22416   nrf_drv_gpiote.o
      1216        140         32          0         28      26034   nrf_drv_uart.o
        14          0          0          4          0       2782   retarget.o
       448         58          0         28          0      18444   softdevice_handler.o
       232         36          0          4          0       2319   system_nrf51.o

    ----------------------------------------------------------------------
     10086        976        440        148       4188     279609   Object Totals
         0          0         32          0          0          0   (incl. Generated)
        14          0          0          3          4          0   (incl. Padding)

    ----------------------------------------------------------------------

      Code (inc. data)   RO Data    RW Data    ZI Data      Debug   Library Member Name

         0          0          0          0          0          0   entry.o
         0          0          0          0          0          0   entry10a.o
         0          0          0          0          0          0   entry11a.o
         8          4          0          0          0          0   entry2.o
         4          0          0          0          0          0   entry5.o
         0          0          0          0          0          0   entry7b.o
         0          0          0          0          0          0   entry8b.o
         8          4          0          0          0          0   entry9a.o
        30          0          0          0          0          0   handlers.o
        36          8          0          0          0         68   init.o
         0          0          0          0          0          0   iusefp.o
        32          0          0          0          0         68   llshl.o
        38          0          0          0          0         68   llsshr.o
        34          0          0          0          0         68   llushr.o
        36          0          0          0          0         60   memcpya.o
        36          0          0          0          0        100   memseta.o
      2224         98          0          0          0        412   printfa.o
        44          0          0          0          0         72   uidiv.o
        96          0          0          0          0         84   uldiv.o
        40          2          0          0          0         68   cdrcmple.o
       356          4          0          0          0        140   dadd.o
       240          6          0          0          0         84   ddiv.o
       236          0          0          0          0        216   depilogue.o
        64         10          0          0          0         68   dfixul.o
       208          6          0          0          0         88   dmul.o

    ----------------------------------------------------------------------
      3774        142          0          0          0       1664   Library Totals
         4          0          0          0          0          0   (incl. Padding)

    ----------------------------------------------------------------------

      Code (inc. data)   RO Data    RW Data    ZI Data      Debug   Library Name

      2626        114          0          0          0       1000   mc_p.l
      1144         28          0          0          0        664   mf_p.l

    ----------------------------------------------------------------------
      3774        142          0          0          0       1664   Library Totals

    ----------------------------------------------------------------------

==============================================================================


      Code (inc. data)   RO Data    RW Data    ZI Data      Debug   

     13860       1118        440        148       4188     275293   Grand Totals
     13860       1118        440        148       4188     275293   ELF Image Totals
     13860       1118        440        148          0          0   ROM Totals

==============================================================================

    Total RO  Size (Code + RO Data)                14300 (  13.96kB)
    Total RW  Size (RW Data + ZI Data)              4336 (   4.23kB)
    Total ROM Size (Code + RO Data + RW Data)      14448 (  14.11kB)

==============================================================================

